
===========================================================================
report_checks -path_delay min (Hold)
============================================================================
Startpoint: _95521_ (rising edge-triggered flip-flop clocked by clk)
Endpoint: _95556_ (rising edge-triggered flip-flop clocked by clk)
Path Group: clk
Path Type: min

Fanout     Cap    Slew   Delay    Time   Description
-----------------------------------------------------------------------------
                          0.00    0.00   clock clk (rise edge)
                          0.00    0.00   clock source latency
                  0.44    0.32    0.32 ^ clk (in)
     1    0.10                           clk (net)
                  0.45    0.00    0.32 ^ clkbuf_0_clk/A (sky130_fd_sc_hd__clkbuf_16)
                  0.05    0.22    0.54 ^ clkbuf_0_clk/X (sky130_fd_sc_hd__clkbuf_16)
     2    0.02                           clknet_0_clk (net)
                  0.05    0.00    0.54 ^ clkbuf_1_0_0_clk/A (sky130_fd_sc_hd__clkbuf_8)
                  0.04    0.11    0.66 ^ clkbuf_1_0_0_clk/X (sky130_fd_sc_hd__clkbuf_8)
     1    0.01                           clknet_1_0_0_clk (net)
                  0.04    0.00    0.66 ^ clkbuf_1_0_1_clk/A (sky130_fd_sc_hd__clkbuf_8)
                  0.04    0.11    0.77 ^ clkbuf_1_0_1_clk/X (sky130_fd_sc_hd__clkbuf_8)
     1    0.01                           clknet_1_0_1_clk (net)
                  0.04    0.00    0.77 ^ clkbuf_1_0_2_clk/A (sky130_fd_sc_hd__clkbuf_8)
                  0.04    0.11    0.88 ^ clkbuf_1_0_2_clk/X (sky130_fd_sc_hd__clkbuf_8)
     1    0.01                           clknet_1_0_2_clk (net)
                  0.04    0.00    0.88 ^ clkbuf_1_0_3_clk/A (sky130_fd_sc_hd__clkbuf_8)
                  0.07    0.14    1.01 ^ clkbuf_1_0_3_clk/X (sky130_fd_sc_hd__clkbuf_8)
     2    0.03                           clknet_1_0_3_clk (net)
                  0.07    0.00    1.02 ^ clkbuf_2_0_0_clk/A (sky130_fd_sc_hd__clkbuf_8)
                  0.04    0.12    1.14 ^ clkbuf_2_0_0_clk/X (sky130_fd_sc_hd__clkbuf_8)
     1    0.01                           clknet_2_0_0_clk (net)
                  0.04    0.00    1.14 ^ clkbuf_2_0_1_clk/A (sky130_fd_sc_hd__clkbuf_8)
                  0.04    0.11    1.25 ^ clkbuf_2_0_1_clk/X (sky130_fd_sc_hd__clkbuf_8)
     1    0.01                           clknet_2_0_1_clk (net)
                  0.04    0.00    1.25 ^ clkbuf_2_0_2_clk/A (sky130_fd_sc_hd__clkbuf_8)
                  0.04    0.11    1.36 ^ clkbuf_2_0_2_clk/X (sky130_fd_sc_hd__clkbuf_8)
     1    0.01                           clknet_2_0_2_clk (net)
                  0.04    0.00    1.36 ^ clkbuf_2_0_3_clk/A (sky130_fd_sc_hd__clkbuf_8)
                  0.08    0.14    1.50 ^ clkbuf_2_0_3_clk/X (sky130_fd_sc_hd__clkbuf_8)
     2    0.04                           clknet_2_0_3_clk (net)
                  0.08    0.00    1.51 ^ clkbuf_3_1_0_clk/A (sky130_fd_sc_hd__clkbuf_8)
                  0.04    0.12    1.63 ^ clkbuf_3_1_0_clk/X (sky130_fd_sc_hd__clkbuf_8)
     1    0.01                           clknet_3_1_0_clk (net)
                  0.04    0.00    1.63 ^ clkbuf_3_1_1_clk/A (sky130_fd_sc_hd__clkbuf_8)
                  0.05    0.12    1.75 ^ clkbuf_3_1_1_clk/X (sky130_fd_sc_hd__clkbuf_8)
     2    0.02                           clknet_3_1_1_clk (net)
                  0.05    0.00    1.75 ^ clkbuf_4_3_0_clk/A (sky130_fd_sc_hd__clkbuf_8)
                  0.04    0.11    1.87 ^ clkbuf_4_3_0_clk/X (sky130_fd_sc_hd__clkbuf_8)
     1    0.01                           clknet_4_3_0_clk (net)
                  0.04    0.00    1.87 ^ clkbuf_4_3_1_clk/A (sky130_fd_sc_hd__clkbuf_8)
                  0.07    0.13    2.00 ^ clkbuf_4_3_1_clk/X (sky130_fd_sc_hd__clkbuf_8)
     2    0.03                           clknet_4_3_1_clk (net)
                  0.07    0.00    2.01 ^ clkbuf_5_7_0_clk/A (sky130_fd_sc_hd__clkbuf_8)
                  0.05    0.14    2.14 ^ clkbuf_5_7_0_clk/X (sky130_fd_sc_hd__clkbuf_8)
     2    0.02                           clknet_5_7_0_clk (net)
                  0.05    0.00    2.14 ^ clkbuf_6_15_0_clk/A (sky130_fd_sc_hd__clkbuf_8)
                  0.05    0.12    2.27 ^ clkbuf_6_15_0_clk/X (sky130_fd_sc_hd__clkbuf_8)
     2    0.02                           clknet_6_15_0_clk (net)
                  0.05    0.00    2.27 ^ clkbuf_7_31_0_clk/A (sky130_fd_sc_hd__clkbuf_8)
                  0.26    0.27    2.54 ^ clkbuf_7_31_0_clk/X (sky130_fd_sc_hd__clkbuf_8)
    14    0.15                           clknet_7_31_0_clk (net)
                  0.26    0.00    2.54 ^ clkbuf_leaf_257_clk/A (sky130_fd_sc_hd__clkbuf_16)
                  0.04    0.18    2.72 ^ clkbuf_leaf_257_clk/X (sky130_fd_sc_hd__clkbuf_16)
     6    0.01                           clknet_leaf_257_clk (net)
                  0.04    0.00    2.72 ^ _95521_/CLK (sky130_fd_sc_hd__dfxtp_2)
                  0.07    0.33    3.05 v _95521_/Q (sky130_fd_sc_hd__dfxtp_2)
     3    0.03                           l1dcache_u.S1_ADDR.dff_q[10] (net)
                  0.07    0.00    3.06 v _44834_/A (sky130_fd_sc_hd__nand2_4)
                  0.10    0.11    3.16 ^ _44834_/Y (sky130_fd_sc_hd__nand2_4)
     7    0.03                           _10526_ (net)
                  0.10    0.00    3.16 ^ _85392_/B (sky130_fd_sc_hd__nor2_1)
                  0.03    0.04    3.21 v _85392_/Y (sky130_fd_sc_hd__nor2_1)
     1    0.00                           _08483_ (net)
                  0.03    0.00    3.21 v _95556_/D (sky130_fd_sc_hd__dfxtp_1)
                                  3.21   data arrival time

                          0.00    0.00   clock clk (rise edge)
                          0.00    0.00   clock source latency
                  0.44    0.35    0.35 ^ clk (in)
     1    0.10                           clk (net)
                  0.45    0.00    0.35 ^ clkbuf_0_clk/A (sky130_fd_sc_hd__clkbuf_16)
                  0.05    0.24    0.60 ^ clkbuf_0_clk/X (sky130_fd_sc_hd__clkbuf_16)
     2    0.02                           clknet_0_clk (net)
                  0.05    0.00    0.60 ^ clkbuf_1_0_0_clk/A (sky130_fd_sc_hd__clkbuf_8)
                  0.04    0.13    0.73 ^ clkbuf_1_0_0_clk/X (sky130_fd_sc_hd__clkbuf_8)
     1    0.01                           clknet_1_0_0_clk (net)
                  0.04    0.00    0.73 ^ clkbuf_1_0_1_clk/A (sky130_fd_sc_hd__clkbuf_8)
                  0.04    0.12    0.85 ^ clkbuf_1_0_1_clk/X (sky130_fd_sc_hd__clkbuf_8)
     1    0.01                           clknet_1_0_1_clk (net)
                  0.04    0.00    0.85 ^ clkbuf_1_0_2_clk/A (sky130_fd_sc_hd__clkbuf_8)
                  0.04    0.12    0.97 ^ clkbuf_1_0_2_clk/X (sky130_fd_sc_hd__clkbuf_8)
     1    0.01                           clknet_1_0_2_clk (net)
                  0.04    0.00    0.97 ^ clkbuf_1_0_3_clk/A (sky130_fd_sc_hd__clkbuf_8)
                  0.07    0.15    1.12 ^ clkbuf_1_0_3_clk/X (sky130_fd_sc_hd__clkbuf_8)
     2    0.03                           clknet_1_0_3_clk (net)
                  0.07    0.00    1.13 ^ clkbuf_2_1_0_clk/A (sky130_fd_sc_hd__clkbuf_8)
                  0.04    0.13    1.26 ^ clkbuf_2_1_0_clk/X (sky130_fd_sc_hd__clkbuf_8)
     1    0.01                           clknet_2_1_0_clk (net)
                  0.04    0.00    1.26 ^ clkbuf_2_1_1_clk/A (sky130_fd_sc_hd__clkbuf_8)
                  0.04    0.12    1.38 ^ clkbuf_2_1_1_clk/X (sky130_fd_sc_hd__clkbuf_8)
     1    0.01                           clknet_2_1_1_clk (net)
                  0.04    0.00    1.38 ^ clkbuf_2_1_2_clk/A (sky130_fd_sc_hd__clkbuf_8)
                  0.04    0.12    1.50 ^ clkbuf_2_1_2_clk/X (sky130_fd_sc_hd__clkbuf_8)
     1    0.01                           clknet_2_1_2_clk (net)
                  0.04    0.00    1.50 ^ clkbuf_2_1_3_clk/A (sky130_fd_sc_hd__clkbuf_8)
                  0.08    0.16    1.66 ^ clkbuf_2_1_3_clk/X (sky130_fd_sc_hd__clkbuf_8)
     2    0.04                           clknet_2_1_3_clk (net)
                  0.08    0.00    1.67 ^ clkbuf_3_3_0_clk/A (sky130_fd_sc_hd__clkbuf_8)
                  0.04    0.14    1.80 ^ clkbuf_3_3_0_clk/X (sky130_fd_sc_hd__clkbuf_8)
     1    0.01                           clknet_3_3_0_clk (net)
                  0.04    0.00    1.80 ^ clkbuf_3_3_1_clk/A (sky130_fd_sc_hd__clkbuf_8)
                  0.06    0.14    1.95 ^ clkbuf_3_3_1_clk/X (sky130_fd_sc_hd__clkbuf_8)
     2    0.03                           clknet_3_3_1_clk (net)
                  0.06    0.00    1.95 ^ clkbuf_4_6_0_clk/A (sky130_fd_sc_hd__clkbuf_8)
                  0.04    0.13    2.08 ^ clkbuf_4_6_0_clk/X (sky130_fd_sc_hd__clkbuf_8)
     1    0.01                           clknet_4_6_0_clk (net)
                  0.04    0.00    2.08 ^ clkbuf_4_6_1_clk/A (sky130_fd_sc_hd__clkbuf_8)
                  0.07    0.15    2.23 ^ clkbuf_4_6_1_clk/X (sky130_fd_sc_hd__clkbuf_8)
     2    0.03                           clknet_4_6_1_clk (net)
                  0.07    0.00    2.23 ^ clkbuf_5_13_0_clk/A (sky130_fd_sc_hd__clkbuf_8)
                  0.05    0.15    2.38 ^ clkbuf_5_13_0_clk/X (sky130_fd_sc_hd__clkbuf_8)
     2    0.02                           clknet_5_13_0_clk (net)
                  0.05    0.00    2.38 ^ clkbuf_6_26_0_clk/A (sky130_fd_sc_hd__clkbuf_8)
                  0.05    0.14    2.52 ^ clkbuf_6_26_0_clk/X (sky130_fd_sc_hd__clkbuf_8)
     2    0.02                           clknet_6_26_0_clk (net)
                  0.05    0.00    2.52 ^ clkbuf_7_53_0_clk/A (sky130_fd_sc_hd__clkbuf_8)
                  0.27    0.31    2.83 ^ clkbuf_7_53_0_clk/X (sky130_fd_sc_hd__clkbuf_8)
    16    0.16                           clknet_7_53_0_clk (net)
                  0.27    0.01    2.84 ^ clkbuf_opt_21_0_clk/A (sky130_fd_sc_hd__clkbuf_16)
                  0.04    0.20    3.05 ^ clkbuf_opt_21_0_clk/X (sky130_fd_sc_hd__clkbuf_16)
     1    0.01                           clknet_opt_21_0_clk (net)
                  0.04    0.00    3.05 ^ clkbuf_opt_21_1_clk/A (sky130_fd_sc_hd__clkbuf_16)
                  0.04    0.12    3.17 ^ clkbuf_opt_21_1_clk/X (sky130_fd_sc_hd__clkbuf_16)
     1    0.01                           clknet_opt_21_1_clk (net)
                  0.04    0.00    3.17 ^ clkbuf_opt_21_2_clk/A (sky130_fd_sc_hd__clkbuf_16)
                  0.04    0.12    3.29 ^ clkbuf_opt_21_2_clk/X (sky130_fd_sc_hd__clkbuf_16)
     1    0.01                           clknet_opt_21_2_clk (net)
                  0.04    0.00    3.29 ^ clkbuf_leaf_263_clk/A (sky130_fd_sc_hd__clkbuf_16)
                  0.05    0.14    3.43 ^ clkbuf_leaf_263_clk/X (sky130_fd_sc_hd__clkbuf_16)
    10    0.03                           clknet_leaf_263_clk (net)
                  0.05    0.00    3.43 ^ _95556_/CLK (sky130_fd_sc_hd__dfxtp_1)
                          0.25    3.68   clock uncertainty
                         -0.11    3.57   clock reconvergence pessimism
                         -0.05    3.53   library hold time
                                  3.53   data required time
-----------------------------------------------------------------------------
                                  3.53   data required time
                                 -3.21   data arrival time
-----------------------------------------------------------------------------
                                 -0.32   slack (VIOLATED)


Startpoint: _95258_ (rising edge-triggered flip-flop clocked by clk)
Endpoint: _95272_ (rising edge-triggered flip-flop clocked by clk)
Path Group: clk
Path Type: min

Fanout     Cap    Slew   Delay    Time   Description
-----------------------------------------------------------------------------
                          0.00    0.00   clock clk (rise edge)
                          0.00    0.00   clock source latency
                  0.44    0.32    0.32 ^ clk (in)
     1    0.10                           clk (net)
                  0.45    0.00    0.32 ^ clkbuf_0_clk/A (sky130_fd_sc_hd__clkbuf_16)
                  0.05    0.22    0.54 ^ clkbuf_0_clk/X (sky130_fd_sc_hd__clkbuf_16)
     2    0.02                           clknet_0_clk (net)
                  0.05    0.00    0.54 ^ clkbuf_1_0_0_clk/A (sky130_fd_sc_hd__clkbuf_8)
                  0.04    0.11    0.66 ^ clkbuf_1_0_0_clk/X (sky130_fd_sc_hd__clkbuf_8)
     1    0.01                           clknet_1_0_0_clk (net)
                  0.04    0.00    0.66 ^ clkbuf_1_0_1_clk/A (sky130_fd_sc_hd__clkbuf_8)
                  0.04    0.11    0.77 ^ clkbuf_1_0_1_clk/X (sky130_fd_sc_hd__clkbuf_8)
     1    0.01                           clknet_1_0_1_clk (net)
                  0.04    0.00    0.77 ^ clkbuf_1_0_2_clk/A (sky130_fd_sc_hd__clkbuf_8)
                  0.04    0.11    0.88 ^ clkbuf_1_0_2_clk/X (sky130_fd_sc_hd__clkbuf_8)
     1    0.01                           clknet_1_0_2_clk (net)
                  0.04    0.00    0.88 ^ clkbuf_1_0_3_clk/A (sky130_fd_sc_hd__clkbuf_8)
                  0.07    0.14    1.01 ^ clkbuf_1_0_3_clk/X (sky130_fd_sc_hd__clkbuf_8)
     2    0.03                           clknet_1_0_3_clk (net)
                  0.07    0.00    1.02 ^ clkbuf_2_0_0_clk/A (sky130_fd_sc_hd__clkbuf_8)
                  0.04    0.12    1.14 ^ clkbuf_2_0_0_clk/X (sky130_fd_sc_hd__clkbuf_8)
     1    0.01                           clknet_2_0_0_clk (net)
                  0.04    0.00    1.14 ^ clkbuf_2_0_1_clk/A (sky130_fd_sc_hd__clkbuf_8)
                  0.04    0.11    1.25 ^ clkbuf_2_0_1_clk/X (sky130_fd_sc_hd__clkbuf_8)
     1    0.01                           clknet_2_0_1_clk (net)
                  0.04    0.00    1.25 ^ clkbuf_2_0_2_clk/A (sky130_fd_sc_hd__clkbuf_8)
                  0.04    0.11    1.36 ^ clkbuf_2_0_2_clk/X (sky130_fd_sc_hd__clkbuf_8)
     1    0.01                           clknet_2_0_2_clk (net)
                  0.04    0.00    1.36 ^ clkbuf_2_0_3_clk/A (sky130_fd_sc_hd__clkbuf_8)
                  0.08    0.14    1.50 ^ clkbuf_2_0_3_clk/X (sky130_fd_sc_hd__clkbuf_8)
     2    0.04                           clknet_2_0_3_clk (net)
                  0.08    0.00    1.51 ^ clkbuf_3_1_0_clk/A (sky130_fd_sc_hd__clkbuf_8)
                  0.04    0.12    1.63 ^ clkbuf_3_1_0_clk/X (sky130_fd_sc_hd__clkbuf_8)
     1    0.01                           clknet_3_1_0_clk (net)
                  0.04    0.00    1.63 ^ clkbuf_3_1_1_clk/A (sky130_fd_sc_hd__clkbuf_8)
                  0.05    0.12    1.75 ^ clkbuf_3_1_1_clk/X (sky130_fd_sc_hd__clkbuf_8)
     2    0.02                           clknet_3_1_1_clk (net)
                  0.05    0.00    1.75 ^ clkbuf_4_3_0_clk/A (sky130_fd_sc_hd__clkbuf_8)
                  0.04    0.11    1.87 ^ clkbuf_4_3_0_clk/X (sky130_fd_sc_hd__clkbuf_8)
     1    0.01                           clknet_4_3_0_clk (net)
                  0.04    0.00    1.87 ^ clkbuf_4_3_1_clk/A (sky130_fd_sc_hd__clkbuf_8)
                  0.07    0.13    2.00 ^ clkbuf_4_3_1_clk/X (sky130_fd_sc_hd__clkbuf_8)
     2    0.03                           clknet_4_3_1_clk (net)
                  0.07    0.00    2.01 ^ clkbuf_5_7_0_clk/A (sky130_fd_sc_hd__clkbuf_8)
                  0.05    0.14    2.14 ^ clkbuf_5_7_0_clk/X (sky130_fd_sc_hd__clkbuf_8)
     2    0.02                           clknet_5_7_0_clk (net)
                  0.05    0.00    2.14 ^ clkbuf_6_15_0_clk/A (sky130_fd_sc_hd__clkbuf_8)
                  0.05    0.12    2.27 ^ clkbuf_6_15_0_clk/X (sky130_fd_sc_hd__clkbuf_8)
     2    0.02                           clknet_6_15_0_clk (net)
                  0.05    0.00    2.27 ^ clkbuf_7_31_0_clk/A (sky130_fd_sc_hd__clkbuf_8)
                  0.26    0.27    2.54 ^ clkbuf_7_31_0_clk/X (sky130_fd_sc_hd__clkbuf_8)
    14    0.15                           clknet_7_31_0_clk (net)
                  0.26    0.00    2.54 ^ clkbuf_leaf_259_clk/A (sky130_fd_sc_hd__clkbuf_16)
                  0.05    0.19    2.74 ^ clkbuf_leaf_259_clk/X (sky130_fd_sc_hd__clkbuf_16)
    10    0.03                           clknet_leaf_259_clk (net)
                  0.05    0.00    2.74 ^ _95258_/CLK (sky130_fd_sc_hd__dfxtp_1)
                  0.06    0.30    3.04 ^ _95258_/Q (sky130_fd_sc_hd__dfxtp_1)
     2    0.00                           l1dcache_u.S2_ADDR.dff_q[5] (net)
                  0.06    0.00    3.04 ^ _85014_/B (sky130_fd_sc_hd__and3_1)
                  0.05    0.14    3.17 ^ _85014_/X (sky130_fd_sc_hd__and3_1)
     1    0.00                           _42148_ (net)
                  0.05    0.00    3.17 ^ _85015_/A (sky130_fd_sc_hd__clkbuf_1)
                  0.04    0.07    3.25 ^ _85015_/X (sky130_fd_sc_hd__clkbuf_1)
     1    0.00                           _08301_ (net)
                  0.04    0.00    3.25 ^ _95272_/D (sky130_fd_sc_hd__dfxtp_1)
                                  3.25   data arrival time

                          0.00    0.00   clock clk (rise edge)
                          0.00    0.00   clock source latency
                  0.44    0.35    0.35 ^ clk (in)
     1    0.10                           clk (net)
                  0.45    0.00    0.35 ^ clkbuf_0_clk/A (sky130_fd_sc_hd__clkbuf_16)
                  0.05    0.24    0.60 ^ clkbuf_0_clk/X (sky130_fd_sc_hd__clkbuf_16)
     2    0.02                           clknet_0_clk (net)
                  0.05    0.00    0.60 ^ clkbuf_1_0_0_clk/A (sky130_fd_sc_hd__clkbuf_8)
                  0.04    0.13    0.73 ^ clkbuf_1_0_0_clk/X (sky130_fd_sc_hd__clkbuf_8)
     1    0.01                           clknet_1_0_0_clk (net)
                  0.04    0.00    0.73 ^ clkbuf_1_0_1_clk/A (sky130_fd_sc_hd__clkbuf_8)
                  0.04    0.12    0.85 ^ clkbuf_1_0_1_clk/X (sky130_fd_sc_hd__clkbuf_8)
     1    0.01                           clknet_1_0_1_clk (net)
                  0.04    0.00    0.85 ^ clkbuf_1_0_2_clk/A (sky130_fd_sc_hd__clkbuf_8)
                  0.04    0.12    0.97 ^ clkbuf_1_0_2_clk/X (sky130_fd_sc_hd__clkbuf_8)
     1    0.01                           clknet_1_0_2_clk (net)
                  0.04    0.00    0.97 ^ clkbuf_1_0_3_clk/A (sky130_fd_sc_hd__clkbuf_8)
                  0.07    0.15    1.12 ^ clkbuf_1_0_3_clk/X (sky130_fd_sc_hd__clkbuf_8)
     2    0.03                           clknet_1_0_3_clk (net)
                  0.07    0.00    1.13 ^ clkbuf_2_1_0_clk/A (sky130_fd_sc_hd__clkbuf_8)
                  0.04    0.13    1.26 ^ clkbuf_2_1_0_clk/X (sky130_fd_sc_hd__clkbuf_8)
     1    0.01                           clknet_2_1_0_clk (net)
                  0.04    0.00    1.26 ^ clkbuf_2_1_1_clk/A (sky130_fd_sc_hd__clkbuf_8)
                  0.04    0.12    1.38 ^ clkbuf_2_1_1_clk/X (sky130_fd_sc_hd__clkbuf_8)
     1    0.01                           clknet_2_1_1_clk (net)
                  0.04    0.00    1.38 ^ clkbuf_2_1_2_clk/A (sky130_fd_sc_hd__clkbuf_8)
                  0.04    0.12    1.50 ^ clkbuf_2_1_2_clk/X (sky130_fd_sc_hd__clkbuf_8)
     1    0.01                           clknet_2_1_2_clk (net)
                  0.04    0.00    1.50 ^ clkbuf_2_1_3_clk/A (sky130_fd_sc_hd__clkbuf_8)
                  0.08    0.16    1.66 ^ clkbuf_2_1_3_clk/X (sky130_fd_sc_hd__clkbuf_8)
     2    0.04                           clknet_2_1_3_clk (net)
                  0.08    0.00    1.67 ^ clkbuf_3_3_0_clk/A (sky130_fd_sc_hd__clkbuf_8)
                  0.04    0.14    1.80 ^ clkbuf_3_3_0_clk/X (sky130_fd_sc_hd__clkbuf_8)
     1    0.01                           clknet_3_3_0_clk (net)
                  0.04    0.00    1.80 ^ clkbuf_3_3_1_clk/A (sky130_fd_sc_hd__clkbuf_8)
                  0.06    0.14    1.95 ^ clkbuf_3_3_1_clk/X (sky130_fd_sc_hd__clkbuf_8)
     2    0.03                           clknet_3_3_1_clk (net)
                  0.06    0.00    1.95 ^ clkbuf_4_6_0_clk/A (sky130_fd_sc_hd__clkbuf_8)
                  0.04    0.13    2.08 ^ clkbuf_4_6_0_clk/X (sky130_fd_sc_hd__clkbuf_8)
     1    0.01                           clknet_4_6_0_clk (net)
                  0.04    0.00    2.08 ^ clkbuf_4_6_1_clk/A (sky130_fd_sc_hd__clkbuf_8)
                  0.07    0.15    2.23 ^ clkbuf_4_6_1_clk/X (sky130_fd_sc_hd__clkbuf_8)
     2    0.03                           clknet_4_6_1_clk (net)
                  0.07    0.00    2.23 ^ clkbuf_5_13_0_clk/A (sky130_fd_sc_hd__clkbuf_8)
                  0.05    0.15    2.38 ^ clkbuf_5_13_0_clk/X (sky130_fd_sc_hd__clkbuf_8)
     2    0.02                           clknet_5_13_0_clk (net)
                  0.05    0.00    2.38 ^ clkbuf_6_26_0_clk/A (sky130_fd_sc_hd__clkbuf_8)
                  0.05    0.14    2.52 ^ clkbuf_6_26_0_clk/X (sky130_fd_sc_hd__clkbuf_8)
     2    0.02                           clknet_6_26_0_clk (net)
                  0.05    0.00    2.52 ^ clkbuf_7_53_0_clk/A (sky130_fd_sc_hd__clkbuf_8)
                  0.27    0.31    2.83 ^ clkbuf_7_53_0_clk/X (sky130_fd_sc_hd__clkbuf_8)
    16    0.16                           clknet_7_53_0_clk (net)
                  0.27    0.01    2.84 ^ clkbuf_opt_21_0_clk/A (sky130_fd_sc_hd__clkbuf_16)
                  0.04    0.20    3.05 ^ clkbuf_opt_21_0_clk/X (sky130_fd_sc_hd__clkbuf_16)
     1    0.01                           clknet_opt_21_0_clk (net)
                  0.04    0.00    3.05 ^ clkbuf_opt_21_1_clk/A (sky130_fd_sc_hd__clkbuf_16)
                  0.04    0.12    3.17 ^ clkbuf_opt_21_1_clk/X (sky130_fd_sc_hd__clkbuf_16)
     1    0.01                           clknet_opt_21_1_clk (net)
                  0.04    0.00    3.17 ^ clkbuf_opt_21_2_clk/A (sky130_fd_sc_hd__clkbuf_16)
                  0.04    0.12    3.29 ^ clkbuf_opt_21_2_clk/X (sky130_fd_sc_hd__clkbuf_16)
     1    0.01                           clknet_opt_21_2_clk (net)
                  0.04    0.00    3.29 ^ clkbuf_leaf_263_clk/A (sky130_fd_sc_hd__clkbuf_16)
                  0.05    0.14    3.43 ^ clkbuf_leaf_263_clk/X (sky130_fd_sc_hd__clkbuf_16)
    10    0.03                           clknet_leaf_263_clk (net)
                  0.05    0.00    3.43 ^ _95272_/CLK (sky130_fd_sc_hd__dfxtp_1)
                          0.25    3.68   clock uncertainty
                         -0.11    3.57   clock reconvergence pessimism
                         -0.03    3.54   library hold time
                                  3.54   data required time
-----------------------------------------------------------------------------
                                  3.54   data required time
                                 -3.25   data arrival time
-----------------------------------------------------------------------------
                                 -0.30   slack (VIOLATED)


Startpoint: _95414_ (rising edge-triggered flip-flop clocked by clk)
Endpoint: _95515_ (rising edge-triggered flip-flop clocked by clk)
Path Group: clk
Path Type: min

Fanout     Cap    Slew   Delay    Time   Description
-----------------------------------------------------------------------------
                          0.00    0.00   clock clk (rise edge)
                          0.00    0.00   clock source latency
                  0.44    0.32    0.32 ^ clk (in)
     1    0.10                           clk (net)
                  0.45    0.00    0.32 ^ clkbuf_0_clk/A (sky130_fd_sc_hd__clkbuf_16)
                  0.05    0.22    0.54 ^ clkbuf_0_clk/X (sky130_fd_sc_hd__clkbuf_16)
     2    0.02                           clknet_0_clk (net)
                  0.05    0.00    0.54 ^ clkbuf_1_0_0_clk/A (sky130_fd_sc_hd__clkbuf_8)
                  0.04    0.11    0.66 ^ clkbuf_1_0_0_clk/X (sky130_fd_sc_hd__clkbuf_8)
     1    0.01                           clknet_1_0_0_clk (net)
                  0.04    0.00    0.66 ^ clkbuf_1_0_1_clk/A (sky130_fd_sc_hd__clkbuf_8)
                  0.04    0.11    0.77 ^ clkbuf_1_0_1_clk/X (sky130_fd_sc_hd__clkbuf_8)
     1    0.01                           clknet_1_0_1_clk (net)
                  0.04    0.00    0.77 ^ clkbuf_1_0_2_clk/A (sky130_fd_sc_hd__clkbuf_8)
                  0.04    0.11    0.88 ^ clkbuf_1_0_2_clk/X (sky130_fd_sc_hd__clkbuf_8)
     1    0.01                           clknet_1_0_2_clk (net)
                  0.04    0.00    0.88 ^ clkbuf_1_0_3_clk/A (sky130_fd_sc_hd__clkbuf_8)
                  0.07    0.14    1.01 ^ clkbuf_1_0_3_clk/X (sky130_fd_sc_hd__clkbuf_8)
     2    0.03                           clknet_1_0_3_clk (net)
                  0.07    0.00    1.02 ^ clkbuf_2_0_0_clk/A (sky130_fd_sc_hd__clkbuf_8)
                  0.04    0.12    1.14 ^ clkbuf_2_0_0_clk/X (sky130_fd_sc_hd__clkbuf_8)
     1    0.01                           clknet_2_0_0_clk (net)
                  0.04    0.00    1.14 ^ clkbuf_2_0_1_clk/A (sky130_fd_sc_hd__clkbuf_8)
                  0.04    0.11    1.25 ^ clkbuf_2_0_1_clk/X (sky130_fd_sc_hd__clkbuf_8)
     1    0.01                           clknet_2_0_1_clk (net)
                  0.04    0.00    1.25 ^ clkbuf_2_0_2_clk/A (sky130_fd_sc_hd__clkbuf_8)
                  0.04    0.11    1.36 ^ clkbuf_2_0_2_clk/X (sky130_fd_sc_hd__clkbuf_8)
     1    0.01                           clknet_2_0_2_clk (net)
                  0.04    0.00    1.36 ^ clkbuf_2_0_3_clk/A (sky130_fd_sc_hd__clkbuf_8)
                  0.08    0.14    1.50 ^ clkbuf_2_0_3_clk/X (sky130_fd_sc_hd__clkbuf_8)
     2    0.04                           clknet_2_0_3_clk (net)
                  0.08    0.00    1.51 ^ clkbuf_3_1_0_clk/A (sky130_fd_sc_hd__clkbuf_8)
                  0.04    0.12    1.63 ^ clkbuf_3_1_0_clk/X (sky130_fd_sc_hd__clkbuf_8)
     1    0.01                           clknet_3_1_0_clk (net)
                  0.04    0.00    1.63 ^ clkbuf_3_1_1_clk/A (sky130_fd_sc_hd__clkbuf_8)
                  0.05    0.12    1.75 ^ clkbuf_3_1_1_clk/X (sky130_fd_sc_hd__clkbuf_8)
     2    0.02                           clknet_3_1_1_clk (net)
                  0.05    0.00    1.75 ^ clkbuf_4_3_0_clk/A (sky130_fd_sc_hd__clkbuf_8)
                  0.04    0.11    1.87 ^ clkbuf_4_3_0_clk/X (sky130_fd_sc_hd__clkbuf_8)
     1    0.01                           clknet_4_3_0_clk (net)
                  0.04    0.00    1.87 ^ clkbuf_4_3_1_clk/A (sky130_fd_sc_hd__clkbuf_8)
                  0.07    0.13    2.00 ^ clkbuf_4_3_1_clk/X (sky130_fd_sc_hd__clkbuf_8)
     2    0.03                           clknet_4_3_1_clk (net)
                  0.07    0.00    2.01 ^ clkbuf_5_7_0_clk/A (sky130_fd_sc_hd__clkbuf_8)
                  0.05    0.14    2.14 ^ clkbuf_5_7_0_clk/X (sky130_fd_sc_hd__clkbuf_8)
     2    0.02                           clknet_5_7_0_clk (net)
                  0.05    0.00    2.14 ^ clkbuf_6_15_0_clk/A (sky130_fd_sc_hd__clkbuf_8)
                  0.05    0.12    2.27 ^ clkbuf_6_15_0_clk/X (sky130_fd_sc_hd__clkbuf_8)
     2    0.02                           clknet_6_15_0_clk (net)
                  0.05    0.00    2.27 ^ clkbuf_7_31_0_clk/A (sky130_fd_sc_hd__clkbuf_8)
                  0.26    0.27    2.54 ^ clkbuf_7_31_0_clk/X (sky130_fd_sc_hd__clkbuf_8)
    14    0.15                           clknet_7_31_0_clk (net)
                  0.26    0.00    2.54 ^ clkbuf_leaf_259_clk/A (sky130_fd_sc_hd__clkbuf_16)
                  0.05    0.19    2.74 ^ clkbuf_leaf_259_clk/X (sky130_fd_sc_hd__clkbuf_16)
    10    0.03                           clknet_leaf_259_clk (net)
                  0.05    0.00    2.74 ^ _95414_/CLK (sky130_fd_sc_hd__dfxtp_1)
                  0.04    0.28    3.02 ^ _95414_/Q (sky130_fd_sc_hd__dfxtp_1)
     1    0.00                           l1dcache_u.S1_ADDR_Q.dff_q[4] (net)
                  0.04    0.00    3.02 ^ _46414_/A (sky130_fd_sc_hd__or2_1)
                  0.04    0.08    3.10 ^ _46414_/X (sky130_fd_sc_hd__or2_1)
     1    0.00                           _11876_ (net)
                  0.04    0.00    3.10 ^ _46417_/A3 (sky130_fd_sc_hd__a31o_1)
                  0.06    0.14    3.24 ^ _46417_/X (sky130_fd_sc_hd__a31o_1)
     2    0.00                           l1dcache_u.S1_ADDR.d[4] (net)
                  0.06    0.00    3.24 ^ _95515_/D (sky130_fd_sc_hd__dfxtp_1)
                                  3.24   data arrival time

                          0.00    0.00   clock clk (rise edge)
                          0.00    0.00   clock source latency
                  0.44    0.35    0.35 ^ clk (in)
     1    0.10                           clk (net)
                  0.45    0.00    0.35 ^ clkbuf_0_clk/A (sky130_fd_sc_hd__clkbuf_16)
                  0.05    0.24    0.60 ^ clkbuf_0_clk/X (sky130_fd_sc_hd__clkbuf_16)
     2    0.02                           clknet_0_clk (net)
                  0.05    0.00    0.60 ^ clkbuf_1_0_0_clk/A (sky130_fd_sc_hd__clkbuf_8)
                  0.04    0.13    0.73 ^ clkbuf_1_0_0_clk/X (sky130_fd_sc_hd__clkbuf_8)
     1    0.01                           clknet_1_0_0_clk (net)
                  0.04    0.00    0.73 ^ clkbuf_1_0_1_clk/A (sky130_fd_sc_hd__clkbuf_8)
                  0.04    0.12    0.85 ^ clkbuf_1_0_1_clk/X (sky130_fd_sc_hd__clkbuf_8)
     1    0.01                           clknet_1_0_1_clk (net)
                  0.04    0.00    0.85 ^ clkbuf_1_0_2_clk/A (sky130_fd_sc_hd__clkbuf_8)
                  0.04    0.12    0.97 ^ clkbuf_1_0_2_clk/X (sky130_fd_sc_hd__clkbuf_8)
     1    0.01                           clknet_1_0_2_clk (net)
                  0.04    0.00    0.97 ^ clkbuf_1_0_3_clk/A (sky130_fd_sc_hd__clkbuf_8)
                  0.07    0.15    1.12 ^ clkbuf_1_0_3_clk/X (sky130_fd_sc_hd__clkbuf_8)
     2    0.03                           clknet_1_0_3_clk (net)
                  0.07    0.00    1.13 ^ clkbuf_2_1_0_clk/A (sky130_fd_sc_hd__clkbuf_8)
                  0.04    0.13    1.26 ^ clkbuf_2_1_0_clk/X (sky130_fd_sc_hd__clkbuf_8)
     1    0.01                           clknet_2_1_0_clk (net)
                  0.04    0.00    1.26 ^ clkbuf_2_1_1_clk/A (sky130_fd_sc_hd__clkbuf_8)
                  0.04    0.12    1.38 ^ clkbuf_2_1_1_clk/X (sky130_fd_sc_hd__clkbuf_8)
     1    0.01                           clknet_2_1_1_clk (net)
                  0.04    0.00    1.38 ^ clkbuf_2_1_2_clk/A (sky130_fd_sc_hd__clkbuf_8)
                  0.04    0.12    1.50 ^ clkbuf_2_1_2_clk/X (sky130_fd_sc_hd__clkbuf_8)
     1    0.01                           clknet_2_1_2_clk (net)
                  0.04    0.00    1.50 ^ clkbuf_2_1_3_clk/A (sky130_fd_sc_hd__clkbuf_8)
                  0.08    0.16    1.66 ^ clkbuf_2_1_3_clk/X (sky130_fd_sc_hd__clkbuf_8)
     2    0.04                           clknet_2_1_3_clk (net)
                  0.08    0.00    1.67 ^ clkbuf_3_3_0_clk/A (sky130_fd_sc_hd__clkbuf_8)
                  0.04    0.14    1.80 ^ clkbuf_3_3_0_clk/X (sky130_fd_sc_hd__clkbuf_8)
     1    0.01                           clknet_3_3_0_clk (net)
                  0.04    0.00    1.80 ^ clkbuf_3_3_1_clk/A (sky130_fd_sc_hd__clkbuf_8)
                  0.06    0.14    1.95 ^ clkbuf_3_3_1_clk/X (sky130_fd_sc_hd__clkbuf_8)
     2    0.03                           clknet_3_3_1_clk (net)
                  0.06    0.00    1.95 ^ clkbuf_4_6_0_clk/A (sky130_fd_sc_hd__clkbuf_8)
                  0.04    0.13    2.08 ^ clkbuf_4_6_0_clk/X (sky130_fd_sc_hd__clkbuf_8)
     1    0.01                           clknet_4_6_0_clk (net)
                  0.04    0.00    2.08 ^ clkbuf_4_6_1_clk/A (sky130_fd_sc_hd__clkbuf_8)
                  0.07    0.15    2.23 ^ clkbuf_4_6_1_clk/X (sky130_fd_sc_hd__clkbuf_8)
     2    0.03                           clknet_4_6_1_clk (net)
                  0.07    0.00    2.23 ^ clkbuf_5_13_0_clk/A (sky130_fd_sc_hd__clkbuf_8)
                  0.05    0.15    2.38 ^ clkbuf_5_13_0_clk/X (sky130_fd_sc_hd__clkbuf_8)
     2    0.02                           clknet_5_13_0_clk (net)
                  0.05    0.00    2.38 ^ clkbuf_6_26_0_clk/A (sky130_fd_sc_hd__clkbuf_8)
                  0.05    0.14    2.52 ^ clkbuf_6_26_0_clk/X (sky130_fd_sc_hd__clkbuf_8)
     2    0.02                           clknet_6_26_0_clk (net)
                  0.05    0.00    2.52 ^ clkbuf_7_53_0_clk/A (sky130_fd_sc_hd__clkbuf_8)
                  0.27    0.31    2.83 ^ clkbuf_7_53_0_clk/X (sky130_fd_sc_hd__clkbuf_8)
    16    0.16                           clknet_7_53_0_clk (net)
                  0.27    0.01    2.84 ^ clkbuf_opt_21_0_clk/A (sky130_fd_sc_hd__clkbuf_16)
                  0.04    0.20    3.05 ^ clkbuf_opt_21_0_clk/X (sky130_fd_sc_hd__clkbuf_16)
     1    0.01                           clknet_opt_21_0_clk (net)
                  0.04    0.00    3.05 ^ clkbuf_opt_21_1_clk/A (sky130_fd_sc_hd__clkbuf_16)
                  0.04    0.12    3.17 ^ clkbuf_opt_21_1_clk/X (sky130_fd_sc_hd__clkbuf_16)
     1    0.01                           clknet_opt_21_1_clk (net)
                  0.04    0.00    3.17 ^ clkbuf_opt_21_2_clk/A (sky130_fd_sc_hd__clkbuf_16)
                  0.04    0.12    3.29 ^ clkbuf_opt_21_2_clk/X (sky130_fd_sc_hd__clkbuf_16)
     1    0.01                           clknet_opt_21_2_clk (net)
                  0.04    0.00    3.29 ^ clkbuf_leaf_263_clk/A (sky130_fd_sc_hd__clkbuf_16)
                  0.05    0.14    3.43 ^ clkbuf_leaf_263_clk/X (sky130_fd_sc_hd__clkbuf_16)
    10    0.03                           clknet_leaf_263_clk (net)
                  0.05    0.00    3.43 ^ _95515_/CLK (sky130_fd_sc_hd__dfxtp_1)
                          0.25    3.68   clock uncertainty
                         -0.11    3.57   clock reconvergence pessimism
                         -0.03    3.54   library hold time
                                  3.54   data required time
-----------------------------------------------------------------------------
                                  3.54   data required time
                                 -3.24   data arrival time
-----------------------------------------------------------------------------
                                 -0.29   slack (VIOLATED)


Startpoint: _95519_ (rising edge-triggered flip-flop clocked by clk)
Endpoint: _95554_ (rising edge-triggered flip-flop clocked by clk)
Path Group: clk
Path Type: min

Fanout     Cap    Slew   Delay    Time   Description
-----------------------------------------------------------------------------
                          0.00    0.00   clock clk (rise edge)
                          0.00    0.00   clock source latency
                  0.44    0.32    0.32 ^ clk (in)
     1    0.10                           clk (net)
                  0.45    0.00    0.32 ^ clkbuf_0_clk/A (sky130_fd_sc_hd__clkbuf_16)
                  0.05    0.22    0.54 ^ clkbuf_0_clk/X (sky130_fd_sc_hd__clkbuf_16)
     2    0.02                           clknet_0_clk (net)
                  0.05    0.00    0.54 ^ clkbuf_1_0_0_clk/A (sky130_fd_sc_hd__clkbuf_8)
                  0.04    0.11    0.66 ^ clkbuf_1_0_0_clk/X (sky130_fd_sc_hd__clkbuf_8)
     1    0.01                           clknet_1_0_0_clk (net)
                  0.04    0.00    0.66 ^ clkbuf_1_0_1_clk/A (sky130_fd_sc_hd__clkbuf_8)
                  0.04    0.11    0.77 ^ clkbuf_1_0_1_clk/X (sky130_fd_sc_hd__clkbuf_8)
     1    0.01                           clknet_1_0_1_clk (net)
                  0.04    0.00    0.77 ^ clkbuf_1_0_2_clk/A (sky130_fd_sc_hd__clkbuf_8)
                  0.04    0.11    0.88 ^ clkbuf_1_0_2_clk/X (sky130_fd_sc_hd__clkbuf_8)
     1    0.01                           clknet_1_0_2_clk (net)
                  0.04    0.00    0.88 ^ clkbuf_1_0_3_clk/A (sky130_fd_sc_hd__clkbuf_8)
                  0.07    0.14    1.01 ^ clkbuf_1_0_3_clk/X (sky130_fd_sc_hd__clkbuf_8)
     2    0.03                           clknet_1_0_3_clk (net)
                  0.07    0.00    1.02 ^ clkbuf_2_0_0_clk/A (sky130_fd_sc_hd__clkbuf_8)
                  0.04    0.12    1.14 ^ clkbuf_2_0_0_clk/X (sky130_fd_sc_hd__clkbuf_8)
     1    0.01                           clknet_2_0_0_clk (net)
                  0.04    0.00    1.14 ^ clkbuf_2_0_1_clk/A (sky130_fd_sc_hd__clkbuf_8)
                  0.04    0.11    1.25 ^ clkbuf_2_0_1_clk/X (sky130_fd_sc_hd__clkbuf_8)
     1    0.01                           clknet_2_0_1_clk (net)
                  0.04    0.00    1.25 ^ clkbuf_2_0_2_clk/A (sky130_fd_sc_hd__clkbuf_8)
                  0.04    0.11    1.36 ^ clkbuf_2_0_2_clk/X (sky130_fd_sc_hd__clkbuf_8)
     1    0.01                           clknet_2_0_2_clk (net)
                  0.04    0.00    1.36 ^ clkbuf_2_0_3_clk/A (sky130_fd_sc_hd__clkbuf_8)
                  0.08    0.14    1.50 ^ clkbuf_2_0_3_clk/X (sky130_fd_sc_hd__clkbuf_8)
     2    0.04                           clknet_2_0_3_clk (net)
                  0.08    0.00    1.51 ^ clkbuf_3_1_0_clk/A (sky130_fd_sc_hd__clkbuf_8)
                  0.04    0.12    1.63 ^ clkbuf_3_1_0_clk/X (sky130_fd_sc_hd__clkbuf_8)
     1    0.01                           clknet_3_1_0_clk (net)
                  0.04    0.00    1.63 ^ clkbuf_3_1_1_clk/A (sky130_fd_sc_hd__clkbuf_8)
                  0.05    0.12    1.75 ^ clkbuf_3_1_1_clk/X (sky130_fd_sc_hd__clkbuf_8)
     2    0.02                           clknet_3_1_1_clk (net)
                  0.05    0.00    1.75 ^ clkbuf_4_3_0_clk/A (sky130_fd_sc_hd__clkbuf_8)
                  0.04    0.11    1.87 ^ clkbuf_4_3_0_clk/X (sky130_fd_sc_hd__clkbuf_8)
     1    0.01                           clknet_4_3_0_clk (net)
                  0.04    0.00    1.87 ^ clkbuf_4_3_1_clk/A (sky130_fd_sc_hd__clkbuf_8)
                  0.07    0.13    2.00 ^ clkbuf_4_3_1_clk/X (sky130_fd_sc_hd__clkbuf_8)
     2    0.03                           clknet_4_3_1_clk (net)
                  0.07    0.00    2.01 ^ clkbuf_5_7_0_clk/A (sky130_fd_sc_hd__clkbuf_8)
                  0.05    0.14    2.14 ^ clkbuf_5_7_0_clk/X (sky130_fd_sc_hd__clkbuf_8)
     2    0.02                           clknet_5_7_0_clk (net)
                  0.05    0.00    2.14 ^ clkbuf_6_15_0_clk/A (sky130_fd_sc_hd__clkbuf_8)
                  0.05    0.12    2.27 ^ clkbuf_6_15_0_clk/X (sky130_fd_sc_hd__clkbuf_8)
     2    0.02                           clknet_6_15_0_clk (net)
                  0.05    0.00    2.27 ^ clkbuf_7_31_0_clk/A (sky130_fd_sc_hd__clkbuf_8)
                  0.26    0.27    2.54 ^ clkbuf_7_31_0_clk/X (sky130_fd_sc_hd__clkbuf_8)
    14    0.15                           clknet_7_31_0_clk (net)
                  0.26    0.00    2.54 ^ clkbuf_leaf_253_clk/A (sky130_fd_sc_hd__clkbuf_16)
                  0.04    0.18    2.72 ^ clkbuf_leaf_253_clk/X (sky130_fd_sc_hd__clkbuf_16)
     5    0.02                           clknet_leaf_253_clk (net)
                  0.04    0.00    2.73 ^ _95519_/CLK (sky130_fd_sc_hd__dfxtp_1)
                  0.08    0.32    3.05 v _95519_/Q (sky130_fd_sc_hd__dfxtp_1)
     4    0.02                           l1dcache_u.S1_ADDR.dff_q[8] (net)
                  0.08    0.00    3.05 v _44824_/A (sky130_fd_sc_hd__nand2_1)
                  0.13    0.13    3.18 ^ _44824_/Y (sky130_fd_sc_hd__nand2_1)
     3    0.01                           _10516_ (net)
                  0.13    0.00    3.18 ^ _85390_/B (sky130_fd_sc_hd__nor2_1)
                  0.04    0.05    3.23 v _85390_/Y (sky130_fd_sc_hd__nor2_1)
     1    0.00                           _08481_ (net)
                  0.04    0.00    3.23 v _95554_/D (sky130_fd_sc_hd__dfxtp_1)
                                  3.23   data arrival time

                          0.00    0.00   clock clk (rise edge)
                          0.00    0.00   clock source latency
                  0.44    0.35    0.35 ^ clk (in)
     1    0.10                           clk (net)
                  0.45    0.00    0.35 ^ clkbuf_0_clk/A (sky130_fd_sc_hd__clkbuf_16)
                  0.05    0.24    0.60 ^ clkbuf_0_clk/X (sky130_fd_sc_hd__clkbuf_16)
     2    0.02                           clknet_0_clk (net)
                  0.05    0.00    0.60 ^ clkbuf_1_0_0_clk/A (sky130_fd_sc_hd__clkbuf_8)
                  0.04    0.13    0.73 ^ clkbuf_1_0_0_clk/X (sky130_fd_sc_hd__clkbuf_8)
     1    0.01                           clknet_1_0_0_clk (net)
                  0.04    0.00    0.73 ^ clkbuf_1_0_1_clk/A (sky130_fd_sc_hd__clkbuf_8)
                  0.04    0.12    0.85 ^ clkbuf_1_0_1_clk/X (sky130_fd_sc_hd__clkbuf_8)
     1    0.01                           clknet_1_0_1_clk (net)
                  0.04    0.00    0.85 ^ clkbuf_1_0_2_clk/A (sky130_fd_sc_hd__clkbuf_8)
                  0.04    0.12    0.97 ^ clkbuf_1_0_2_clk/X (sky130_fd_sc_hd__clkbuf_8)
     1    0.01                           clknet_1_0_2_clk (net)
                  0.04    0.00    0.97 ^ clkbuf_1_0_3_clk/A (sky130_fd_sc_hd__clkbuf_8)
                  0.07    0.15    1.12 ^ clkbuf_1_0_3_clk/X (sky130_fd_sc_hd__clkbuf_8)
     2    0.03                           clknet_1_0_3_clk (net)
                  0.07    0.00    1.13 ^ clkbuf_2_1_0_clk/A (sky130_fd_sc_hd__clkbuf_8)
                  0.04    0.13    1.26 ^ clkbuf_2_1_0_clk/X (sky130_fd_sc_hd__clkbuf_8)
     1    0.01                           clknet_2_1_0_clk (net)
                  0.04    0.00    1.26 ^ clkbuf_2_1_1_clk/A (sky130_fd_sc_hd__clkbuf_8)
                  0.04    0.12    1.38 ^ clkbuf_2_1_1_clk/X (sky130_fd_sc_hd__clkbuf_8)
     1    0.01                           clknet_2_1_1_clk (net)
                  0.04    0.00    1.38 ^ clkbuf_2_1_2_clk/A (sky130_fd_sc_hd__clkbuf_8)
                  0.04    0.12    1.50 ^ clkbuf_2_1_2_clk/X (sky130_fd_sc_hd__clkbuf_8)
     1    0.01                           clknet_2_1_2_clk (net)
                  0.04    0.00    1.50 ^ clkbuf_2_1_3_clk/A (sky130_fd_sc_hd__clkbuf_8)
                  0.08    0.16    1.66 ^ clkbuf_2_1_3_clk/X (sky130_fd_sc_hd__clkbuf_8)
     2    0.04                           clknet_2_1_3_clk (net)
                  0.08    0.00    1.67 ^ clkbuf_3_3_0_clk/A (sky130_fd_sc_hd__clkbuf_8)
                  0.04    0.14    1.80 ^ clkbuf_3_3_0_clk/X (sky130_fd_sc_hd__clkbuf_8)
     1    0.01                           clknet_3_3_0_clk (net)
                  0.04    0.00    1.80 ^ clkbuf_3_3_1_clk/A (sky130_fd_sc_hd__clkbuf_8)
                  0.06    0.14    1.95 ^ clkbuf_3_3_1_clk/X (sky130_fd_sc_hd__clkbuf_8)
     2    0.03                           clknet_3_3_1_clk (net)
                  0.06    0.00    1.95 ^ clkbuf_4_6_0_clk/A (sky130_fd_sc_hd__clkbuf_8)
                  0.04    0.13    2.08 ^ clkbuf_4_6_0_clk/X (sky130_fd_sc_hd__clkbuf_8)
     1    0.01                           clknet_4_6_0_clk (net)
                  0.04    0.00    2.08 ^ clkbuf_4_6_1_clk/A (sky130_fd_sc_hd__clkbuf_8)
                  0.07    0.15    2.23 ^ clkbuf_4_6_1_clk/X (sky130_fd_sc_hd__clkbuf_8)
     2    0.03                           clknet_4_6_1_clk (net)
                  0.07    0.00    2.23 ^ clkbuf_5_13_0_clk/A (sky130_fd_sc_hd__clkbuf_8)
                  0.05    0.15    2.38 ^ clkbuf_5_13_0_clk/X (sky130_fd_sc_hd__clkbuf_8)
     2    0.02                           clknet_5_13_0_clk (net)
                  0.05    0.00    2.38 ^ clkbuf_6_26_0_clk/A (sky130_fd_sc_hd__clkbuf_8)
                  0.05    0.14    2.52 ^ clkbuf_6_26_0_clk/X (sky130_fd_sc_hd__clkbuf_8)
     2    0.02                           clknet_6_26_0_clk (net)
                  0.05    0.00    2.52 ^ clkbuf_7_53_0_clk/A (sky130_fd_sc_hd__clkbuf_8)
                  0.27    0.31    2.83 ^ clkbuf_7_53_0_clk/X (sky130_fd_sc_hd__clkbuf_8)
    16    0.16                           clknet_7_53_0_clk (net)
                  0.27    0.01    2.84 ^ clkbuf_opt_21_0_clk/A (sky130_fd_sc_hd__clkbuf_16)
                  0.04    0.20    3.05 ^ clkbuf_opt_21_0_clk/X (sky130_fd_sc_hd__clkbuf_16)
     1    0.01                           clknet_opt_21_0_clk (net)
                  0.04    0.00    3.05 ^ clkbuf_opt_21_1_clk/A (sky130_fd_sc_hd__clkbuf_16)
                  0.04    0.12    3.17 ^ clkbuf_opt_21_1_clk/X (sky130_fd_sc_hd__clkbuf_16)
     1    0.01                           clknet_opt_21_1_clk (net)
                  0.04    0.00    3.17 ^ clkbuf_opt_21_2_clk/A (sky130_fd_sc_hd__clkbuf_16)
                  0.04    0.12    3.29 ^ clkbuf_opt_21_2_clk/X (sky130_fd_sc_hd__clkbuf_16)
     1    0.01                           clknet_opt_21_2_clk (net)
                  0.04    0.00    3.29 ^ clkbuf_leaf_263_clk/A (sky130_fd_sc_hd__clkbuf_16)
                  0.05    0.14    3.43 ^ clkbuf_leaf_263_clk/X (sky130_fd_sc_hd__clkbuf_16)
    10    0.03                           clknet_leaf_263_clk (net)
                  0.05    0.00    3.43 ^ _95554_/CLK (sky130_fd_sc_hd__dfxtp_1)
                          0.25    3.68   clock uncertainty
                         -0.11    3.57   clock reconvergence pessimism
                         -0.05    3.52   library hold time
                                  3.52   data required time
-----------------------------------------------------------------------------
                                  3.52   data required time
                                 -3.23   data arrival time
-----------------------------------------------------------------------------
                                 -0.29   slack (VIOLATED)


Startpoint: _95261_ (rising edge-triggered flip-flop clocked by clk)
Endpoint: _95275_ (rising edge-triggered flip-flop clocked by clk)
Path Group: clk
Path Type: min

Fanout     Cap    Slew   Delay    Time   Description
-----------------------------------------------------------------------------
                          0.00    0.00   clock clk (rise edge)
                          0.00    0.00   clock source latency
                  0.44    0.32    0.32 ^ clk (in)
     1    0.10                           clk (net)
                  0.45    0.00    0.32 ^ clkbuf_0_clk/A (sky130_fd_sc_hd__clkbuf_16)
                  0.05    0.22    0.54 ^ clkbuf_0_clk/X (sky130_fd_sc_hd__clkbuf_16)
     2    0.02                           clknet_0_clk (net)
                  0.05    0.00    0.54 ^ clkbuf_1_0_0_clk/A (sky130_fd_sc_hd__clkbuf_8)
                  0.04    0.11    0.66 ^ clkbuf_1_0_0_clk/X (sky130_fd_sc_hd__clkbuf_8)
     1    0.01                           clknet_1_0_0_clk (net)
                  0.04    0.00    0.66 ^ clkbuf_1_0_1_clk/A (sky130_fd_sc_hd__clkbuf_8)
                  0.04    0.11    0.77 ^ clkbuf_1_0_1_clk/X (sky130_fd_sc_hd__clkbuf_8)
     1    0.01                           clknet_1_0_1_clk (net)
                  0.04    0.00    0.77 ^ clkbuf_1_0_2_clk/A (sky130_fd_sc_hd__clkbuf_8)
                  0.04    0.11    0.88 ^ clkbuf_1_0_2_clk/X (sky130_fd_sc_hd__clkbuf_8)
     1    0.01                           clknet_1_0_2_clk (net)
                  0.04    0.00    0.88 ^ clkbuf_1_0_3_clk/A (sky130_fd_sc_hd__clkbuf_8)
                  0.07    0.14    1.01 ^ clkbuf_1_0_3_clk/X (sky130_fd_sc_hd__clkbuf_8)
     2    0.03                           clknet_1_0_3_clk (net)
                  0.07    0.00    1.02 ^ clkbuf_2_0_0_clk/A (sky130_fd_sc_hd__clkbuf_8)
                  0.04    0.12    1.14 ^ clkbuf_2_0_0_clk/X (sky130_fd_sc_hd__clkbuf_8)
     1    0.01                           clknet_2_0_0_clk (net)
                  0.04    0.00    1.14 ^ clkbuf_2_0_1_clk/A (sky130_fd_sc_hd__clkbuf_8)
                  0.04    0.11    1.25 ^ clkbuf_2_0_1_clk/X (sky130_fd_sc_hd__clkbuf_8)
     1    0.01                           clknet_2_0_1_clk (net)
                  0.04    0.00    1.25 ^ clkbuf_2_0_2_clk/A (sky130_fd_sc_hd__clkbuf_8)
                  0.04    0.11    1.36 ^ clkbuf_2_0_2_clk/X (sky130_fd_sc_hd__clkbuf_8)
     1    0.01                           clknet_2_0_2_clk (net)
                  0.04    0.00    1.36 ^ clkbuf_2_0_3_clk/A (sky130_fd_sc_hd__clkbuf_8)
                  0.08    0.14    1.50 ^ clkbuf_2_0_3_clk/X (sky130_fd_sc_hd__clkbuf_8)
     2    0.04                           clknet_2_0_3_clk (net)
                  0.08    0.00    1.51 ^ clkbuf_3_1_0_clk/A (sky130_fd_sc_hd__clkbuf_8)
                  0.04    0.12    1.63 ^ clkbuf_3_1_0_clk/X (sky130_fd_sc_hd__clkbuf_8)
     1    0.01                           clknet_3_1_0_clk (net)
                  0.04    0.00    1.63 ^ clkbuf_3_1_1_clk/A (sky130_fd_sc_hd__clkbuf_8)
                  0.05    0.12    1.75 ^ clkbuf_3_1_1_clk/X (sky130_fd_sc_hd__clkbuf_8)
     2    0.02                           clknet_3_1_1_clk (net)
                  0.05    0.00    1.75 ^ clkbuf_4_3_0_clk/A (sky130_fd_sc_hd__clkbuf_8)
                  0.04    0.11    1.87 ^ clkbuf_4_3_0_clk/X (sky130_fd_sc_hd__clkbuf_8)
     1    0.01                           clknet_4_3_0_clk (net)
                  0.04    0.00    1.87 ^ clkbuf_4_3_1_clk/A (sky130_fd_sc_hd__clkbuf_8)
                  0.07    0.13    2.00 ^ clkbuf_4_3_1_clk/X (sky130_fd_sc_hd__clkbuf_8)
     2    0.03                           clknet_4_3_1_clk (net)
                  0.07    0.00    2.01 ^ clkbuf_5_7_0_clk/A (sky130_fd_sc_hd__clkbuf_8)
                  0.05    0.14    2.14 ^ clkbuf_5_7_0_clk/X (sky130_fd_sc_hd__clkbuf_8)
     2    0.02                           clknet_5_7_0_clk (net)
                  0.05    0.00    2.14 ^ clkbuf_6_15_0_clk/A (sky130_fd_sc_hd__clkbuf_8)
                  0.05    0.12    2.27 ^ clkbuf_6_15_0_clk/X (sky130_fd_sc_hd__clkbuf_8)
     2    0.02                           clknet_6_15_0_clk (net)
                  0.05    0.00    2.27 ^ clkbuf_7_31_0_clk/A (sky130_fd_sc_hd__clkbuf_8)
                  0.26    0.27    2.54 ^ clkbuf_7_31_0_clk/X (sky130_fd_sc_hd__clkbuf_8)
    14    0.15                           clknet_7_31_0_clk (net)
                  0.26    0.00    2.54 ^ clkbuf_leaf_258_clk/A (sky130_fd_sc_hd__clkbuf_16)
                  0.06    0.20    2.74 ^ clkbuf_leaf_258_clk/X (sky130_fd_sc_hd__clkbuf_16)
    13    0.03                           clknet_leaf_258_clk (net)
                  0.06    0.00    2.74 ^ _95261_/CLK (sky130_fd_sc_hd__dfxtp_1)
                  0.07    0.31    3.05 ^ _95261_/Q (sky130_fd_sc_hd__dfxtp_1)
     2    0.01                           l1dcache_u.S2_ADDR.dff_q[8] (net)
                  0.07    0.00    3.05 ^ _85020_/B (sky130_fd_sc_hd__and3_1)
                  0.05    0.14    3.18 ^ _85020_/X (sky130_fd_sc_hd__and3_1)
     1    0.00                           _42151_ (net)
                  0.05    0.00    3.18 ^ _85021_/A (sky130_fd_sc_hd__clkbuf_1)
                  0.04    0.08    3.26 ^ _85021_/X (sky130_fd_sc_hd__clkbuf_1)
     1    0.00                           _08304_ (net)
                  0.04    0.00    3.26 ^ _95275_/D (sky130_fd_sc_hd__dfxtp_1)
                                  3.26   data arrival time

                          0.00    0.00   clock clk (rise edge)
                          0.00    0.00   clock source latency
                  0.44    0.35    0.35 ^ clk (in)
     1    0.10                           clk (net)
                  0.45    0.00    0.35 ^ clkbuf_0_clk/A (sky130_fd_sc_hd__clkbuf_16)
                  0.05    0.24    0.60 ^ clkbuf_0_clk/X (sky130_fd_sc_hd__clkbuf_16)
     2    0.02                           clknet_0_clk (net)
                  0.05    0.00    0.60 ^ clkbuf_1_0_0_clk/A (sky130_fd_sc_hd__clkbuf_8)
                  0.04    0.13    0.73 ^ clkbuf_1_0_0_clk/X (sky130_fd_sc_hd__clkbuf_8)
     1    0.01                           clknet_1_0_0_clk (net)
                  0.04    0.00    0.73 ^ clkbuf_1_0_1_clk/A (sky130_fd_sc_hd__clkbuf_8)
                  0.04    0.12    0.85 ^ clkbuf_1_0_1_clk/X (sky130_fd_sc_hd__clkbuf_8)
     1    0.01                           clknet_1_0_1_clk (net)
                  0.04    0.00    0.85 ^ clkbuf_1_0_2_clk/A (sky130_fd_sc_hd__clkbuf_8)
                  0.04    0.12    0.97 ^ clkbuf_1_0_2_clk/X (sky130_fd_sc_hd__clkbuf_8)
     1    0.01                           clknet_1_0_2_clk (net)
                  0.04    0.00    0.97 ^ clkbuf_1_0_3_clk/A (sky130_fd_sc_hd__clkbuf_8)
                  0.07    0.15    1.12 ^ clkbuf_1_0_3_clk/X (sky130_fd_sc_hd__clkbuf_8)
     2    0.03                           clknet_1_0_3_clk (net)
                  0.07    0.00    1.13 ^ clkbuf_2_1_0_clk/A (sky130_fd_sc_hd__clkbuf_8)
                  0.04    0.13    1.26 ^ clkbuf_2_1_0_clk/X (sky130_fd_sc_hd__clkbuf_8)
     1    0.01                           clknet_2_1_0_clk (net)
                  0.04    0.00    1.26 ^ clkbuf_2_1_1_clk/A (sky130_fd_sc_hd__clkbuf_8)
                  0.04    0.12    1.38 ^ clkbuf_2_1_1_clk/X (sky130_fd_sc_hd__clkbuf_8)
     1    0.01                           clknet_2_1_1_clk (net)
                  0.04    0.00    1.38 ^ clkbuf_2_1_2_clk/A (sky130_fd_sc_hd__clkbuf_8)
                  0.04    0.12    1.50 ^ clkbuf_2_1_2_clk/X (sky130_fd_sc_hd__clkbuf_8)
     1    0.01                           clknet_2_1_2_clk (net)
                  0.04    0.00    1.50 ^ clkbuf_2_1_3_clk/A (sky130_fd_sc_hd__clkbuf_8)
                  0.08    0.16    1.66 ^ clkbuf_2_1_3_clk/X (sky130_fd_sc_hd__clkbuf_8)
     2    0.04                           clknet_2_1_3_clk (net)
                  0.08    0.00    1.67 ^ clkbuf_3_3_0_clk/A (sky130_fd_sc_hd__clkbuf_8)
                  0.04    0.14    1.80 ^ clkbuf_3_3_0_clk/X (sky130_fd_sc_hd__clkbuf_8)
     1    0.01                           clknet_3_3_0_clk (net)
                  0.04    0.00    1.80 ^ clkbuf_3_3_1_clk/A (sky130_fd_sc_hd__clkbuf_8)
                  0.06    0.14    1.95 ^ clkbuf_3_3_1_clk/X (sky130_fd_sc_hd__clkbuf_8)
     2    0.03                           clknet_3_3_1_clk (net)
                  0.06    0.00    1.95 ^ clkbuf_4_6_0_clk/A (sky130_fd_sc_hd__clkbuf_8)
                  0.04    0.13    2.08 ^ clkbuf_4_6_0_clk/X (sky130_fd_sc_hd__clkbuf_8)
     1    0.01                           clknet_4_6_0_clk (net)
                  0.04    0.00    2.08 ^ clkbuf_4_6_1_clk/A (sky130_fd_sc_hd__clkbuf_8)
                  0.07    0.15    2.23 ^ clkbuf_4_6_1_clk/X (sky130_fd_sc_hd__clkbuf_8)
     2    0.03                           clknet_4_6_1_clk (net)
                  0.07    0.00    2.23 ^ clkbuf_5_13_0_clk/A (sky130_fd_sc_hd__clkbuf_8)
                  0.05    0.15    2.38 ^ clkbuf_5_13_0_clk/X (sky130_fd_sc_hd__clkbuf_8)
     2    0.02                           clknet_5_13_0_clk (net)
                  0.05    0.00    2.38 ^ clkbuf_6_26_0_clk/A (sky130_fd_sc_hd__clkbuf_8)
                  0.05    0.14    2.52 ^ clkbuf_6_26_0_clk/X (sky130_fd_sc_hd__clkbuf_8)
     2    0.02                           clknet_6_26_0_clk (net)
                  0.05    0.00    2.52 ^ clkbuf_7_53_0_clk/A (sky130_fd_sc_hd__clkbuf_8)
                  0.27    0.31    2.83 ^ clkbuf_7_53_0_clk/X (sky130_fd_sc_hd__clkbuf_8)
    16    0.16                           clknet_7_53_0_clk (net)
                  0.27    0.01    2.84 ^ clkbuf_opt_21_0_clk/A (sky130_fd_sc_hd__clkbuf_16)
                  0.04    0.20    3.05 ^ clkbuf_opt_21_0_clk/X (sky130_fd_sc_hd__clkbuf_16)
     1    0.01                           clknet_opt_21_0_clk (net)
                  0.04    0.00    3.05 ^ clkbuf_opt_21_1_clk/A (sky130_fd_sc_hd__clkbuf_16)
                  0.04    0.12    3.17 ^ clkbuf_opt_21_1_clk/X (sky130_fd_sc_hd__clkbuf_16)
     1    0.01                           clknet_opt_21_1_clk (net)
                  0.04    0.00    3.17 ^ clkbuf_opt_21_2_clk/A (sky130_fd_sc_hd__clkbuf_16)
                  0.04    0.12    3.29 ^ clkbuf_opt_21_2_clk/X (sky130_fd_sc_hd__clkbuf_16)
     1    0.01                           clknet_opt_21_2_clk (net)
                  0.04    0.00    3.29 ^ clkbuf_leaf_263_clk/A (sky130_fd_sc_hd__clkbuf_16)
                  0.05    0.14    3.43 ^ clkbuf_leaf_263_clk/X (sky130_fd_sc_hd__clkbuf_16)
    10    0.03                           clknet_leaf_263_clk (net)
                  0.05    0.00    3.43 ^ _95275_/CLK (sky130_fd_sc_hd__dfxtp_1)
                          0.25    3.68   clock uncertainty
                         -0.11    3.57   clock reconvergence pessimism
                         -0.03    3.54   library hold time
                                  3.54   data required time
-----------------------------------------------------------------------------
                                  3.54   data required time
                                 -3.26   data arrival time
-----------------------------------------------------------------------------
                                 -0.28   slack (VIOLATED)


