
===========================================================================
report_checks -path_delay min (Hold)
============================================================================
Startpoint: _94004_ (rising edge-triggered flip-flop clocked by clk)
Endpoint: _95763_ (rising edge-triggered flip-flop clocked by clk)
Path Group: clk
Path Type: min

Fanout     Cap    Slew   Delay    Time   Description
-----------------------------------------------------------------------------
                          0.00    0.00   clock clk (rise edge)
                          0.00    0.00   clock source latency
                  0.44    0.32    0.32 ^ clk (in)
     1    0.10                           clk (net)
                  0.45    0.00    0.32 ^ clkbuf_0_clk/A (sky130_fd_sc_hd__clkbuf_16)
                  0.05    0.22    0.54 ^ clkbuf_0_clk/X (sky130_fd_sc_hd__clkbuf_16)
     2    0.02                           clknet_0_clk (net)
                  0.05    0.00    0.54 ^ clkbuf_1_1_0_clk/A (sky130_fd_sc_hd__clkbuf_8)
                  0.04    0.11    0.66 ^ clkbuf_1_1_0_clk/X (sky130_fd_sc_hd__clkbuf_8)
     1    0.01                           clknet_1_1_0_clk (net)
                  0.04    0.00    0.66 ^ clkbuf_1_1_1_clk/A (sky130_fd_sc_hd__clkbuf_8)
                  0.04    0.11    0.77 ^ clkbuf_1_1_1_clk/X (sky130_fd_sc_hd__clkbuf_8)
     1    0.01                           clknet_1_1_1_clk (net)
                  0.04    0.00    0.77 ^ clkbuf_1_1_2_clk/A (sky130_fd_sc_hd__clkbuf_8)
                  0.04    0.11    0.88 ^ clkbuf_1_1_2_clk/X (sky130_fd_sc_hd__clkbuf_8)
     1    0.01                           clknet_1_1_2_clk (net)
                  0.04    0.00    0.88 ^ clkbuf_1_1_3_clk/A (sky130_fd_sc_hd__clkbuf_8)
                  0.08    0.14    1.02 ^ clkbuf_1_1_3_clk/X (sky130_fd_sc_hd__clkbuf_8)
     2    0.04                           clknet_1_1_3_clk (net)
                  0.08    0.00    1.02 ^ clkbuf_2_2_0_clk/A (sky130_fd_sc_hd__clkbuf_8)
                  0.04    0.12    1.15 ^ clkbuf_2_2_0_clk/X (sky130_fd_sc_hd__clkbuf_8)
     1    0.01                           clknet_2_2_0_clk (net)
                  0.04    0.00    1.15 ^ clkbuf_2_2_1_clk/A (sky130_fd_sc_hd__clkbuf_8)
                  0.04    0.11    1.26 ^ clkbuf_2_2_1_clk/X (sky130_fd_sc_hd__clkbuf_8)
     1    0.01                           clknet_2_2_1_clk (net)
                  0.04    0.00    1.26 ^ clkbuf_2_2_2_clk/A (sky130_fd_sc_hd__clkbuf_8)
                  0.04    0.11    1.37 ^ clkbuf_2_2_2_clk/X (sky130_fd_sc_hd__clkbuf_8)
     1    0.01                           clknet_2_2_2_clk (net)
                  0.04    0.00    1.37 ^ clkbuf_2_2_3_clk/A (sky130_fd_sc_hd__clkbuf_8)
                  0.06    0.13    1.50 ^ clkbuf_2_2_3_clk/X (sky130_fd_sc_hd__clkbuf_8)
     2    0.03                           clknet_2_2_3_clk (net)
                  0.06    0.00    1.50 ^ clkbuf_3_5_0_clk/A (sky130_fd_sc_hd__clkbuf_8)
                  0.04    0.12    1.62 ^ clkbuf_3_5_0_clk/X (sky130_fd_sc_hd__clkbuf_8)
     1    0.01                           clknet_3_5_0_clk (net)
                  0.04    0.00    1.62 ^ clkbuf_3_5_1_clk/A (sky130_fd_sc_hd__clkbuf_8)
                  0.05    0.13    1.75 ^ clkbuf_3_5_1_clk/X (sky130_fd_sc_hd__clkbuf_8)
     2    0.02                           clknet_3_5_1_clk (net)
                  0.05    0.00    1.75 ^ clkbuf_4_11_0_clk/A (sky130_fd_sc_hd__clkbuf_8)
                  0.04    0.11    1.86 ^ clkbuf_4_11_0_clk/X (sky130_fd_sc_hd__clkbuf_8)
     1    0.01                           clknet_4_11_0_clk (net)
                  0.04    0.00    1.86 ^ clkbuf_4_11_1_clk/A (sky130_fd_sc_hd__clkbuf_8)
                  0.06    0.13    1.99 ^ clkbuf_4_11_1_clk/X (sky130_fd_sc_hd__clkbuf_8)
     2    0.02                           clknet_4_11_1_clk (net)
                  0.06    0.00    1.99 ^ clkbuf_5_22_0_clk/A (sky130_fd_sc_hd__clkbuf_8)
                  0.05    0.13    2.12 ^ clkbuf_5_22_0_clk/X (sky130_fd_sc_hd__clkbuf_8)
     2    0.02                           clknet_5_22_0_clk (net)
                  0.05    0.00    2.12 ^ clkbuf_6_45_0_clk/A (sky130_fd_sc_hd__clkbuf_8)
                  0.04    0.12    2.24 ^ clkbuf_6_45_0_clk/X (sky130_fd_sc_hd__clkbuf_8)
     2    0.01                           clknet_6_45_0_clk (net)
                  0.04    0.00    2.24 ^ clkbuf_7_90_0_clk/A (sky130_fd_sc_hd__clkbuf_8)
                  0.12    0.18    2.42 ^ clkbuf_7_90_0_clk/X (sky130_fd_sc_hd__clkbuf_8)
     7    0.07                           clknet_7_90_0_clk (net)
                  0.12    0.00    2.42 ^ clkbuf_leaf_846_clk/A (sky130_fd_sc_hd__clkbuf_16)
                  0.06    0.16    2.58 ^ clkbuf_leaf_846_clk/X (sky130_fd_sc_hd__clkbuf_16)
    13    0.03                           clknet_leaf_846_clk (net)
                  0.06    0.00    2.58 ^ _94004_/CLK (sky130_fd_sc_hd__dfxtp_4)
                  0.14    0.40    2.97 ^ _94004_/Q (sky130_fd_sc_hd__dfxtp_4)
     7    0.05                           core_u.back2front_btb_pc[6] (net)
                  0.14    0.01    2.98 ^ _85795_/A1 (sky130_fd_sc_hd__a32o_1)
                  0.05    0.16    3.14 ^ _85795_/X (sky130_fd_sc_hd__a32o_1)
     1    0.00                           _08689_ (net)
                  0.05    0.00    3.14 ^ _95763_/D (sky130_fd_sc_hd__dfxtp_1)
                                  3.14   data arrival time

                          0.00    0.00   clock clk (rise edge)
                          0.00    0.00   clock source latency
                  0.44    0.35    0.35 ^ clk (in)
     1    0.10                           clk (net)
                  0.45    0.00    0.35 ^ clkbuf_0_clk/A (sky130_fd_sc_hd__clkbuf_16)
                  0.05    0.24    0.60 ^ clkbuf_0_clk/X (sky130_fd_sc_hd__clkbuf_16)
     2    0.02                           clknet_0_clk (net)
                  0.05    0.00    0.60 ^ clkbuf_1_1_0_clk/A (sky130_fd_sc_hd__clkbuf_8)
                  0.04    0.13    0.73 ^ clkbuf_1_1_0_clk/X (sky130_fd_sc_hd__clkbuf_8)
     1    0.01                           clknet_1_1_0_clk (net)
                  0.04    0.00    0.73 ^ clkbuf_1_1_1_clk/A (sky130_fd_sc_hd__clkbuf_8)
                  0.04    0.12    0.85 ^ clkbuf_1_1_1_clk/X (sky130_fd_sc_hd__clkbuf_8)
     1    0.01                           clknet_1_1_1_clk (net)
                  0.04    0.00    0.85 ^ clkbuf_1_1_2_clk/A (sky130_fd_sc_hd__clkbuf_8)
                  0.04    0.12    0.97 ^ clkbuf_1_1_2_clk/X (sky130_fd_sc_hd__clkbuf_8)
     1    0.01                           clknet_1_1_2_clk (net)
                  0.04    0.00    0.97 ^ clkbuf_1_1_3_clk/A (sky130_fd_sc_hd__clkbuf_8)
                  0.08    0.16    1.13 ^ clkbuf_1_1_3_clk/X (sky130_fd_sc_hd__clkbuf_8)
     2    0.04                           clknet_1_1_3_clk (net)
                  0.08    0.00    1.13 ^ clkbuf_2_3_0_clk/A (sky130_fd_sc_hd__clkbuf_8)
                  0.04    0.14    1.27 ^ clkbuf_2_3_0_clk/X (sky130_fd_sc_hd__clkbuf_8)
     1    0.01                           clknet_2_3_0_clk (net)
                  0.04    0.00    1.27 ^ clkbuf_2_3_1_clk/A (sky130_fd_sc_hd__clkbuf_8)
                  0.04    0.12    1.39 ^ clkbuf_2_3_1_clk/X (sky130_fd_sc_hd__clkbuf_8)
     1    0.01                           clknet_2_3_1_clk (net)
                  0.04    0.00    1.39 ^ clkbuf_2_3_2_clk/A (sky130_fd_sc_hd__clkbuf_8)
                  0.04    0.12    1.51 ^ clkbuf_2_3_2_clk/X (sky130_fd_sc_hd__clkbuf_8)
     1    0.01                           clknet_2_3_2_clk (net)
                  0.04    0.00    1.51 ^ clkbuf_2_3_3_clk/A (sky130_fd_sc_hd__clkbuf_8)
                  0.08    0.16    1.67 ^ clkbuf_2_3_3_clk/X (sky130_fd_sc_hd__clkbuf_8)
     2    0.04                           clknet_2_3_3_clk (net)
                  0.08    0.00    1.67 ^ clkbuf_3_7_0_clk/A (sky130_fd_sc_hd__clkbuf_8)
                  0.04    0.14    1.81 ^ clkbuf_3_7_0_clk/X (sky130_fd_sc_hd__clkbuf_8)
     1    0.01                           clknet_3_7_0_clk (net)
                  0.04    0.00    1.81 ^ clkbuf_3_7_1_clk/A (sky130_fd_sc_hd__clkbuf_8)
                  0.06    0.14    1.95 ^ clkbuf_3_7_1_clk/X (sky130_fd_sc_hd__clkbuf_8)
     2    0.03                           clknet_3_7_1_clk (net)
                  0.06    0.00    1.96 ^ clkbuf_4_15_0_clk/A (sky130_fd_sc_hd__clkbuf_8)
                  0.04    0.13    2.09 ^ clkbuf_4_15_0_clk/X (sky130_fd_sc_hd__clkbuf_8)
     1    0.01                           clknet_4_15_0_clk (net)
                  0.04    0.00    2.09 ^ clkbuf_4_15_1_clk/A (sky130_fd_sc_hd__clkbuf_8)
                  0.07    0.15    2.23 ^ clkbuf_4_15_1_clk/X (sky130_fd_sc_hd__clkbuf_8)
     2    0.03                           clknet_4_15_1_clk (net)
                  0.07    0.00    2.24 ^ clkbuf_5_31_0_clk/A (sky130_fd_sc_hd__clkbuf_8)
                  0.05    0.15    2.38 ^ clkbuf_5_31_0_clk/X (sky130_fd_sc_hd__clkbuf_8)
     2    0.02                           clknet_5_31_0_clk (net)
                  0.05    0.00    2.38 ^ clkbuf_6_63_0_clk/A (sky130_fd_sc_hd__clkbuf_8)
                  0.05    0.14    2.52 ^ clkbuf_6_63_0_clk/X (sky130_fd_sc_hd__clkbuf_8)
     2    0.02                           clknet_6_63_0_clk (net)
                  0.05    0.00    2.52 ^ clkbuf_7_127_0_clk/A (sky130_fd_sc_hd__clkbuf_8)
                  0.16    0.23    2.75 ^ clkbuf_7_127_0_clk/X (sky130_fd_sc_hd__clkbuf_8)
     8    0.09                           clknet_7_127_0_clk (net)
                  0.16    0.00    2.75 ^ clkbuf_leaf_937_clk/A (sky130_fd_sc_hd__clkbuf_16)
                  0.04    0.17    2.93 ^ clkbuf_leaf_937_clk/X (sky130_fd_sc_hd__clkbuf_16)
     5    0.02                           clknet_leaf_937_clk (net)
                  0.04    0.00    2.93 ^ _95763_/CLK (sky130_fd_sc_hd__dfxtp_1)
                          0.25    3.18   clock uncertainty
                         -0.11    3.07   clock reconvergence pessimism
                         -0.03    3.04   library hold time
                                  3.04   data required time
-----------------------------------------------------------------------------
                                  3.04   data required time
                                 -3.14   data arrival time
-----------------------------------------------------------------------------
                                  0.10   slack (MET)


Startpoint: _96040_ (rising edge-triggered flip-flop clocked by clk)
Endpoint: _95459_ (rising edge-triggered flip-flop clocked by clk)
Path Group: clk
Path Type: min

Fanout     Cap    Slew   Delay    Time   Description
-----------------------------------------------------------------------------
                          0.00    0.00   clock clk (rise edge)
                          0.00    0.00   clock source latency
                  0.44    0.32    0.32 ^ clk (in)
     1    0.10                           clk (net)
                  0.45    0.00    0.32 ^ clkbuf_0_clk/A (sky130_fd_sc_hd__clkbuf_16)
                  0.05    0.22    0.54 ^ clkbuf_0_clk/X (sky130_fd_sc_hd__clkbuf_16)
     2    0.02                           clknet_0_clk (net)
                  0.05    0.00    0.54 ^ clkbuf_1_0_0_clk/A (sky130_fd_sc_hd__clkbuf_8)
                  0.04    0.11    0.66 ^ clkbuf_1_0_0_clk/X (sky130_fd_sc_hd__clkbuf_8)
     1    0.01                           clknet_1_0_0_clk (net)
                  0.04    0.00    0.66 ^ clkbuf_1_0_1_clk/A (sky130_fd_sc_hd__clkbuf_8)
                  0.04    0.11    0.77 ^ clkbuf_1_0_1_clk/X (sky130_fd_sc_hd__clkbuf_8)
     1    0.01                           clknet_1_0_1_clk (net)
                  0.04    0.00    0.77 ^ clkbuf_1_0_2_clk/A (sky130_fd_sc_hd__clkbuf_8)
                  0.04    0.11    0.88 ^ clkbuf_1_0_2_clk/X (sky130_fd_sc_hd__clkbuf_8)
     1    0.01                           clknet_1_0_2_clk (net)
                  0.04    0.00    0.88 ^ clkbuf_1_0_3_clk/A (sky130_fd_sc_hd__clkbuf_8)
                  0.07    0.14    1.01 ^ clkbuf_1_0_3_clk/X (sky130_fd_sc_hd__clkbuf_8)
     2    0.03                           clknet_1_0_3_clk (net)
                  0.07    0.00    1.02 ^ clkbuf_2_0_0_clk/A (sky130_fd_sc_hd__clkbuf_8)
                  0.04    0.12    1.14 ^ clkbuf_2_0_0_clk/X (sky130_fd_sc_hd__clkbuf_8)
     1    0.01                           clknet_2_0_0_clk (net)
                  0.04    0.00    1.14 ^ clkbuf_2_0_1_clk/A (sky130_fd_sc_hd__clkbuf_8)
                  0.04    0.11    1.25 ^ clkbuf_2_0_1_clk/X (sky130_fd_sc_hd__clkbuf_8)
     1    0.01                           clknet_2_0_1_clk (net)
                  0.04    0.00    1.25 ^ clkbuf_2_0_2_clk/A (sky130_fd_sc_hd__clkbuf_8)
                  0.04    0.11    1.36 ^ clkbuf_2_0_2_clk/X (sky130_fd_sc_hd__clkbuf_8)
     1    0.01                           clknet_2_0_2_clk (net)
                  0.04    0.00    1.36 ^ clkbuf_2_0_3_clk/A (sky130_fd_sc_hd__clkbuf_8)
                  0.08    0.14    1.50 ^ clkbuf_2_0_3_clk/X (sky130_fd_sc_hd__clkbuf_8)
     2    0.04                           clknet_2_0_3_clk (net)
                  0.08    0.00    1.51 ^ clkbuf_3_1_0_clk/A (sky130_fd_sc_hd__clkbuf_8)
                  0.04    0.12    1.63 ^ clkbuf_3_1_0_clk/X (sky130_fd_sc_hd__clkbuf_8)
     1    0.01                           clknet_3_1_0_clk (net)
                  0.04    0.00    1.63 ^ clkbuf_3_1_1_clk/A (sky130_fd_sc_hd__clkbuf_8)
                  0.05    0.12    1.75 ^ clkbuf_3_1_1_clk/X (sky130_fd_sc_hd__clkbuf_8)
     2    0.02                           clknet_3_1_1_clk (net)
                  0.05    0.00    1.75 ^ clkbuf_4_2_0_clk/A (sky130_fd_sc_hd__clkbuf_8)
                  0.04    0.11    1.87 ^ clkbuf_4_2_0_clk/X (sky130_fd_sc_hd__clkbuf_8)
     1    0.01                           clknet_4_2_0_clk (net)
                  0.04    0.00    1.87 ^ clkbuf_4_2_1_clk/A (sky130_fd_sc_hd__clkbuf_8)
                  0.07    0.13    2.00 ^ clkbuf_4_2_1_clk/X (sky130_fd_sc_hd__clkbuf_8)
     2    0.03                           clknet_4_2_1_clk (net)
                  0.07    0.00    2.01 ^ clkbuf_5_5_0_clk/A (sky130_fd_sc_hd__clkbuf_8)
                  0.05    0.14    2.14 ^ clkbuf_5_5_0_clk/X (sky130_fd_sc_hd__clkbuf_8)
     2    0.02                           clknet_5_5_0_clk (net)
                  0.05    0.00    2.14 ^ clkbuf_6_11_0_clk/A (sky130_fd_sc_hd__clkbuf_8)
                  0.05    0.13    2.27 ^ clkbuf_6_11_0_clk/X (sky130_fd_sc_hd__clkbuf_8)
     2    0.02                           clknet_6_11_0_clk (net)
                  0.05    0.00    2.27 ^ clkbuf_7_22_0_clk/A (sky130_fd_sc_hd__clkbuf_8)
                  0.22    0.24    2.52 ^ clkbuf_7_22_0_clk/X (sky130_fd_sc_hd__clkbuf_8)
    12    0.12                           clknet_7_22_0_clk (net)
                  0.22    0.00    2.52 ^ clkbuf_leaf_1097_clk/A (sky130_fd_sc_hd__clkbuf_16)
                  0.06    0.19    2.71 ^ clkbuf_leaf_1097_clk/X (sky130_fd_sc_hd__clkbuf_16)
    17    0.04                           clknet_leaf_1097_clk (net)
                  0.06    0.00    2.71 ^ _96040_/CLK (sky130_fd_sc_hd__dfxtp_1)
                  0.08    0.32    3.03 ^ _96040_/Q (sky130_fd_sc_hd__dfxtp_1)
     2    0.01                           l1dcache_u.data_save[12] (net)
                  0.08    0.00    3.03 ^ _46153_/A1 (sky130_fd_sc_hd__a31o_1)
                  0.08    0.15    3.18 ^ _46153_/X (sky130_fd_sc_hd__a31o_1)
     2    0.01                           l1dcache_u.S1_DATA.d[12] (net)
                  0.08    0.00    3.18 ^ _95459_/D (sky130_fd_sc_hd__dfxtp_2)
                                  3.18   data arrival time

                          0.00    0.00   clock clk (rise edge)
                          0.00    0.00   clock source latency
                  0.44    0.35    0.35 ^ clk (in)
     1    0.10                           clk (net)
                  0.45    0.00    0.35 ^ clkbuf_0_clk/A (sky130_fd_sc_hd__clkbuf_16)
                  0.05    0.24    0.60 ^ clkbuf_0_clk/X (sky130_fd_sc_hd__clkbuf_16)
     2    0.02                           clknet_0_clk (net)
                  0.05    0.00    0.60 ^ clkbuf_1_0_0_clk/A (sky130_fd_sc_hd__clkbuf_8)
                  0.04    0.13    0.73 ^ clkbuf_1_0_0_clk/X (sky130_fd_sc_hd__clkbuf_8)
     1    0.01                           clknet_1_0_0_clk (net)
                  0.04    0.00    0.73 ^ clkbuf_1_0_1_clk/A (sky130_fd_sc_hd__clkbuf_8)
                  0.04    0.12    0.85 ^ clkbuf_1_0_1_clk/X (sky130_fd_sc_hd__clkbuf_8)
     1    0.01                           clknet_1_0_1_clk (net)
                  0.04    0.00    0.85 ^ clkbuf_1_0_2_clk/A (sky130_fd_sc_hd__clkbuf_8)
                  0.04    0.12    0.97 ^ clkbuf_1_0_2_clk/X (sky130_fd_sc_hd__clkbuf_8)
     1    0.01                           clknet_1_0_2_clk (net)
                  0.04    0.00    0.97 ^ clkbuf_1_0_3_clk/A (sky130_fd_sc_hd__clkbuf_8)
                  0.07    0.15    1.12 ^ clkbuf_1_0_3_clk/X (sky130_fd_sc_hd__clkbuf_8)
     2    0.03                           clknet_1_0_3_clk (net)
                  0.07    0.00    1.12 ^ clkbuf_2_0_0_clk/A (sky130_fd_sc_hd__clkbuf_8)
                  0.04    0.13    1.26 ^ clkbuf_2_0_0_clk/X (sky130_fd_sc_hd__clkbuf_8)
     1    0.01                           clknet_2_0_0_clk (net)
                  0.04    0.00    1.26 ^ clkbuf_2_0_1_clk/A (sky130_fd_sc_hd__clkbuf_8)
                  0.04    0.12    1.38 ^ clkbuf_2_0_1_clk/X (sky130_fd_sc_hd__clkbuf_8)
     1    0.01                           clknet_2_0_1_clk (net)
                  0.04    0.00    1.38 ^ clkbuf_2_0_2_clk/A (sky130_fd_sc_hd__clkbuf_8)
                  0.04    0.12    1.50 ^ clkbuf_2_0_2_clk/X (sky130_fd_sc_hd__clkbuf_8)
     1    0.01                           clknet_2_0_2_clk (net)
                  0.04    0.00    1.50 ^ clkbuf_2_0_3_clk/A (sky130_fd_sc_hd__clkbuf_8)
                  0.08    0.16    1.66 ^ clkbuf_2_0_3_clk/X (sky130_fd_sc_hd__clkbuf_8)
     2    0.04                           clknet_2_0_3_clk (net)
                  0.08    0.00    1.66 ^ clkbuf_3_1_0_clk/A (sky130_fd_sc_hd__clkbuf_8)
                  0.04    0.14    1.80 ^ clkbuf_3_1_0_clk/X (sky130_fd_sc_hd__clkbuf_8)
     1    0.01                           clknet_3_1_0_clk (net)
                  0.04    0.00    1.80 ^ clkbuf_3_1_1_clk/A (sky130_fd_sc_hd__clkbuf_8)
                  0.05    0.14    1.94 ^ clkbuf_3_1_1_clk/X (sky130_fd_sc_hd__clkbuf_8)
     2    0.02                           clknet_3_1_1_clk (net)
                  0.05    0.00    1.94 ^ clkbuf_4_3_0_clk/A (sky130_fd_sc_hd__clkbuf_8)
                  0.04    0.13    2.07 ^ clkbuf_4_3_0_clk/X (sky130_fd_sc_hd__clkbuf_8)
     1    0.01                           clknet_4_3_0_clk (net)
                  0.04    0.00    2.07 ^ clkbuf_4_3_1_clk/A (sky130_fd_sc_hd__clkbuf_8)
                  0.07    0.15    2.22 ^ clkbuf_4_3_1_clk/X (sky130_fd_sc_hd__clkbuf_8)
     2    0.03                           clknet_4_3_1_clk (net)
                  0.07    0.00    2.22 ^ clkbuf_5_7_0_clk/A (sky130_fd_sc_hd__clkbuf_8)
                  0.05    0.15    2.37 ^ clkbuf_5_7_0_clk/X (sky130_fd_sc_hd__clkbuf_8)
     2    0.02                           clknet_5_7_0_clk (net)
                  0.05    0.00    2.37 ^ clkbuf_6_14_0_clk/A (sky130_fd_sc_hd__clkbuf_8)
                  0.04    0.14    2.50 ^ clkbuf_6_14_0_clk/X (sky130_fd_sc_hd__clkbuf_8)
     2    0.02                           clknet_6_14_0_clk (net)
                  0.04    0.00    2.50 ^ clkbuf_7_28_0_clk/A (sky130_fd_sc_hd__clkbuf_8)
                  0.27    0.31    2.81 ^ clkbuf_7_28_0_clk/X (sky130_fd_sc_hd__clkbuf_8)
    15    0.15                           clknet_7_28_0_clk (net)
                  0.27    0.00    2.81 ^ clkbuf_leaf_1096_clk/A (sky130_fd_sc_hd__clkbuf_16)
                  0.08    0.24    3.05 ^ clkbuf_leaf_1096_clk/X (sky130_fd_sc_hd__clkbuf_16)
    22    0.06                           clknet_leaf_1096_clk (net)
                  0.08    0.00    3.05 ^ _95459_/CLK (sky130_fd_sc_hd__dfxtp_2)
                          0.25    3.30   clock uncertainty
                         -0.18    3.11   clock reconvergence pessimism
                         -0.03    3.08   library hold time
                                  3.08   data required time
-----------------------------------------------------------------------------
                                  3.08   data required time
                                 -3.18   data arrival time
-----------------------------------------------------------------------------
                                  0.10   slack (MET)


Startpoint: _94626_ (rising edge-triggered flip-flop clocked by clk)
Endpoint: _88028_ (rising edge-triggered flip-flop clocked by clk)
Path Group: clk
Path Type: min

Fanout     Cap    Slew   Delay    Time   Description
-----------------------------------------------------------------------------
                          0.00    0.00   clock clk (rise edge)
                          0.00    0.00   clock source latency
                  0.44    0.32    0.32 ^ clk (in)
     1    0.10                           clk (net)
                  0.45    0.00    0.32 ^ clkbuf_0_clk/A (sky130_fd_sc_hd__clkbuf_16)
                  0.05    0.22    0.54 ^ clkbuf_0_clk/X (sky130_fd_sc_hd__clkbuf_16)
     2    0.02                           clknet_0_clk (net)
                  0.05    0.00    0.54 ^ clkbuf_1_1_0_clk/A (sky130_fd_sc_hd__clkbuf_8)
                  0.04    0.11    0.66 ^ clkbuf_1_1_0_clk/X (sky130_fd_sc_hd__clkbuf_8)
     1    0.01                           clknet_1_1_0_clk (net)
                  0.04    0.00    0.66 ^ clkbuf_1_1_1_clk/A (sky130_fd_sc_hd__clkbuf_8)
                  0.04    0.11    0.77 ^ clkbuf_1_1_1_clk/X (sky130_fd_sc_hd__clkbuf_8)
     1    0.01                           clknet_1_1_1_clk (net)
                  0.04    0.00    0.77 ^ clkbuf_1_1_2_clk/A (sky130_fd_sc_hd__clkbuf_8)
                  0.04    0.11    0.88 ^ clkbuf_1_1_2_clk/X (sky130_fd_sc_hd__clkbuf_8)
     1    0.01                           clknet_1_1_2_clk (net)
                  0.04    0.00    0.88 ^ clkbuf_1_1_3_clk/A (sky130_fd_sc_hd__clkbuf_8)
                  0.08    0.14    1.02 ^ clkbuf_1_1_3_clk/X (sky130_fd_sc_hd__clkbuf_8)
     2    0.04                           clknet_1_1_3_clk (net)
                  0.08    0.00    1.02 ^ clkbuf_2_3_0_clk/A (sky130_fd_sc_hd__clkbuf_8)
                  0.04    0.12    1.15 ^ clkbuf_2_3_0_clk/X (sky130_fd_sc_hd__clkbuf_8)
     1    0.01                           clknet_2_3_0_clk (net)
                  0.04    0.00    1.15 ^ clkbuf_2_3_1_clk/A (sky130_fd_sc_hd__clkbuf_8)
                  0.04    0.11    1.26 ^ clkbuf_2_3_1_clk/X (sky130_fd_sc_hd__clkbuf_8)
     1    0.01                           clknet_2_3_1_clk (net)
                  0.04    0.00    1.26 ^ clkbuf_2_3_2_clk/A (sky130_fd_sc_hd__clkbuf_8)
                  0.04    0.11    1.37 ^ clkbuf_2_3_2_clk/X (sky130_fd_sc_hd__clkbuf_8)
     1    0.01                           clknet_2_3_2_clk (net)
                  0.04    0.00    1.37 ^ clkbuf_2_3_3_clk/A (sky130_fd_sc_hd__clkbuf_8)
                  0.08    0.14    1.51 ^ clkbuf_2_3_3_clk/X (sky130_fd_sc_hd__clkbuf_8)
     2    0.04                           clknet_2_3_3_clk (net)
                  0.08    0.00    1.51 ^ clkbuf_3_6_0_clk/A (sky130_fd_sc_hd__clkbuf_8)
                  0.04    0.12    1.64 ^ clkbuf_3_6_0_clk/X (sky130_fd_sc_hd__clkbuf_8)
     1    0.01                           clknet_3_6_0_clk (net)
                  0.04    0.00    1.64 ^ clkbuf_3_6_1_clk/A (sky130_fd_sc_hd__clkbuf_8)
                  0.06    0.13    1.77 ^ clkbuf_3_6_1_clk/X (sky130_fd_sc_hd__clkbuf_8)
     2    0.03                           clknet_3_6_1_clk (net)
                  0.06    0.00    1.77 ^ clkbuf_4_12_0_clk/A (sky130_fd_sc_hd__clkbuf_8)
                  0.04    0.12    1.88 ^ clkbuf_4_12_0_clk/X (sky130_fd_sc_hd__clkbuf_8)
     1    0.01                           clknet_4_12_0_clk (net)
                  0.04    0.00    1.89 ^ clkbuf_4_12_1_clk/A (sky130_fd_sc_hd__clkbuf_8)
                  0.05    0.13    2.01 ^ clkbuf_4_12_1_clk/X (sky130_fd_sc_hd__clkbuf_8)
     2    0.02                           clknet_4_12_1_clk (net)
                  0.05    0.00    2.01 ^ clkbuf_5_25_0_clk/A (sky130_fd_sc_hd__clkbuf_8)
                  0.06    0.14    2.15 ^ clkbuf_5_25_0_clk/X (sky130_fd_sc_hd__clkbuf_8)
     2    0.03                           clknet_5_25_0_clk (net)
                  0.06    0.00    2.15 ^ clkbuf_6_50_0_clk/A (sky130_fd_sc_hd__clkbuf_8)
                  0.05    0.13    2.27 ^ clkbuf_6_50_0_clk/X (sky130_fd_sc_hd__clkbuf_8)
     2    0.02                           clknet_6_50_0_clk (net)
                  0.05    0.00    2.27 ^ clkbuf_7_101_0_clk/A (sky130_fd_sc_hd__clkbuf_8)
                  0.13    0.19    2.46 ^ clkbuf_7_101_0_clk/X (sky130_fd_sc_hd__clkbuf_8)
     7    0.07                           clknet_7_101_0_clk (net)
                  0.13    0.00    2.46 ^ clkbuf_leaf_686_clk/A (sky130_fd_sc_hd__clkbuf_16)
                  0.05    0.16    2.62 ^ clkbuf_leaf_686_clk/X (sky130_fd_sc_hd__clkbuf_16)
    13    0.03                           clknet_leaf_686_clk (net)
                  0.05    0.00    2.62 ^ _94626_/CLK (sky130_fd_sc_hd__dfxtp_4)
                  0.14    0.39    3.01 ^ _94626_/Q (sky130_fd_sc_hd__dfxtp_4)
     5    0.04                           core_u.front2back_csr_data[48] (net)
                  0.14    0.01    3.02 ^ _52611_/B2 (sky130_fd_sc_hd__a22o_1)
                  0.04    0.13    3.15 ^ _52611_/X (sky130_fd_sc_hd__a22o_1)
     1    0.00                           _01291_ (net)
                  0.04    0.00    3.15 ^ _88028_/D (sky130_fd_sc_hd__dfxtp_1)
                                  3.15   data arrival time

                          0.00    0.00   clock clk (rise edge)
                          0.00    0.00   clock source latency
                  0.44    0.35    0.35 ^ clk (in)
     1    0.10                           clk (net)
                  0.45    0.00    0.35 ^ clkbuf_0_clk/A (sky130_fd_sc_hd__clkbuf_16)
                  0.05    0.24    0.60 ^ clkbuf_0_clk/X (sky130_fd_sc_hd__clkbuf_16)
     2    0.02                           clknet_0_clk (net)
                  0.05    0.00    0.60 ^ clkbuf_1_1_0_clk/A (sky130_fd_sc_hd__clkbuf_8)
                  0.04    0.13    0.73 ^ clkbuf_1_1_0_clk/X (sky130_fd_sc_hd__clkbuf_8)
     1    0.01                           clknet_1_1_0_clk (net)
                  0.04    0.00    0.73 ^ clkbuf_1_1_1_clk/A (sky130_fd_sc_hd__clkbuf_8)
                  0.04    0.12    0.85 ^ clkbuf_1_1_1_clk/X (sky130_fd_sc_hd__clkbuf_8)
     1    0.01                           clknet_1_1_1_clk (net)
                  0.04    0.00    0.85 ^ clkbuf_1_1_2_clk/A (sky130_fd_sc_hd__clkbuf_8)
                  0.04    0.12    0.97 ^ clkbuf_1_1_2_clk/X (sky130_fd_sc_hd__clkbuf_8)
     1    0.01                           clknet_1_1_2_clk (net)
                  0.04    0.00    0.97 ^ clkbuf_1_1_3_clk/A (sky130_fd_sc_hd__clkbuf_8)
                  0.08    0.16    1.13 ^ clkbuf_1_1_3_clk/X (sky130_fd_sc_hd__clkbuf_8)
     2    0.04                           clknet_1_1_3_clk (net)
                  0.08    0.00    1.13 ^ clkbuf_2_2_0_clk/A (sky130_fd_sc_hd__clkbuf_8)
                  0.04    0.14    1.27 ^ clkbuf_2_2_0_clk/X (sky130_fd_sc_hd__clkbuf_8)
     1    0.01                           clknet_2_2_0_clk (net)
                  0.04    0.00    1.27 ^ clkbuf_2_2_1_clk/A (sky130_fd_sc_hd__clkbuf_8)
                  0.04    0.12    1.39 ^ clkbuf_2_2_1_clk/X (sky130_fd_sc_hd__clkbuf_8)
     1    0.01                           clknet_2_2_1_clk (net)
                  0.04    0.00    1.39 ^ clkbuf_2_2_2_clk/A (sky130_fd_sc_hd__clkbuf_8)
                  0.04    0.12    1.51 ^ clkbuf_2_2_2_clk/X (sky130_fd_sc_hd__clkbuf_8)
     1    0.01                           clknet_2_2_2_clk (net)
                  0.04    0.00    1.51 ^ clkbuf_2_2_3_clk/A (sky130_fd_sc_hd__clkbuf_8)
                  0.06    0.15    1.66 ^ clkbuf_2_2_3_clk/X (sky130_fd_sc_hd__clkbuf_8)
     2    0.03                           clknet_2_2_3_clk (net)
                  0.06    0.00    1.66 ^ clkbuf_3_4_0_clk/A (sky130_fd_sc_hd__clkbuf_8)
                  0.04    0.13    1.79 ^ clkbuf_3_4_0_clk/X (sky130_fd_sc_hd__clkbuf_8)
     1    0.01                           clknet_3_4_0_clk (net)
                  0.04    0.00    1.79 ^ clkbuf_3_4_1_clk/A (sky130_fd_sc_hd__clkbuf_8)
                  0.06    0.14    1.94 ^ clkbuf_3_4_1_clk/X (sky130_fd_sc_hd__clkbuf_8)
     2    0.03                           clknet_3_4_1_clk (net)
                  0.06    0.00    1.94 ^ clkbuf_4_9_0_clk/A (sky130_fd_sc_hd__clkbuf_8)
                  0.04    0.13    2.06 ^ clkbuf_4_9_0_clk/X (sky130_fd_sc_hd__clkbuf_8)
     1    0.01                           clknet_4_9_0_clk (net)
                  0.04    0.00    2.07 ^ clkbuf_4_9_1_clk/A (sky130_fd_sc_hd__clkbuf_8)
                  0.05    0.14    2.20 ^ clkbuf_4_9_1_clk/X (sky130_fd_sc_hd__clkbuf_8)
     2    0.02                           clknet_4_9_1_clk (net)
                  0.05    0.00    2.20 ^ clkbuf_5_18_0_clk/A (sky130_fd_sc_hd__clkbuf_8)
                  0.05    0.14    2.35 ^ clkbuf_5_18_0_clk/X (sky130_fd_sc_hd__clkbuf_8)
     2    0.02                           clknet_5_18_0_clk (net)
                  0.05    0.00    2.35 ^ clkbuf_6_36_0_clk/A (sky130_fd_sc_hd__clkbuf_8)
                  0.05    0.14    2.48 ^ clkbuf_6_36_0_clk/X (sky130_fd_sc_hd__clkbuf_8)
     2    0.02                           clknet_6_36_0_clk (net)
                  0.05    0.00    2.48 ^ clkbuf_7_73_0_clk/A (sky130_fd_sc_hd__clkbuf_8)
                  0.20    0.25    2.74 ^ clkbuf_7_73_0_clk/X (sky130_fd_sc_hd__clkbuf_8)
    10    0.11                           clknet_7_73_0_clk (net)
                  0.20    0.00    2.74 ^ clkbuf_leaf_750_clk/A (sky130_fd_sc_hd__clkbuf_16)
                  0.06    0.20    2.94 ^ clkbuf_leaf_750_clk/X (sky130_fd_sc_hd__clkbuf_16)
    15    0.04                           clknet_leaf_750_clk (net)
                  0.06    0.00    2.94 ^ _88028_/CLK (sky130_fd_sc_hd__dfxtp_1)
                          0.25    3.19   clock uncertainty
                         -0.11    3.08   clock reconvergence pessimism
                         -0.03    3.05   library hold time
                                  3.05   data required time
-----------------------------------------------------------------------------
                                  3.05   data required time
                                 -3.15   data arrival time
-----------------------------------------------------------------------------
                                  0.10   slack (MET)


Startpoint: _94175_ (rising edge-triggered flip-flop clocked by clk)
Endpoint: _93593_ (rising edge-triggered flip-flop clocked by clk)
Path Group: clk
Path Type: min

Fanout     Cap    Slew   Delay    Time   Description
-----------------------------------------------------------------------------
                          0.00    0.00   clock clk (rise edge)
                          0.00    0.00   clock source latency
                  0.44    0.32    0.32 ^ clk (in)
     1    0.10                           clk (net)
                  0.45    0.00    0.32 ^ clkbuf_0_clk/A (sky130_fd_sc_hd__clkbuf_16)
                  0.05    0.22    0.54 ^ clkbuf_0_clk/X (sky130_fd_sc_hd__clkbuf_16)
     2    0.02                           clknet_0_clk (net)
                  0.05    0.00    0.54 ^ clkbuf_1_1_0_clk/A (sky130_fd_sc_hd__clkbuf_8)
                  0.04    0.11    0.66 ^ clkbuf_1_1_0_clk/X (sky130_fd_sc_hd__clkbuf_8)
     1    0.01                           clknet_1_1_0_clk (net)
                  0.04    0.00    0.66 ^ clkbuf_1_1_1_clk/A (sky130_fd_sc_hd__clkbuf_8)
                  0.04    0.11    0.77 ^ clkbuf_1_1_1_clk/X (sky130_fd_sc_hd__clkbuf_8)
     1    0.01                           clknet_1_1_1_clk (net)
                  0.04    0.00    0.77 ^ clkbuf_1_1_2_clk/A (sky130_fd_sc_hd__clkbuf_8)
                  0.04    0.11    0.88 ^ clkbuf_1_1_2_clk/X (sky130_fd_sc_hd__clkbuf_8)
     1    0.01                           clknet_1_1_2_clk (net)
                  0.04    0.00    0.88 ^ clkbuf_1_1_3_clk/A (sky130_fd_sc_hd__clkbuf_8)
                  0.08    0.14    1.02 ^ clkbuf_1_1_3_clk/X (sky130_fd_sc_hd__clkbuf_8)
     2    0.04                           clknet_1_1_3_clk (net)
                  0.08    0.00    1.02 ^ clkbuf_2_2_0_clk/A (sky130_fd_sc_hd__clkbuf_8)
                  0.04    0.12    1.15 ^ clkbuf_2_2_0_clk/X (sky130_fd_sc_hd__clkbuf_8)
     1    0.01                           clknet_2_2_0_clk (net)
                  0.04    0.00    1.15 ^ clkbuf_2_2_1_clk/A (sky130_fd_sc_hd__clkbuf_8)
                  0.04    0.11    1.26 ^ clkbuf_2_2_1_clk/X (sky130_fd_sc_hd__clkbuf_8)
     1    0.01                           clknet_2_2_1_clk (net)
                  0.04    0.00    1.26 ^ clkbuf_2_2_2_clk/A (sky130_fd_sc_hd__clkbuf_8)
                  0.04    0.11    1.37 ^ clkbuf_2_2_2_clk/X (sky130_fd_sc_hd__clkbuf_8)
     1    0.01                           clknet_2_2_2_clk (net)
                  0.04    0.00    1.37 ^ clkbuf_2_2_3_clk/A (sky130_fd_sc_hd__clkbuf_8)
                  0.06    0.13    1.50 ^ clkbuf_2_2_3_clk/X (sky130_fd_sc_hd__clkbuf_8)
     2    0.03                           clknet_2_2_3_clk (net)
                  0.06    0.00    1.50 ^ clkbuf_3_4_0_clk/A (sky130_fd_sc_hd__clkbuf_8)
                  0.04    0.12    1.62 ^ clkbuf_3_4_0_clk/X (sky130_fd_sc_hd__clkbuf_8)
     1    0.01                           clknet_3_4_0_clk (net)
                  0.04    0.00    1.62 ^ clkbuf_3_4_1_clk/A (sky130_fd_sc_hd__clkbuf_8)
                  0.06    0.13    1.75 ^ clkbuf_3_4_1_clk/X (sky130_fd_sc_hd__clkbuf_8)
     2    0.03                           clknet_3_4_1_clk (net)
                  0.06    0.00    1.75 ^ clkbuf_4_9_0_clk/A (sky130_fd_sc_hd__clkbuf_8)
                  0.04    0.12    1.87 ^ clkbuf_4_9_0_clk/X (sky130_fd_sc_hd__clkbuf_8)
     1    0.01                           clknet_4_9_0_clk (net)
                  0.04    0.00    1.87 ^ clkbuf_4_9_1_clk/A (sky130_fd_sc_hd__clkbuf_8)
                  0.05    0.12    1.99 ^ clkbuf_4_9_1_clk/X (sky130_fd_sc_hd__clkbuf_8)
     2    0.02                           clknet_4_9_1_clk (net)
                  0.05    0.00    1.99 ^ clkbuf_5_18_0_clk/A (sky130_fd_sc_hd__clkbuf_8)
                  0.05    0.13    2.12 ^ clkbuf_5_18_0_clk/X (sky130_fd_sc_hd__clkbuf_8)
     2    0.02                           clknet_5_18_0_clk (net)
                  0.05    0.00    2.12 ^ clkbuf_6_37_0_clk/A (sky130_fd_sc_hd__clkbuf_8)
                  0.05    0.13    2.25 ^ clkbuf_6_37_0_clk/X (sky130_fd_sc_hd__clkbuf_8)
     2    0.02                           clknet_6_37_0_clk (net)
                  0.05    0.00    2.25 ^ clkbuf_7_75_0_clk/A (sky130_fd_sc_hd__clkbuf_8)
                  0.14    0.19    2.44 ^ clkbuf_7_75_0_clk/X (sky130_fd_sc_hd__clkbuf_8)
     8    0.08                           clknet_7_75_0_clk (net)
                  0.14    0.00    2.44 ^ _94175_/CLK (sky130_fd_sc_hd__dfxtp_4)
                  0.18    0.46    2.90 ^ _94175_/Q (sky130_fd_sc_hd__dfxtp_4)
     5    0.06                           core_u.back2csr_wb_data[33] (net)
                  0.18    0.01    2.91 ^ _74986_/A0 (sky130_fd_sc_hd__mux2_1)
                  0.05    0.15    3.06 ^ _74986_/X (sky130_fd_sc_hd__mux2_1)
     1    0.00                           _33636_ (net)
                  0.05    0.00    3.06 ^ _74987_/A (sky130_fd_sc_hd__clkbuf_1)
                  0.05    0.08    3.14 ^ _74987_/X (sky130_fd_sc_hd__clkbuf_1)
     1    0.00                           _06785_ (net)
                  0.05    0.00    3.14 ^ _93593_/D (sky130_fd_sc_hd__dfxtp_1)
                                  3.14   data arrival time

                          0.00    0.00   clock clk (rise edge)
                          0.00    0.00   clock source latency
                  0.44    0.35    0.35 ^ clk (in)
     1    0.10                           clk (net)
                  0.45    0.00    0.35 ^ clkbuf_0_clk/A (sky130_fd_sc_hd__clkbuf_16)
                  0.05    0.24    0.60 ^ clkbuf_0_clk/X (sky130_fd_sc_hd__clkbuf_16)
     2    0.02                           clknet_0_clk (net)
                  0.05    0.00    0.60 ^ clkbuf_1_1_0_clk/A (sky130_fd_sc_hd__clkbuf_8)
                  0.04    0.13    0.73 ^ clkbuf_1_1_0_clk/X (sky130_fd_sc_hd__clkbuf_8)
     1    0.01                           clknet_1_1_0_clk (net)
                  0.04    0.00    0.73 ^ clkbuf_1_1_1_clk/A (sky130_fd_sc_hd__clkbuf_8)
                  0.04    0.12    0.85 ^ clkbuf_1_1_1_clk/X (sky130_fd_sc_hd__clkbuf_8)
     1    0.01                           clknet_1_1_1_clk (net)
                  0.04    0.00    0.85 ^ clkbuf_1_1_2_clk/A (sky130_fd_sc_hd__clkbuf_8)
                  0.04    0.12    0.97 ^ clkbuf_1_1_2_clk/X (sky130_fd_sc_hd__clkbuf_8)
     1    0.01                           clknet_1_1_2_clk (net)
                  0.04    0.00    0.97 ^ clkbuf_1_1_3_clk/A (sky130_fd_sc_hd__clkbuf_8)
                  0.08    0.16    1.13 ^ clkbuf_1_1_3_clk/X (sky130_fd_sc_hd__clkbuf_8)
     2    0.04                           clknet_1_1_3_clk (net)
                  0.08    0.00    1.13 ^ clkbuf_2_3_0_clk/A (sky130_fd_sc_hd__clkbuf_8)
                  0.04    0.14    1.27 ^ clkbuf_2_3_0_clk/X (sky130_fd_sc_hd__clkbuf_8)
     1    0.01                           clknet_2_3_0_clk (net)
                  0.04    0.00    1.27 ^ clkbuf_2_3_1_clk/A (sky130_fd_sc_hd__clkbuf_8)
                  0.04    0.12    1.39 ^ clkbuf_2_3_1_clk/X (sky130_fd_sc_hd__clkbuf_8)
     1    0.01                           clknet_2_3_1_clk (net)
                  0.04    0.00    1.39 ^ clkbuf_2_3_2_clk/A (sky130_fd_sc_hd__clkbuf_8)
                  0.04    0.12    1.51 ^ clkbuf_2_3_2_clk/X (sky130_fd_sc_hd__clkbuf_8)
     1    0.01                           clknet_2_3_2_clk (net)
                  0.04    0.00    1.51 ^ clkbuf_2_3_3_clk/A (sky130_fd_sc_hd__clkbuf_8)
                  0.08    0.16    1.67 ^ clkbuf_2_3_3_clk/X (sky130_fd_sc_hd__clkbuf_8)
     2    0.04                           clknet_2_3_3_clk (net)
                  0.08    0.00    1.67 ^ clkbuf_3_7_0_clk/A (sky130_fd_sc_hd__clkbuf_8)
                  0.04    0.14    1.81 ^ clkbuf_3_7_0_clk/X (sky130_fd_sc_hd__clkbuf_8)
     1    0.01                           clknet_3_7_0_clk (net)
                  0.04    0.00    1.81 ^ clkbuf_3_7_1_clk/A (sky130_fd_sc_hd__clkbuf_8)
                  0.06    0.14    1.95 ^ clkbuf_3_7_1_clk/X (sky130_fd_sc_hd__clkbuf_8)
     2    0.03                           clknet_3_7_1_clk (net)
                  0.06    0.00    1.96 ^ clkbuf_4_14_0_clk/A (sky130_fd_sc_hd__clkbuf_8)
                  0.04    0.13    2.09 ^ clkbuf_4_14_0_clk/X (sky130_fd_sc_hd__clkbuf_8)
     1    0.01                           clknet_4_14_0_clk (net)
                  0.04    0.00    2.09 ^ clkbuf_4_14_1_clk/A (sky130_fd_sc_hd__clkbuf_8)
                  0.05    0.14    2.23 ^ clkbuf_4_14_1_clk/X (sky130_fd_sc_hd__clkbuf_8)
     2    0.02                           clknet_4_14_1_clk (net)
                  0.05    0.00    2.23 ^ clkbuf_5_28_0_clk/A (sky130_fd_sc_hd__clkbuf_8)
                  0.05    0.14    2.37 ^ clkbuf_5_28_0_clk/X (sky130_fd_sc_hd__clkbuf_8)
     2    0.02                           clknet_5_28_0_clk (net)
                  0.05    0.00    2.37 ^ clkbuf_6_56_0_clk/A (sky130_fd_sc_hd__clkbuf_8)
                  0.05    0.14    2.51 ^ clkbuf_6_56_0_clk/X (sky130_fd_sc_hd__clkbuf_8)
     2    0.02                           clknet_6_56_0_clk (net)
                  0.05    0.00    2.51 ^ clkbuf_7_112_0_clk/A (sky130_fd_sc_hd__clkbuf_8)
                  0.17    0.24    2.74 ^ clkbuf_7_112_0_clk/X (sky130_fd_sc_hd__clkbuf_8)
     9    0.10                           clknet_7_112_0_clk (net)
                  0.17    0.00    2.74 ^ clkbuf_leaf_884_clk/A (sky130_fd_sc_hd__clkbuf_16)
                  0.05    0.19    2.93 ^ clkbuf_leaf_884_clk/X (sky130_fd_sc_hd__clkbuf_16)
    12    0.03                           clknet_leaf_884_clk (net)
                  0.05    0.00    2.93 ^ _93593_/CLK (sky130_fd_sc_hd__dfxtp_1)
                          0.25    3.18   clock uncertainty
                         -0.11    3.07   clock reconvergence pessimism
                         -0.03    3.04   library hold time
                                  3.04   data required time
-----------------------------------------------------------------------------
                                  3.04   data required time
                                 -3.14   data arrival time
-----------------------------------------------------------------------------
                                  0.10   slack (MET)


Startpoint: _94627_ (rising edge-triggered flip-flop clocked by clk)
Endpoint: _87528_ (rising edge-triggered flip-flop clocked by clk)
Path Group: clk
Path Type: min

Fanout     Cap    Slew   Delay    Time   Description
-----------------------------------------------------------------------------
                          0.00    0.00   clock clk (rise edge)
                          0.00    0.00   clock source latency
                  0.44    0.32    0.32 ^ clk (in)
     1    0.10                           clk (net)
                  0.45    0.00    0.32 ^ clkbuf_0_clk/A (sky130_fd_sc_hd__clkbuf_16)
                  0.05    0.22    0.54 ^ clkbuf_0_clk/X (sky130_fd_sc_hd__clkbuf_16)
     2    0.02                           clknet_0_clk (net)
                  0.05    0.00    0.54 ^ clkbuf_1_1_0_clk/A (sky130_fd_sc_hd__clkbuf_8)
                  0.04    0.11    0.66 ^ clkbuf_1_1_0_clk/X (sky130_fd_sc_hd__clkbuf_8)
     1    0.01                           clknet_1_1_0_clk (net)
                  0.04    0.00    0.66 ^ clkbuf_1_1_1_clk/A (sky130_fd_sc_hd__clkbuf_8)
                  0.04    0.11    0.77 ^ clkbuf_1_1_1_clk/X (sky130_fd_sc_hd__clkbuf_8)
     1    0.01                           clknet_1_1_1_clk (net)
                  0.04    0.00    0.77 ^ clkbuf_1_1_2_clk/A (sky130_fd_sc_hd__clkbuf_8)
                  0.04    0.11    0.88 ^ clkbuf_1_1_2_clk/X (sky130_fd_sc_hd__clkbuf_8)
     1    0.01                           clknet_1_1_2_clk (net)
                  0.04    0.00    0.88 ^ clkbuf_1_1_3_clk/A (sky130_fd_sc_hd__clkbuf_8)
                  0.08    0.14    1.02 ^ clkbuf_1_1_3_clk/X (sky130_fd_sc_hd__clkbuf_8)
     2    0.04                           clknet_1_1_3_clk (net)
                  0.08    0.00    1.02 ^ clkbuf_2_3_0_clk/A (sky130_fd_sc_hd__clkbuf_8)
                  0.04    0.12    1.15 ^ clkbuf_2_3_0_clk/X (sky130_fd_sc_hd__clkbuf_8)
     1    0.01                           clknet_2_3_0_clk (net)
                  0.04    0.00    1.15 ^ clkbuf_2_3_1_clk/A (sky130_fd_sc_hd__clkbuf_8)
                  0.04    0.11    1.26 ^ clkbuf_2_3_1_clk/X (sky130_fd_sc_hd__clkbuf_8)
     1    0.01                           clknet_2_3_1_clk (net)
                  0.04    0.00    1.26 ^ clkbuf_2_3_2_clk/A (sky130_fd_sc_hd__clkbuf_8)
                  0.04    0.11    1.37 ^ clkbuf_2_3_2_clk/X (sky130_fd_sc_hd__clkbuf_8)
     1    0.01                           clknet_2_3_2_clk (net)
                  0.04    0.00    1.37 ^ clkbuf_2_3_3_clk/A (sky130_fd_sc_hd__clkbuf_8)
                  0.08    0.14    1.51 ^ clkbuf_2_3_3_clk/X (sky130_fd_sc_hd__clkbuf_8)
     2    0.04                           clknet_2_3_3_clk (net)
                  0.08    0.00    1.51 ^ clkbuf_3_6_0_clk/A (sky130_fd_sc_hd__clkbuf_8)
                  0.04    0.12    1.64 ^ clkbuf_3_6_0_clk/X (sky130_fd_sc_hd__clkbuf_8)
     1    0.01                           clknet_3_6_0_clk (net)
                  0.04    0.00    1.64 ^ clkbuf_3_6_1_clk/A (sky130_fd_sc_hd__clkbuf_8)
                  0.06    0.13    1.77 ^ clkbuf_3_6_1_clk/X (sky130_fd_sc_hd__clkbuf_8)
     2    0.03                           clknet_3_6_1_clk (net)
                  0.06    0.00    1.77 ^ clkbuf_4_12_0_clk/A (sky130_fd_sc_hd__clkbuf_8)
                  0.04    0.12    1.88 ^ clkbuf_4_12_0_clk/X (sky130_fd_sc_hd__clkbuf_8)
     1    0.01                           clknet_4_12_0_clk (net)
                  0.04    0.00    1.89 ^ clkbuf_4_12_1_clk/A (sky130_fd_sc_hd__clkbuf_8)
                  0.05    0.13    2.01 ^ clkbuf_4_12_1_clk/X (sky130_fd_sc_hd__clkbuf_8)
     2    0.02                           clknet_4_12_1_clk (net)
                  0.05    0.00    2.01 ^ clkbuf_5_25_0_clk/A (sky130_fd_sc_hd__clkbuf_8)
                  0.06    0.14    2.15 ^ clkbuf_5_25_0_clk/X (sky130_fd_sc_hd__clkbuf_8)
     2    0.03                           clknet_5_25_0_clk (net)
                  0.06    0.00    2.15 ^ clkbuf_6_50_0_clk/A (sky130_fd_sc_hd__clkbuf_8)
                  0.05    0.13    2.27 ^ clkbuf_6_50_0_clk/X (sky130_fd_sc_hd__clkbuf_8)
     2    0.02                           clknet_6_50_0_clk (net)
                  0.05    0.00    2.27 ^ clkbuf_7_101_0_clk/A (sky130_fd_sc_hd__clkbuf_8)
                  0.13    0.19    2.46 ^ clkbuf_7_101_0_clk/X (sky130_fd_sc_hd__clkbuf_8)
     7    0.07                           clknet_7_101_0_clk (net)
                  0.13    0.00    2.46 ^ clkbuf_leaf_686_clk/A (sky130_fd_sc_hd__clkbuf_16)
                  0.05    0.16    2.62 ^ clkbuf_leaf_686_clk/X (sky130_fd_sc_hd__clkbuf_16)
    13    0.03                           clknet_leaf_686_clk (net)
                  0.05    0.00    2.62 ^ _94627_/CLK (sky130_fd_sc_hd__dfxtp_4)
                  0.14    0.40    3.02 ^ _94627_/Q (sky130_fd_sc_hd__dfxtp_4)
     5    0.05                           core_u.front2back_csr_data[49] (net)
                  0.14    0.01    3.02 ^ _50065_/B2 (sky130_fd_sc_hd__a22o_1)
                  0.04    0.13    3.16 ^ _50065_/X (sky130_fd_sc_hd__a22o_1)
     1    0.00                           _00791_ (net)
                  0.04    0.00    3.16 ^ _87528_/D (sky130_fd_sc_hd__dfxtp_1)
                                  3.16   data arrival time

                          0.00    0.00   clock clk (rise edge)
                          0.00    0.00   clock source latency
                  0.44    0.35    0.35 ^ clk (in)
     1    0.10                           clk (net)
                  0.45    0.00    0.35 ^ clkbuf_0_clk/A (sky130_fd_sc_hd__clkbuf_16)
                  0.05    0.24    0.60 ^ clkbuf_0_clk/X (sky130_fd_sc_hd__clkbuf_16)
     2    0.02                           clknet_0_clk (net)
                  0.05    0.00    0.60 ^ clkbuf_1_1_0_clk/A (sky130_fd_sc_hd__clkbuf_8)
                  0.04    0.13    0.73 ^ clkbuf_1_1_0_clk/X (sky130_fd_sc_hd__clkbuf_8)
     1    0.01                           clknet_1_1_0_clk (net)
                  0.04    0.00    0.73 ^ clkbuf_1_1_1_clk/A (sky130_fd_sc_hd__clkbuf_8)
                  0.04    0.12    0.85 ^ clkbuf_1_1_1_clk/X (sky130_fd_sc_hd__clkbuf_8)
     1    0.01                           clknet_1_1_1_clk (net)
                  0.04    0.00    0.85 ^ clkbuf_1_1_2_clk/A (sky130_fd_sc_hd__clkbuf_8)
                  0.04    0.12    0.97 ^ clkbuf_1_1_2_clk/X (sky130_fd_sc_hd__clkbuf_8)
     1    0.01                           clknet_1_1_2_clk (net)
                  0.04    0.00    0.97 ^ clkbuf_1_1_3_clk/A (sky130_fd_sc_hd__clkbuf_8)
                  0.08    0.16    1.13 ^ clkbuf_1_1_3_clk/X (sky130_fd_sc_hd__clkbuf_8)
     2    0.04                           clknet_1_1_3_clk (net)
                  0.08    0.00    1.13 ^ clkbuf_2_2_0_clk/A (sky130_fd_sc_hd__clkbuf_8)
                  0.04    0.14    1.27 ^ clkbuf_2_2_0_clk/X (sky130_fd_sc_hd__clkbuf_8)
     1    0.01                           clknet_2_2_0_clk (net)
                  0.04    0.00    1.27 ^ clkbuf_2_2_1_clk/A (sky130_fd_sc_hd__clkbuf_8)
                  0.04    0.12    1.39 ^ clkbuf_2_2_1_clk/X (sky130_fd_sc_hd__clkbuf_8)
     1    0.01                           clknet_2_2_1_clk (net)
                  0.04    0.00    1.39 ^ clkbuf_2_2_2_clk/A (sky130_fd_sc_hd__clkbuf_8)
                  0.04    0.12    1.51 ^ clkbuf_2_2_2_clk/X (sky130_fd_sc_hd__clkbuf_8)
     1    0.01                           clknet_2_2_2_clk (net)
                  0.04    0.00    1.51 ^ clkbuf_2_2_3_clk/A (sky130_fd_sc_hd__clkbuf_8)
                  0.06    0.15    1.66 ^ clkbuf_2_2_3_clk/X (sky130_fd_sc_hd__clkbuf_8)
     2    0.03                           clknet_2_2_3_clk (net)
                  0.06    0.00    1.66 ^ clkbuf_3_4_0_clk/A (sky130_fd_sc_hd__clkbuf_8)
                  0.04    0.13    1.79 ^ clkbuf_3_4_0_clk/X (sky130_fd_sc_hd__clkbuf_8)
     1    0.01                           clknet_3_4_0_clk (net)
                  0.04    0.00    1.79 ^ clkbuf_3_4_1_clk/A (sky130_fd_sc_hd__clkbuf_8)
                  0.06    0.14    1.94 ^ clkbuf_3_4_1_clk/X (sky130_fd_sc_hd__clkbuf_8)
     2    0.03                           clknet_3_4_1_clk (net)
                  0.06    0.00    1.94 ^ clkbuf_4_9_0_clk/A (sky130_fd_sc_hd__clkbuf_8)
                  0.04    0.13    2.06 ^ clkbuf_4_9_0_clk/X (sky130_fd_sc_hd__clkbuf_8)
     1    0.01                           clknet_4_9_0_clk (net)
                  0.04    0.00    2.07 ^ clkbuf_4_9_1_clk/A (sky130_fd_sc_hd__clkbuf_8)
                  0.05    0.14    2.20 ^ clkbuf_4_9_1_clk/X (sky130_fd_sc_hd__clkbuf_8)
     2    0.02                           clknet_4_9_1_clk (net)
                  0.05    0.00    2.20 ^ clkbuf_5_18_0_clk/A (sky130_fd_sc_hd__clkbuf_8)
                  0.05    0.14    2.35 ^ clkbuf_5_18_0_clk/X (sky130_fd_sc_hd__clkbuf_8)
     2    0.02                           clknet_5_18_0_clk (net)
                  0.05    0.00    2.35 ^ clkbuf_6_36_0_clk/A (sky130_fd_sc_hd__clkbuf_8)
                  0.05    0.14    2.48 ^ clkbuf_6_36_0_clk/X (sky130_fd_sc_hd__clkbuf_8)
     2    0.02                           clknet_6_36_0_clk (net)
                  0.05    0.00    2.48 ^ clkbuf_7_73_0_clk/A (sky130_fd_sc_hd__clkbuf_8)
                  0.20    0.25    2.74 ^ clkbuf_7_73_0_clk/X (sky130_fd_sc_hd__clkbuf_8)
    10    0.11                           clknet_7_73_0_clk (net)
                  0.20    0.00    2.74 ^ clkbuf_leaf_750_clk/A (sky130_fd_sc_hd__clkbuf_16)
                  0.06    0.20    2.94 ^ clkbuf_leaf_750_clk/X (sky130_fd_sc_hd__clkbuf_16)
    15    0.04                           clknet_leaf_750_clk (net)
                  0.06    0.00    2.94 ^ _87528_/CLK (sky130_fd_sc_hd__dfxtp_1)
                          0.25    3.19   clock uncertainty
                         -0.11    3.08   clock reconvergence pessimism
                         -0.03    3.05   library hold time
                                  3.05   data required time
-----------------------------------------------------------------------------
                                  3.05   data required time
                                 -3.16   data arrival time
-----------------------------------------------------------------------------
                                  0.10   slack (MET)


