
===========================================================================
 report_check_types -max_slew -max_cap -max_fanout -violators
============================================================================
max fanout

Pin                                   Limit Fanout  Slack
---------------------------------------------------------
clkbuf_leaf_755_clk/X                    10     25    -15 (VIOLATED)
clkbuf_leaf_824_clk/X                    10     25    -15 (VIOLATED)
clkbuf_leaf_836_clk/X                    10     25    -15 (VIOLATED)
clkbuf_leaf_860_clk/X                    10     25    -15 (VIOLATED)
clkbuf_leaf_944_clk/X                    10     25    -15 (VIOLATED)
clkbuf_leaf_987_clk/X                    10     25    -15 (VIOLATED)
clkbuf_leaf_758_clk/X                    10     24    -14 (VIOLATED)
clkbuf_leaf_950_clk/X                    10     24    -14 (VIOLATED)
clkbuf_leaf_902_clk/X                    10     23    -13 (VIOLATED)
clkbuf_leaf_980_clk/X                    10     23    -13 (VIOLATED)
clkbuf_leaf_1096_clk/X                   10     22    -12 (VIOLATED)
clkbuf_leaf_1122_clk/X                   10     22    -12 (VIOLATED)
clkbuf_leaf_849_clk/X                    10     22    -12 (VIOLATED)
clkbuf_leaf_913_clk/X                    10     22    -12 (VIOLATED)
clkbuf_leaf_1017_clk/X                   10     21    -11 (VIOLATED)
clkbuf_leaf_796_clk/X                    10     21    -11 (VIOLATED)
clkbuf_leaf_830_clk/X                    10     21    -11 (VIOLATED)
clkbuf_leaf_831_clk/X                    10     21    -11 (VIOLATED)
clkbuf_leaf_907_clk/X                    10     21    -11 (VIOLATED)
clkbuf_leaf_1013_clk/X                   10     20    -10 (VIOLATED)
clkbuf_leaf_1022_clk/X                   10     20    -10 (VIOLATED)
clkbuf_leaf_1109_clk/X                   10     20    -10 (VIOLATED)
clkbuf_leaf_1184_clk/X                   10     20    -10 (VIOLATED)
clkbuf_leaf_793_clk/X                    10     20    -10 (VIOLATED)
clkbuf_leaf_882_clk/X                    10     20    -10 (VIOLATED)
clkbuf_leaf_942_clk/X                    10     20    -10 (VIOLATED)
clkbuf_leaf_995_clk/X                    10     20    -10 (VIOLATED)
clkbuf_leaf_1014_clk/X                   10     19     -9 (VIOLATED)
clkbuf_leaf_1024_clk/X                   10     19     -9 (VIOLATED)
clkbuf_leaf_1037_clk/X                   10     19     -9 (VIOLATED)
clkbuf_leaf_1074_clk/X                   10     19     -9 (VIOLATED)
clkbuf_leaf_760_clk/X                    10     19     -9 (VIOLATED)
clkbuf_leaf_834_clk/X                    10     19     -9 (VIOLATED)
clkbuf_leaf_839_clk/X                    10     19     -9 (VIOLATED)
clkbuf_leaf_868_clk/X                    10     19     -9 (VIOLATED)
clkbuf_leaf_906_clk/X                    10     19     -9 (VIOLATED)
clkbuf_leaf_1016_clk/X                   10     18     -8 (VIOLATED)
clkbuf_leaf_1106_clk/X                   10     18     -8 (VIOLATED)
clkbuf_leaf_813_clk/X                    10     18     -8 (VIOLATED)
clkbuf_leaf_825_clk/X                    10     18     -8 (VIOLATED)
clkbuf_leaf_829_clk/X                    10     18     -8 (VIOLATED)
clkbuf_leaf_931_clk/X                    10     18     -8 (VIOLATED)
clkbuf_leaf_945_clk/X                    10     18     -8 (VIOLATED)
clkbuf_leaf_952_clk/X                    10     18     -8 (VIOLATED)
clkbuf_leaf_962_clk/X                    10     18     -8 (VIOLATED)
clkbuf_leaf_990_clk/X                    10     18     -8 (VIOLATED)
clkbuf_7_63_0_clk/X                      10     17     -7 (VIOLATED)
clkbuf_leaf_1097_clk/X                   10     17     -7 (VIOLATED)
clkbuf_leaf_1102_clk/X                   10     17     -7 (VIOLATED)
clkbuf_leaf_1157_clk/X                   10     17     -7 (VIOLATED)
clkbuf_leaf_694_clk/X                    10     17     -7 (VIOLATED)
clkbuf_leaf_751_clk/X                    10     17     -7 (VIOLATED)
clkbuf_leaf_766_clk/X                    10     17     -7 (VIOLATED)
clkbuf_leaf_778_clk/X                    10     17     -7 (VIOLATED)
clkbuf_leaf_799_clk/X                    10     17     -7 (VIOLATED)
clkbuf_leaf_859_clk/X                    10     17     -7 (VIOLATED)
clkbuf_leaf_863_clk/X                    10     17     -7 (VIOLATED)
clkbuf_leaf_864_clk/X                    10     17     -7 (VIOLATED)
clkbuf_leaf_865_clk/X                    10     17     -7 (VIOLATED)
clkbuf_leaf_885_clk/X                    10     17     -7 (VIOLATED)
clkbuf_leaf_900_clk/X                    10     17     -7 (VIOLATED)
clkbuf_leaf_914_clk/X                    10     17     -7 (VIOLATED)
clkbuf_leaf_985_clk/X                    10     17     -7 (VIOLATED)
clkbuf_7_53_0_clk/X                      10     16     -6 (VIOLATED)
clkbuf_leaf_1007_clk/X                   10     16     -6 (VIOLATED)
clkbuf_leaf_1075_clk/X                   10     16     -6 (VIOLATED)
clkbuf_leaf_1134_clk/X                   10     16     -6 (VIOLATED)
clkbuf_leaf_1183_clk/X                   10     16     -6 (VIOLATED)
clkbuf_leaf_678_clk/X                    10     16     -6 (VIOLATED)
clkbuf_leaf_746_clk/X                    10     16     -6 (VIOLATED)
clkbuf_leaf_759_clk/X                    10     16     -6 (VIOLATED)
clkbuf_leaf_761_clk/X                    10     16     -6 (VIOLATED)
clkbuf_leaf_783_clk/X                    10     16     -6 (VIOLATED)
clkbuf_leaf_794_clk/X                    10     16     -6 (VIOLATED)
clkbuf_leaf_807_clk/X                    10     16     -6 (VIOLATED)
clkbuf_leaf_821_clk/X                    10     16     -6 (VIOLATED)
clkbuf_leaf_822_clk/X                    10     16     -6 (VIOLATED)
clkbuf_leaf_823_clk/X                    10     16     -6 (VIOLATED)
clkbuf_leaf_843_clk/X                    10     16     -6 (VIOLATED)
clkbuf_leaf_848_clk/X                    10     16     -6 (VIOLATED)
clkbuf_leaf_870_clk/X                    10     16     -6 (VIOLATED)
clkbuf_leaf_879_clk/X                    10     16     -6 (VIOLATED)
clkbuf_leaf_880_clk/X                    10     16     -6 (VIOLATED)
clkbuf_leaf_901_clk/X                    10     16     -6 (VIOLATED)
clkbuf_leaf_946_clk/X                    10     16     -6 (VIOLATED)
clkbuf_leaf_959_clk/X                    10     16     -6 (VIOLATED)
clkbuf_leaf_991_clk/X                    10     16     -6 (VIOLATED)
clkbuf_leaf_997_clk/X                    10     16     -6 (VIOLATED)
clkbuf_7_25_0_clk/X                      10     15     -5 (VIOLATED)
clkbuf_7_28_0_clk/X                      10     15     -5 (VIOLATED)
clkbuf_leaf_1002_clk/X                   10     15     -5 (VIOLATED)
clkbuf_leaf_1003_clk/X                   10     15     -5 (VIOLATED)
clkbuf_leaf_1027_clk/X                   10     15     -5 (VIOLATED)
clkbuf_leaf_1032_clk/X                   10     15     -5 (VIOLATED)
clkbuf_leaf_1035_clk/X                   10     15     -5 (VIOLATED)
clkbuf_leaf_1050_clk/X                   10     15     -5 (VIOLATED)
clkbuf_leaf_1103_clk/X                   10     15     -5 (VIOLATED)
clkbuf_leaf_1114_clk/X                   10     15     -5 (VIOLATED)
clkbuf_leaf_1168_clk/X                   10     15     -5 (VIOLATED)
clkbuf_leaf_1182_clk/X                   10     15     -5 (VIOLATED)
clkbuf_leaf_187_clk/X                    10     15     -5 (VIOLATED)
clkbuf_leaf_25_clk/X                     10     15     -5 (VIOLATED)
clkbuf_leaf_641_clk/X                    10     15     -5 (VIOLATED)
clkbuf_leaf_669_clk/X                    10     15     -5 (VIOLATED)
clkbuf_leaf_681_clk/X                    10     15     -5 (VIOLATED)
clkbuf_leaf_750_clk/X                    10     15     -5 (VIOLATED)
clkbuf_leaf_826_clk/X                    10     15     -5 (VIOLATED)
clkbuf_leaf_827_clk/X                    10     15     -5 (VIOLATED)
clkbuf_leaf_855_clk/X                    10     15     -5 (VIOLATED)
clkbuf_leaf_869_clk/X                    10     15     -5 (VIOLATED)
clkbuf_leaf_895_clk/X                    10     15     -5 (VIOLATED)
clkbuf_leaf_899_clk/X                    10     15     -5 (VIOLATED)
clkbuf_leaf_941_clk/X                    10     15     -5 (VIOLATED)
clkbuf_leaf_943_clk/X                    10     15     -5 (VIOLATED)
clkbuf_leaf_960_clk/X                    10     15     -5 (VIOLATED)
clkbuf_leaf_992_clk/X                    10     15     -5 (VIOLATED)
clkbuf_leaf_994_clk/X                    10     15     -5 (VIOLATED)
clkbuf_7_15_0_clk/X                      10     14     -4 (VIOLATED)
clkbuf_7_31_0_clk/X                      10     14     -4 (VIOLATED)
clkbuf_7_38_0_clk/X                      10     14     -4 (VIOLATED)
clkbuf_7_47_0_clk/X                      10     14     -4 (VIOLATED)
clkbuf_7_60_0_clk/X                      10     14     -4 (VIOLATED)
clkbuf_7_9_0_clk/X                       10     14     -4 (VIOLATED)
clkbuf_leaf_1015_clk/X                   10     14     -4 (VIOLATED)
clkbuf_leaf_1018_clk/X                   10     14     -4 (VIOLATED)
clkbuf_leaf_1028_clk/X                   10     14     -4 (VIOLATED)
clkbuf_leaf_1029_clk/X                   10     14     -4 (VIOLATED)
clkbuf_leaf_1033_clk/X                   10     14     -4 (VIOLATED)
clkbuf_leaf_1034_clk/X                   10     14     -4 (VIOLATED)
clkbuf_leaf_1039_clk/X                   10     14     -4 (VIOLATED)
clkbuf_leaf_1046_clk/X                   10     14     -4 (VIOLATED)
clkbuf_leaf_1078_clk/X                   10     14     -4 (VIOLATED)
clkbuf_leaf_1079_clk/X                   10     14     -4 (VIOLATED)
clkbuf_leaf_1113_clk/X                   10     14     -4 (VIOLATED)
clkbuf_leaf_1176_clk/X                   10     14     -4 (VIOLATED)
clkbuf_leaf_189_clk/X                    10     14     -4 (VIOLATED)
clkbuf_leaf_248_clk/X                    10     14     -4 (VIOLATED)
clkbuf_leaf_31_clk/X                     10     14     -4 (VIOLATED)
clkbuf_leaf_687_clk/X                    10     14     -4 (VIOLATED)
clkbuf_leaf_734_clk/X                    10     14     -4 (VIOLATED)
clkbuf_leaf_735_clk/X                    10     14     -4 (VIOLATED)
clkbuf_leaf_802_clk/X                    10     14     -4 (VIOLATED)
clkbuf_leaf_809_clk/X                    10     14     -4 (VIOLATED)
clkbuf_leaf_811_clk/X                    10     14     -4 (VIOLATED)
clkbuf_leaf_812_clk/X                    10     14     -4 (VIOLATED)
clkbuf_leaf_835_clk/X                    10     14     -4 (VIOLATED)
clkbuf_leaf_842_clk/X                    10     14     -4 (VIOLATED)
clkbuf_leaf_847_clk/X                    10     14     -4 (VIOLATED)
clkbuf_leaf_862_clk/X                    10     14     -4 (VIOLATED)
clkbuf_leaf_903_clk/X                    10     14     -4 (VIOLATED)
clkbuf_leaf_918_clk/X                    10     14     -4 (VIOLATED)
clkbuf_leaf_958_clk/X                    10     14     -4 (VIOLATED)
clkbuf_leaf_974_clk/X                    10     14     -4 (VIOLATED)
clkbuf_leaf_979_clk/X                    10     14     -4 (VIOLATED)
clkbuf_leaf_998_clk/X                    10     14     -4 (VIOLATED)
clkbuf_7_108_0_clk/X                     10     13     -3 (VIOLATED)
clkbuf_7_12_0_clk/X                      10     13     -3 (VIOLATED)
clkbuf_7_20_0_clk/X                      10     13     -3 (VIOLATED)
clkbuf_7_26_0_clk/X                      10     13     -3 (VIOLATED)
clkbuf_7_27_0_clk/X                      10     13     -3 (VIOLATED)
clkbuf_7_36_0_clk/X                      10     13     -3 (VIOLATED)
clkbuf_7_56_0_clk/X                      10     13     -3 (VIOLATED)
clkbuf_7_57_0_clk/X                      10     13     -3 (VIOLATED)
clkbuf_7_61_0_clk/X                      10     13     -3 (VIOLATED)
clkbuf_7_62_0_clk/X                      10     13     -3 (VIOLATED)
clkbuf_7_8_0_clk/X                       10     13     -3 (VIOLATED)
clkbuf_leaf_1010_clk/X                   10     13     -3 (VIOLATED)
clkbuf_leaf_1048_clk/X                   10     13     -3 (VIOLATED)
clkbuf_leaf_1051_clk/X                   10     13     -3 (VIOLATED)
clkbuf_leaf_1080_clk/X                   10     13     -3 (VIOLATED)
clkbuf_leaf_1082_clk/X                   10     13     -3 (VIOLATED)
clkbuf_leaf_1094_clk/X                   10     13     -3 (VIOLATED)
clkbuf_leaf_1100_clk/X                   10     13     -3 (VIOLATED)
clkbuf_leaf_1101_clk/X                   10     13     -3 (VIOLATED)
clkbuf_leaf_1135_clk/X                   10     13     -3 (VIOLATED)
clkbuf_leaf_1159_clk/X                   10     13     -3 (VIOLATED)
clkbuf_leaf_1165_clk/X                   10     13     -3 (VIOLATED)
clkbuf_leaf_1180_clk/X                   10     13     -3 (VIOLATED)
clkbuf_leaf_1181_clk/X                   10     13     -3 (VIOLATED)
clkbuf_leaf_1190_clk/X                   10     13     -3 (VIOLATED)
clkbuf_leaf_181_clk/X                    10     13     -3 (VIOLATED)
clkbuf_leaf_258_clk/X                    10     13     -3 (VIOLATED)
clkbuf_leaf_643_clk/X                    10     13     -3 (VIOLATED)
clkbuf_leaf_648_clk/X                    10     13     -3 (VIOLATED)
clkbuf_leaf_682_clk/X                    10     13     -3 (VIOLATED)
clkbuf_leaf_686_clk/X                    10     13     -3 (VIOLATED)
clkbuf_leaf_689_clk/X                    10     13     -3 (VIOLATED)
clkbuf_leaf_770_clk/X                    10     13     -3 (VIOLATED)
clkbuf_leaf_776_clk/X                    10     13     -3 (VIOLATED)
clkbuf_leaf_801_clk/X                    10     13     -3 (VIOLATED)
clkbuf_leaf_832_clk/X                    10     13     -3 (VIOLATED)
clkbuf_leaf_837_clk/X                    10     13     -3 (VIOLATED)
clkbuf_leaf_840_clk/X                    10     13     -3 (VIOLATED)
clkbuf_leaf_846_clk/X                    10     13     -3 (VIOLATED)
clkbuf_leaf_874_clk/X                    10     13     -3 (VIOLATED)
clkbuf_leaf_892_clk/X                    10     13     -3 (VIOLATED)
clkbuf_leaf_927_clk/X                    10     13     -3 (VIOLATED)
clkbuf_leaf_938_clk/X                    10     13     -3 (VIOLATED)
clkbuf_leaf_961_clk/X                    10     13     -3 (VIOLATED)
clkbuf_leaf_965_clk/X                    10     13     -3 (VIOLATED)
clkbuf_leaf_976_clk/X                    10     13     -3 (VIOLATED)
clkbuf_leaf_984_clk/X                    10     13     -3 (VIOLATED)
clkbuf_leaf_988_clk/X                    10     13     -3 (VIOLATED)
clkbuf_leaf_999_clk/X                    10     13     -3 (VIOLATED)
clkbuf_7_22_0_clk/X                      10     12     -2 (VIOLATED)
clkbuf_7_23_0_clk/X                      10     12     -2 (VIOLATED)
clkbuf_7_24_0_clk/X                      10     12     -2 (VIOLATED)
clkbuf_7_29_0_clk/X                      10     12     -2 (VIOLATED)
clkbuf_7_30_0_clk/X                      10     12     -2 (VIOLATED)
clkbuf_7_32_0_clk/X                      10     12     -2 (VIOLATED)
clkbuf_7_34_0_clk/X                      10     12     -2 (VIOLATED)
clkbuf_7_35_0_clk/X                      10     12     -2 (VIOLATED)
clkbuf_7_3_0_clk/X                       10     12     -2 (VIOLATED)
clkbuf_7_58_0_clk/X                      10     12     -2 (VIOLATED)
clkbuf_7_79_0_clk/X                      10     12     -2 (VIOLATED)
clkbuf_leaf_1000_clk/X                   10     12     -2 (VIOLATED)
clkbuf_leaf_1020_clk/X                   10     12     -2 (VIOLATED)
clkbuf_leaf_1025_clk/X                   10     12     -2 (VIOLATED)
clkbuf_leaf_1030_clk/X                   10     12     -2 (VIOLATED)
clkbuf_leaf_1038_clk/X                   10     12     -2 (VIOLATED)
clkbuf_leaf_1052_clk/X                   10     12     -2 (VIOLATED)
clkbuf_leaf_1055_clk/X                   10     12     -2 (VIOLATED)
clkbuf_leaf_1073_clk/X                   10     12     -2 (VIOLATED)
clkbuf_leaf_1089_clk/X                   10     12     -2 (VIOLATED)
clkbuf_leaf_1093_clk/X                   10     12     -2 (VIOLATED)
clkbuf_leaf_1121_clk/X                   10     12     -2 (VIOLATED)
clkbuf_leaf_1160_clk/X                   10     12     -2 (VIOLATED)
clkbuf_leaf_1178_clk/X                   10     12     -2 (VIOLATED)
clkbuf_leaf_167_clk/X                    10     12     -2 (VIOLATED)
clkbuf_leaf_4_clk/X                      10     12     -2 (VIOLATED)
clkbuf_leaf_531_clk/X                    10     12     -2 (VIOLATED)
clkbuf_leaf_613_clk/X                    10     12     -2 (VIOLATED)
clkbuf_leaf_675_clk/X                    10     12     -2 (VIOLATED)
clkbuf_leaf_683_clk/X                    10     12     -2 (VIOLATED)
clkbuf_leaf_773_clk/X                    10     12     -2 (VIOLATED)
clkbuf_leaf_781_clk/X                    10     12     -2 (VIOLATED)
clkbuf_leaf_791_clk/X                    10     12     -2 (VIOLATED)
clkbuf_leaf_805_clk/X                    10     12     -2 (VIOLATED)
clkbuf_leaf_808_clk/X                    10     12     -2 (VIOLATED)
clkbuf_leaf_820_clk/X                    10     12     -2 (VIOLATED)
clkbuf_leaf_844_clk/X                    10     12     -2 (VIOLATED)
clkbuf_leaf_858_clk/X                    10     12     -2 (VIOLATED)
clkbuf_leaf_873_clk/X                    10     12     -2 (VIOLATED)
clkbuf_leaf_878_clk/X                    10     12     -2 (VIOLATED)
clkbuf_leaf_884_clk/X                    10     12     -2 (VIOLATED)
clkbuf_leaf_886_clk/X                    10     12     -2 (VIOLATED)
clkbuf_leaf_925_clk/X                    10     12     -2 (VIOLATED)
clkbuf_leaf_951_clk/X                    10     12     -2 (VIOLATED)
clkbuf_leaf_953_clk/X                    10     12     -2 (VIOLATED)
clkbuf_leaf_963_clk/X                    10     12     -2 (VIOLATED)
clkbuf_leaf_989_clk/X                    10     12     -2 (VIOLATED)
clkbuf_leaf_993_clk/X                    10     12     -2 (VIOLATED)
clkbuf_leaf_996_clk/X                    10     12     -2 (VIOLATED)
clkbuf_7_13_0_clk/X                      10     11        (VIOLATED)
clkbuf_7_16_0_clk/X                      10     11        (VIOLATED)
clkbuf_7_18_0_clk/X                      10     11        (VIOLATED)
clkbuf_7_21_0_clk/X                      10     11        (VIOLATED)
clkbuf_7_2_0_clk/X                       10     11        (VIOLATED)
clkbuf_7_37_0_clk/X                      10     11        (VIOLATED)
clkbuf_7_39_0_clk/X                      10     11        (VIOLATED)
clkbuf_7_4_0_clk/X                       10     11        (VIOLATED)
clkbuf_7_51_0_clk/X                      10     11        (VIOLATED)
clkbuf_7_52_0_clk/X                      10     11        (VIOLATED)
clkbuf_7_55_0_clk/X                      10     11        (VIOLATED)
clkbuf_7_59_0_clk/X                      10     11        (VIOLATED)
clkbuf_7_88_0_clk/X                      10     11        (VIOLATED)
clkbuf_7_92_0_clk/X                      10     11        (VIOLATED)
clkbuf_leaf_1004_clk/X                   10     11        (VIOLATED)
clkbuf_leaf_1006_clk/X                   10     11        (VIOLATED)
clkbuf_leaf_1011_clk/X                   10     11        (VIOLATED)
clkbuf_leaf_1021_clk/X                   10     11        (VIOLATED)
clkbuf_leaf_1042_clk/X                   10     11        (VIOLATED)
clkbuf_leaf_1071_clk/X                   10     11        (VIOLATED)
clkbuf_leaf_1099_clk/X                   10     11        (VIOLATED)
clkbuf_leaf_1105_clk/X                   10     11        (VIOLATED)
clkbuf_leaf_1108_clk/X                   10     11        (VIOLATED)
clkbuf_leaf_1127_clk/X                   10     11        (VIOLATED)
clkbuf_leaf_1131_clk/X                   10     11        (VIOLATED)
clkbuf_leaf_1139_clk/X                   10     11        (VIOLATED)
clkbuf_leaf_1166_clk/X                   10     11        (VIOLATED)
clkbuf_leaf_190_clk/X                    10     11        (VIOLATED)
clkbuf_leaf_24_clk/X                     10     11        (VIOLATED)
clkbuf_leaf_260_clk/X                    10     11        (VIOLATED)
clkbuf_leaf_32_clk/X                     10     11        (VIOLATED)
clkbuf_leaf_42_clk/X                     10     11        (VIOLATED)
clkbuf_leaf_54_clk/X                     10     11        (VIOLATED)
clkbuf_leaf_638_clk/X                    10     11        (VIOLATED)
clkbuf_leaf_647_clk/X                    10     11        (VIOLATED)
clkbuf_leaf_664_clk/X                    10     11        (VIOLATED)
clkbuf_leaf_66_clk/X                     10     11        (VIOLATED)
clkbuf_leaf_680_clk/X                    10     11        (VIOLATED)
clkbuf_leaf_685_clk/X                    10     11        (VIOLATED)
clkbuf_leaf_736_clk/X                    10     11        (VIOLATED)
clkbuf_leaf_762_clk/X                    10     11        (VIOLATED)
clkbuf_leaf_771_clk/X                    10     11        (VIOLATED)
clkbuf_leaf_774_clk/X                    10     11        (VIOLATED)
clkbuf_leaf_775_clk/X                    10     11        (VIOLATED)
clkbuf_leaf_777_clk/X                    10     11        (VIOLATED)
clkbuf_leaf_856_clk/X                    10     11        (VIOLATED)
clkbuf_leaf_866_clk/X                    10     11        (VIOLATED)
clkbuf_leaf_872_clk/X                    10     11        (VIOLATED)
clkbuf_leaf_883_clk/X                    10     11        (VIOLATED)
clkbuf_leaf_908_clk/X                    10     11        (VIOLATED)
clkbuf_leaf_947_clk/X                    10     11        (VIOLATED)
clkbuf_leaf_95_clk/X                     10     11        (VIOLATED)
clkbuf_leaf_970_clk/X                    10     11        (VIOLATED)


===========================================================================
max slew violation count 0
max fanout violation count 306
max cap violation count 0
============================================================================
