
===========================================================================
report_checks -path_delay min (Hold)
============================================================================
Startpoint: _94965_ (rising edge-triggered flip-flop clocked by clk)
Endpoint: _94965_ (rising edge-triggered flip-flop clocked by clk)
Path Group: clk
Path Type: min

Fanout     Cap    Slew   Delay    Time   Description
-----------------------------------------------------------------------------
                  0.15    0.00    0.00   clock clk (rise edge)
                          0.00    0.00   clock network delay (ideal)
                  0.15    0.00    0.00 ^ _94965_/CLK (sky130_fd_sc_hd__dfxtp_1)
                  0.08    0.35    0.35 ^ _94965_/Q (sky130_fd_sc_hd__dfxtp_1)
     2    0.01                           l1dcache_u.counter[7] (net)
                  0.08    0.00    0.35 ^ _84497_/A (sky130_fd_sc_hd__xor2_1)
                  0.03    0.06    0.41 v _84497_/X (sky130_fd_sc_hd__xor2_1)
     1    0.00                           _08075_ (net)
                  0.03    0.00    0.41 v _94965_/D (sky130_fd_sc_hd__dfxtp_1)
                                  0.41   data arrival time

                  0.15    0.00    0.00   clock clk (rise edge)
                          0.00    0.00   clock network delay (ideal)
                          0.25    0.25   clock uncertainty
                          0.00    0.25   clock reconvergence pessimism
                                  0.25 ^ _94965_/CLK (sky130_fd_sc_hd__dfxtp_1)
                         -0.03    0.22   library hold time
                                  0.22   data required time
-----------------------------------------------------------------------------
                                  0.22   data required time
                                 -0.41   data arrival time
-----------------------------------------------------------------------------
                                  0.19   slack (MET)


Startpoint: _95265_ (rising edge-triggered flip-flop clocked by clk)
Endpoint: _95264_ (rising edge-triggered flip-flop clocked by clk)
Path Group: clk
Path Type: min

Fanout     Cap    Slew   Delay    Time   Description
-----------------------------------------------------------------------------
                  0.15    0.00    0.00   clock clk (rise edge)
                          0.00    0.00   clock network delay (ideal)
                  0.15    0.00    0.00 ^ _95265_/CLK (sky130_fd_sc_hd__dfxtp_1)
                  0.04    0.32    0.32 ^ _95265_/Q (sky130_fd_sc_hd__dfxtp_1)
     1    0.00                           l1dcache_u.S2_OPCODE_Q.dff_q (net)
                  0.04    0.00    0.32 ^ _46052_/A1 (sky130_fd_sc_hd__a21o_1)
                  0.05    0.10    0.42 ^ _46052_/X (sky130_fd_sc_hd__a21o_1)
     2    0.00                           l1dcache_u.S2_OPCODE.d (net)
                  0.05    0.00    0.42 ^ _95264_/D (sky130_fd_sc_hd__dfxtp_4)
                                  0.42   data arrival time

                  0.15    0.00    0.00   clock clk (rise edge)
                          0.00    0.00   clock network delay (ideal)
                          0.25    0.25   clock uncertainty
                          0.00    0.25   clock reconvergence pessimism
                                  0.25 ^ _95264_/CLK (sky130_fd_sc_hd__dfxtp_4)
                         -0.02    0.23   library hold time
                                  0.23   data required time
-----------------------------------------------------------------------------
                                  0.23   data required time
                                 -0.42   data arrival time
-----------------------------------------------------------------------------
                                  0.19   slack (MET)


Startpoint: _95023_ (rising edge-triggered flip-flop clocked by clk)
Endpoint: _95185_ (rising edge-triggered flip-flop clocked by clk)
Path Group: clk
Path Type: min

Fanout     Cap    Slew   Delay    Time   Description
-----------------------------------------------------------------------------
                  0.15    0.00    0.00   clock clk (rise edge)
                          0.00    0.00   clock network delay (ideal)
                  0.15    0.00    0.00 ^ _95023_/CLK (sky130_fd_sc_hd__dfxtp_1)
                  0.04    0.32    0.32 ^ _95023_/Q (sky130_fd_sc_hd__dfxtp_1)
     1    0.00                           l1dcache_u.S2_VALID_Q.dff_q (net)
                  0.04    0.00    0.32 ^ _47865_/A1 (sky130_fd_sc_hd__a21o_1)
                  0.05    0.10    0.42 ^ _47865_/X (sky130_fd_sc_hd__a21o_1)
     2    0.00                           l1dcache_u.S2_VALID.d (net)
                  0.05    0.00    0.42 ^ _95185_/D (sky130_fd_sc_hd__dfxtp_4)
                                  0.42   data arrival time

                  0.15    0.00    0.00   clock clk (rise edge)
                          0.00    0.00   clock network delay (ideal)
                          0.25    0.25   clock uncertainty
                          0.00    0.25   clock reconvergence pessimism
                                  0.25 ^ _95185_/CLK (sky130_fd_sc_hd__dfxtp_4)
                         -0.02    0.23   library hold time
                                  0.23   data required time
-----------------------------------------------------------------------------
                                  0.23   data required time
                                 -0.42   data arrival time
-----------------------------------------------------------------------------
                                  0.19   slack (MET)


Startpoint: _91691_ (rising edge-triggered flip-flop clocked by clk)
Endpoint: _91691_ (rising edge-triggered flip-flop clocked by clk)
Path Group: clk
Path Type: min

Fanout     Cap    Slew   Delay    Time   Description
-----------------------------------------------------------------------------
                  0.15    0.00    0.00   clock clk (rise edge)
                          0.00    0.00   clock network delay (ideal)
                  0.15    0.00    0.00 ^ _91691_/CLK (sky130_fd_sc_hd__dfxtp_1)
                  0.06    0.34    0.34 ^ _91691_/Q (sky130_fd_sc_hd__dfxtp_1)
     2    0.01                           core_u.hehe_backend.backend_new_fu.fu_lsu.nblsu_lsq.load_store_queue[0][6] (net)
                  0.06    0.00    0.34 ^ _65126_/A1 (sky130_fd_sc_hd__a21o_1)
                  0.03    0.10    0.43 ^ _65126_/X (sky130_fd_sc_hd__a21o_1)
     1    0.00                           _04952_ (net)
                  0.03    0.00    0.43 ^ _91691_/D (sky130_fd_sc_hd__dfxtp_1)
                                  0.43   data arrival time

                  0.15    0.00    0.00   clock clk (rise edge)
                          0.00    0.00   clock network delay (ideal)
                          0.25    0.25   clock uncertainty
                          0.00    0.25   clock reconvergence pessimism
                                  0.25 ^ _91691_/CLK (sky130_fd_sc_hd__dfxtp_1)
                         -0.01    0.24   library hold time
                                  0.24   data required time
-----------------------------------------------------------------------------
                                  0.24   data required time
                                 -0.43   data arrival time
-----------------------------------------------------------------------------
                                  0.20   slack (MET)


Startpoint: _96086_ (rising edge-triggered flip-flop clocked by clk)
Endpoint: _96086_ (rising edge-triggered flip-flop clocked by clk)
Path Group: clk
Path Type: min

Fanout     Cap    Slew   Delay    Time   Description
-----------------------------------------------------------------------------
                  0.15    0.00    0.00   clock clk (rise edge)
                          0.00    0.00   clock network delay (ideal)
                  0.15    0.00    0.00 ^ _96086_/CLK (sky130_fd_sc_hd__dfxtp_1)
                  0.06    0.34    0.34 ^ _96086_/Q (sky130_fd_sc_hd__dfxtp_1)
     2    0.01                           l1dcache_u.data_save[58] (net)
                  0.06    0.00    0.34 ^ _86385_/A1 (sky130_fd_sc_hd__a21o_1)
                  0.03    0.09    0.43 ^ _86385_/X (sky130_fd_sc_hd__a21o_1)
     1    0.00                           _09009_ (net)
                  0.03    0.00    0.43 ^ _96086_/D (sky130_fd_sc_hd__dfxtp_1)
                                  0.43   data arrival time

                  0.15    0.00    0.00   clock clk (rise edge)
                          0.00    0.00   clock network delay (ideal)
                          0.25    0.25   clock uncertainty
                          0.00    0.25   clock reconvergence pessimism
                                  0.25 ^ _96086_/CLK (sky130_fd_sc_hd__dfxtp_1)
                         -0.01    0.24   library hold time
                                  0.24   data required time
-----------------------------------------------------------------------------
                                  0.24   data required time
                                 -0.43   data arrival time
-----------------------------------------------------------------------------
                                  0.20   slack (MET)


