
===========================================================================
 report_check_types -max_slew -max_cap -max_fanout -violators
============================================================================
max fanout

Pin                                   Limit Fanout  Slack
---------------------------------------------------------
clkbuf_leaf_1110_clk/X                   10     25    -15 (VIOLATED)
clkbuf_leaf_266_clk/X                    10     25    -15 (VIOLATED)
clkbuf_leaf_854_clk/X                    10     25    -15 (VIOLATED)
clkbuf_leaf_1008_clk/X                   10     24    -14 (VIOLATED)
clkbuf_leaf_998_clk/X                    10     24    -14 (VIOLATED)
clkbuf_leaf_801_clk/X                    10     23    -13 (VIOLATED)
clkbuf_leaf_875_clk/X                    10     23    -13 (VIOLATED)
clkbuf_leaf_885_clk/X                    10     23    -13 (VIOLATED)
clkbuf_leaf_1163_clk/X                   10     22    -12 (VIOLATED)
clkbuf_leaf_776_clk/X                    10     22    -12 (VIOLATED)
clkbuf_leaf_1019_clk/X                   10     21    -11 (VIOLATED)
clkbuf_leaf_1026_clk/X                   10     21    -11 (VIOLATED)
clkbuf_leaf_1032_clk/X                   10     21    -11 (VIOLATED)
clkbuf_leaf_785_clk/X                    10     21    -11 (VIOLATED)
clkbuf_leaf_810_clk/X                    10     21    -11 (VIOLATED)
clkbuf_leaf_859_clk/X                    10     21    -11 (VIOLATED)
clkbuf_leaf_865_clk/X                    10     21    -11 (VIOLATED)
clkbuf_leaf_777_clk/X                    10     20    -10 (VIOLATED)
clkbuf_leaf_850_clk/X                    10     20    -10 (VIOLATED)
clkbuf_leaf_902_clk/X                    10     20    -10 (VIOLATED)
clkbuf_leaf_1003_clk/X                   10     19     -9 (VIOLATED)
clkbuf_leaf_1015_clk/X                   10     19     -9 (VIOLATED)
clkbuf_leaf_1031_clk/X                   10     19     -9 (VIOLATED)
clkbuf_leaf_1093_clk/X                   10     19     -9 (VIOLATED)
clkbuf_leaf_1165_clk/X                   10     19     -9 (VIOLATED)
clkbuf_leaf_784_clk/X                    10     19     -9 (VIOLATED)
clkbuf_leaf_905_clk/X                    10     19     -9 (VIOLATED)
clkbuf_leaf_991_clk/X                    10     19     -9 (VIOLATED)
clkbuf_7_102_0_clk/X                     10     18     -8 (VIOLATED)
clkbuf_7_88_0_clk/X                      10     18     -8 (VIOLATED)
clkbuf_leaf_1022_clk/X                   10     18     -8 (VIOLATED)
clkbuf_leaf_1064_clk/X                   10     18     -8 (VIOLATED)
clkbuf_leaf_1065_clk/X                   10     18     -8 (VIOLATED)
clkbuf_leaf_1096_clk/X                   10     18     -8 (VIOLATED)
clkbuf_leaf_1104_clk/X                   10     18     -8 (VIOLATED)
clkbuf_leaf_849_clk/X                    10     18     -8 (VIOLATED)
clkbuf_leaf_853_clk/X                    10     18     -8 (VIOLATED)
clkbuf_leaf_887_clk/X                    10     18     -8 (VIOLATED)
clkbuf_leaf_929_clk/X                    10     18     -8 (VIOLATED)
clkbuf_leaf_975_clk/X                    10     18     -8 (VIOLATED)
clkbuf_leaf_1025_clk/X                   10     17     -7 (VIOLATED)
clkbuf_leaf_1028_clk/X                   10     17     -7 (VIOLATED)
clkbuf_leaf_1053_clk/X                   10     17     -7 (VIOLATED)
clkbuf_leaf_669_clk/X                    10     17     -7 (VIOLATED)
clkbuf_leaf_751_clk/X                    10     17     -7 (VIOLATED)
clkbuf_leaf_778_clk/X                    10     17     -7 (VIOLATED)
clkbuf_leaf_792_clk/X                    10     17     -7 (VIOLATED)
clkbuf_leaf_813_clk/X                    10     17     -7 (VIOLATED)
clkbuf_leaf_931_clk/X                    10     17     -7 (VIOLATED)
clkbuf_leaf_959_clk/X                    10     17     -7 (VIOLATED)
clkbuf_leaf_973_clk/X                    10     17     -7 (VIOLATED)
clkbuf_leaf_980_clk/X                    10     17     -7 (VIOLATED)
clkbuf_leaf_983_clk/X                    10     17     -7 (VIOLATED)
clkbuf_leaf_989_clk/X                    10     17     -7 (VIOLATED)
clkbuf_7_103_0_clk/X                     10     16     -6 (VIOLATED)
clkbuf_7_70_0_clk/X                      10     16     -6 (VIOLATED)
clkbuf_leaf_1006_clk/X                   10     16     -6 (VIOLATED)
clkbuf_leaf_1016_clk/X                   10     16     -6 (VIOLATED)
clkbuf_leaf_1042_clk/X                   10     16     -6 (VIOLATED)
clkbuf_leaf_1054_clk/X                   10     16     -6 (VIOLATED)
clkbuf_leaf_1056_clk/X                   10     16     -6 (VIOLATED)
clkbuf_leaf_1067_clk/X                   10     16     -6 (VIOLATED)
clkbuf_leaf_173_clk/X                    10     16     -6 (VIOLATED)
clkbuf_leaf_743_clk/X                    10     16     -6 (VIOLATED)
clkbuf_leaf_747_clk/X                    10     16     -6 (VIOLATED)
clkbuf_leaf_775_clk/X                    10     16     -6 (VIOLATED)
clkbuf_leaf_786_clk/X                    10     16     -6 (VIOLATED)
clkbuf_leaf_796_clk/X                    10     16     -6 (VIOLATED)
clkbuf_leaf_804_clk/X                    10     16     -6 (VIOLATED)
clkbuf_leaf_823_clk/X                    10     16     -6 (VIOLATED)
clkbuf_leaf_842_clk/X                    10     16     -6 (VIOLATED)
clkbuf_leaf_851_clk/X                    10     16     -6 (VIOLATED)
clkbuf_leaf_855_clk/X                    10     16     -6 (VIOLATED)
clkbuf_leaf_867_clk/X                    10     16     -6 (VIOLATED)
clkbuf_leaf_881_clk/X                    10     16     -6 (VIOLATED)
clkbuf_leaf_886_clk/X                    10     16     -6 (VIOLATED)
clkbuf_7_68_0_clk/X                      10     15     -5 (VIOLATED)
clkbuf_7_71_0_clk/X                      10     15     -5 (VIOLATED)
clkbuf_7_89_0_clk/X                      10     15     -5 (VIOLATED)
clkbuf_7_94_0_clk/X                      10     15     -5 (VIOLATED)
clkbuf_leaf_1002_clk/X                   10     15     -5 (VIOLATED)
clkbuf_leaf_1009_clk/X                   10     15     -5 (VIOLATED)
clkbuf_leaf_1035_clk/X                   10     15     -5 (VIOLATED)
clkbuf_leaf_1051_clk/X                   10     15     -5 (VIOLATED)
clkbuf_leaf_1052_clk/X                   10     15     -5 (VIOLATED)
clkbuf_leaf_1063_clk/X                   10     15     -5 (VIOLATED)
clkbuf_leaf_1088_clk/X                   10     15     -5 (VIOLATED)
clkbuf_leaf_1146_clk/X                   10     15     -5 (VIOLATED)
clkbuf_leaf_1150_clk/X                   10     15     -5 (VIOLATED)
clkbuf_leaf_1152_clk/X                   10     15     -5 (VIOLATED)
clkbuf_leaf_1181_clk/X                   10     15     -5 (VIOLATED)
clkbuf_leaf_254_clk/X                    10     15     -5 (VIOLATED)
clkbuf_leaf_258_clk/X                    10     15     -5 (VIOLATED)
clkbuf_leaf_49_clk/X                     10     15     -5 (VIOLATED)
clkbuf_leaf_638_clk/X                    10     15     -5 (VIOLATED)
clkbuf_leaf_746_clk/X                    10     15     -5 (VIOLATED)
clkbuf_leaf_787_clk/X                    10     15     -5 (VIOLATED)
clkbuf_leaf_800_clk/X                    10     15     -5 (VIOLATED)
clkbuf_leaf_819_clk/X                    10     15     -5 (VIOLATED)
clkbuf_leaf_820_clk/X                    10     15     -5 (VIOLATED)
clkbuf_leaf_832_clk/X                    10     15     -5 (VIOLATED)
clkbuf_leaf_852_clk/X                    10     15     -5 (VIOLATED)
clkbuf_leaf_864_clk/X                    10     15     -5 (VIOLATED)
clkbuf_leaf_869_clk/X                    10     15     -5 (VIOLATED)
clkbuf_leaf_956_clk/X                    10     15     -5 (VIOLATED)
clkbuf_leaf_957_clk/X                    10     15     -5 (VIOLATED)
clkbuf_leaf_964_clk/X                    10     15     -5 (VIOLATED)
clkbuf_leaf_967_clk/X                    10     15     -5 (VIOLATED)
clkbuf_leaf_982_clk/X                    10     15     -5 (VIOLATED)
clkbuf_leaf_985_clk/X                    10     15     -5 (VIOLATED)
clkbuf_leaf_999_clk/X                    10     15     -5 (VIOLATED)
clkbuf_7_104_0_clk/X                     10     14     -4 (VIOLATED)
clkbuf_7_24_0_clk/X                      10     14     -4 (VIOLATED)
clkbuf_7_65_0_clk/X                      10     14     -4 (VIOLATED)
clkbuf_7_67_0_clk/X                      10     14     -4 (VIOLATED)
clkbuf_7_84_0_clk/X                      10     14     -4 (VIOLATED)
clkbuf_leaf_1000_clk/X                   10     14     -4 (VIOLATED)
clkbuf_leaf_1023_clk/X                   10     14     -4 (VIOLATED)
clkbuf_leaf_1047_clk/X                   10     14     -4 (VIOLATED)
clkbuf_leaf_1048_clk/X                   10     14     -4 (VIOLATED)
clkbuf_leaf_1049_clk/X                   10     14     -4 (VIOLATED)
clkbuf_leaf_1068_clk/X                   10     14     -4 (VIOLATED)
clkbuf_leaf_1109_clk/X                   10     14     -4 (VIOLATED)
clkbuf_leaf_1144_clk/X                   10     14     -4 (VIOLATED)
clkbuf_leaf_1145_clk/X                   10     14     -4 (VIOLATED)
clkbuf_leaf_33_clk/X                     10     14     -4 (VIOLATED)
clkbuf_leaf_672_clk/X                    10     14     -4 (VIOLATED)
clkbuf_leaf_691_clk/X                    10     14     -4 (VIOLATED)
clkbuf_leaf_739_clk/X                    10     14     -4 (VIOLATED)
clkbuf_leaf_749_clk/X                    10     14     -4 (VIOLATED)
clkbuf_leaf_753_clk/X                    10     14     -4 (VIOLATED)
clkbuf_leaf_754_clk/X                    10     14     -4 (VIOLATED)
clkbuf_leaf_756_clk/X                    10     14     -4 (VIOLATED)
clkbuf_leaf_763_clk/X                    10     14     -4 (VIOLATED)
clkbuf_leaf_771_clk/X                    10     14     -4 (VIOLATED)
clkbuf_leaf_793_clk/X                    10     14     -4 (VIOLATED)
clkbuf_leaf_805_clk/X                    10     14     -4 (VIOLATED)
clkbuf_leaf_808_clk/X                    10     14     -4 (VIOLATED)
clkbuf_leaf_815_clk/X                    10     14     -4 (VIOLATED)
clkbuf_leaf_817_clk/X                    10     14     -4 (VIOLATED)
clkbuf_leaf_824_clk/X                    10     14     -4 (VIOLATED)
clkbuf_leaf_835_clk/X                    10     14     -4 (VIOLATED)
clkbuf_leaf_843_clk/X                    10     14     -4 (VIOLATED)
clkbuf_leaf_845_clk/X                    10     14     -4 (VIOLATED)
clkbuf_leaf_848_clk/X                    10     14     -4 (VIOLATED)
clkbuf_leaf_857_clk/X                    10     14     -4 (VIOLATED)
clkbuf_leaf_866_clk/X                    10     14     -4 (VIOLATED)
clkbuf_leaf_870_clk/X                    10     14     -4 (VIOLATED)
clkbuf_leaf_871_clk/X                    10     14     -4 (VIOLATED)
clkbuf_leaf_877_clk/X                    10     14     -4 (VIOLATED)
clkbuf_leaf_883_clk/X                    10     14     -4 (VIOLATED)
clkbuf_leaf_884_clk/X                    10     14     -4 (VIOLATED)
clkbuf_leaf_904_clk/X                    10     14     -4 (VIOLATED)
clkbuf_leaf_922_clk/X                    10     14     -4 (VIOLATED)
clkbuf_leaf_939_clk/X                    10     14     -4 (VIOLATED)
clkbuf_leaf_942_clk/X                    10     14     -4 (VIOLATED)
clkbuf_leaf_960_clk/X                    10     14     -4 (VIOLATED)
clkbuf_leaf_965_clk/X                    10     14     -4 (VIOLATED)
clkbuf_leaf_966_clk/X                    10     14     -4 (VIOLATED)
clkbuf_leaf_987_clk/X                    10     14     -4 (VIOLATED)
clkbuf_leaf_995_clk/X                    10     14     -4 (VIOLATED)
clkbuf_leaf_996_clk/X                    10     14     -4 (VIOLATED)
clkbuf_7_105_0_clk/X                     10     13     -3 (VIOLATED)
clkbuf_7_111_0_clk/X                     10     13     -3 (VIOLATED)
clkbuf_7_69_0_clk/X                      10     13     -3 (VIOLATED)
clkbuf_7_91_0_clk/X                      10     13     -3 (VIOLATED)
clkbuf_7_92_0_clk/X                      10     13     -3 (VIOLATED)
clkbuf_7_95_0_clk/X                      10     13     -3 (VIOLATED)
clkbuf_leaf_1001_clk/X                   10     13     -3 (VIOLATED)
clkbuf_leaf_1024_clk/X                   10     13     -3 (VIOLATED)
clkbuf_leaf_1039_clk/X                   10     13     -3 (VIOLATED)
clkbuf_leaf_1045_clk/X                   10     13     -3 (VIOLATED)
clkbuf_leaf_1046_clk/X                   10     13     -3 (VIOLATED)
clkbuf_leaf_1090_clk/X                   10     13     -3 (VIOLATED)
clkbuf_leaf_1094_clk/X                   10     13     -3 (VIOLATED)
clkbuf_leaf_1108_clk/X                   10     13     -3 (VIOLATED)
clkbuf_leaf_1113_clk/X                   10     13     -3 (VIOLATED)
clkbuf_leaf_1117_clk/X                   10     13     -3 (VIOLATED)
clkbuf_leaf_1157_clk/X                   10     13     -3 (VIOLATED)
clkbuf_leaf_1178_clk/X                   10     13     -3 (VIOLATED)
clkbuf_leaf_1180_clk/X                   10     13     -3 (VIOLATED)
clkbuf_leaf_1190_clk/X                   10     13     -3 (VIOLATED)
clkbuf_leaf_245_clk/X                    10     13     -3 (VIOLATED)
clkbuf_leaf_247_clk/X                    10     13     -3 (VIOLATED)
clkbuf_leaf_253_clk/X                    10     13     -3 (VIOLATED)
clkbuf_leaf_263_clk/X                    10     13     -3 (VIOLATED)
clkbuf_leaf_264_clk/X                    10     13     -3 (VIOLATED)
clkbuf_leaf_542_clk/X                    10     13     -3 (VIOLATED)
clkbuf_leaf_543_clk/X                    10     13     -3 (VIOLATED)
clkbuf_leaf_544_clk/X                    10     13     -3 (VIOLATED)
clkbuf_leaf_637_clk/X                    10     13     -3 (VIOLATED)
clkbuf_leaf_742_clk/X                    10     13     -3 (VIOLATED)
clkbuf_leaf_748_clk/X                    10     13     -3 (VIOLATED)
clkbuf_leaf_752_clk/X                    10     13     -3 (VIOLATED)
clkbuf_leaf_772_clk/X                    10     13     -3 (VIOLATED)
clkbuf_leaf_780_clk/X                    10     13     -3 (VIOLATED)
clkbuf_leaf_806_clk/X                    10     13     -3 (VIOLATED)
clkbuf_leaf_807_clk/X                    10     13     -3 (VIOLATED)
clkbuf_leaf_809_clk/X                    10     13     -3 (VIOLATED)
clkbuf_leaf_816_clk/X                    10     13     -3 (VIOLATED)
clkbuf_leaf_830_clk/X                    10     13     -3 (VIOLATED)
clkbuf_leaf_846_clk/X                    10     13     -3 (VIOLATED)
clkbuf_leaf_882_clk/X                    10     13     -3 (VIOLATED)
clkbuf_leaf_898_clk/X                    10     13     -3 (VIOLATED)
clkbuf_leaf_900_clk/X                    10     13     -3 (VIOLATED)
clkbuf_leaf_933_clk/X                    10     13     -3 (VIOLATED)
clkbuf_leaf_953_clk/X                    10     13     -3 (VIOLATED)
clkbuf_leaf_961_clk/X                    10     13     -3 (VIOLATED)
clkbuf_leaf_986_clk/X                    10     13     -3 (VIOLATED)
clkbuf_leaf_988_clk/X                    10     13     -3 (VIOLATED)
clkbuf_leaf_992_clk/X                    10     13     -3 (VIOLATED)
clkbuf_leaf_997_clk/X                    10     13     -3 (VIOLATED)
clkbuf_7_100_0_clk/X                     10     12     -2 (VIOLATED)
clkbuf_7_25_0_clk/X                      10     12     -2 (VIOLATED)
clkbuf_7_27_0_clk/X                      10     12     -2 (VIOLATED)
clkbuf_7_30_0_clk/X                      10     12     -2 (VIOLATED)
clkbuf_7_64_0_clk/X                      10     12     -2 (VIOLATED)
clkbuf_7_66_0_clk/X                      10     12     -2 (VIOLATED)
clkbuf_7_72_0_clk/X                      10     12     -2 (VIOLATED)
clkbuf_7_75_0_clk/X                      10     12     -2 (VIOLATED)
clkbuf_7_77_0_clk/X                      10     12     -2 (VIOLATED)
clkbuf_7_79_0_clk/X                      10     12     -2 (VIOLATED)
clkbuf_7_83_0_clk/X                      10     12     -2 (VIOLATED)
clkbuf_7_93_0_clk/X                      10     12     -2 (VIOLATED)
clkbuf_7_98_0_clk/X                      10     12     -2 (VIOLATED)
clkbuf_leaf_1012_clk/X                   10     12     -2 (VIOLATED)
clkbuf_leaf_1027_clk/X                   10     12     -2 (VIOLATED)
clkbuf_leaf_1037_clk/X                   10     12     -2 (VIOLATED)
clkbuf_leaf_1038_clk/X                   10     12     -2 (VIOLATED)
clkbuf_leaf_1041_clk/X                   10     12     -2 (VIOLATED)
clkbuf_leaf_1050_clk/X                   10     12     -2 (VIOLATED)
clkbuf_leaf_1087_clk/X                   10     12     -2 (VIOLATED)
clkbuf_leaf_1099_clk/X                   10     12     -2 (VIOLATED)
clkbuf_leaf_1106_clk/X                   10     12     -2 (VIOLATED)
clkbuf_leaf_1118_clk/X                   10     12     -2 (VIOLATED)
clkbuf_leaf_1119_clk/X                   10     12     -2 (VIOLATED)
clkbuf_leaf_1139_clk/X                   10     12     -2 (VIOLATED)
clkbuf_leaf_1159_clk/X                   10     12     -2 (VIOLATED)
clkbuf_leaf_1203_clk/X                   10     12     -2 (VIOLATED)
clkbuf_leaf_1205_clk/X                   10     12     -2 (VIOLATED)
clkbuf_leaf_168_clk/X                    10     12     -2 (VIOLATED)
clkbuf_leaf_181_clk/X                    10     12     -2 (VIOLATED)
clkbuf_leaf_255_clk/X                    10     12     -2 (VIOLATED)
clkbuf_leaf_256_clk/X                    10     12     -2 (VIOLATED)
clkbuf_leaf_265_clk/X                    10     12     -2 (VIOLATED)
clkbuf_leaf_641_clk/X                    10     12     -2 (VIOLATED)
clkbuf_leaf_646_clk/X                    10     12     -2 (VIOLATED)
clkbuf_leaf_662_clk/X                    10     12     -2 (VIOLATED)
clkbuf_leaf_687_clk/X                    10     12     -2 (VIOLATED)
clkbuf_leaf_70_clk/X                     10     12     -2 (VIOLATED)
clkbuf_leaf_755_clk/X                    10     12     -2 (VIOLATED)
clkbuf_leaf_770_clk/X                    10     12     -2 (VIOLATED)
clkbuf_leaf_773_clk/X                    10     12     -2 (VIOLATED)
clkbuf_leaf_788_clk/X                    10     12     -2 (VIOLATED)
clkbuf_leaf_791_clk/X                    10     12     -2 (VIOLATED)
clkbuf_leaf_802_clk/X                    10     12     -2 (VIOLATED)
clkbuf_leaf_825_clk/X                    10     12     -2 (VIOLATED)
clkbuf_leaf_868_clk/X                    10     12     -2 (VIOLATED)
clkbuf_leaf_872_clk/X                    10     12     -2 (VIOLATED)
clkbuf_leaf_876_clk/X                    10     12     -2 (VIOLATED)
clkbuf_leaf_895_clk/X                    10     12     -2 (VIOLATED)
clkbuf_leaf_901_clk/X                    10     12     -2 (VIOLATED)
clkbuf_leaf_908_clk/X                    10     12     -2 (VIOLATED)
clkbuf_leaf_916_clk/X                    10     12     -2 (VIOLATED)
clkbuf_leaf_948_clk/X                    10     12     -2 (VIOLATED)
clkbuf_leaf_994_clk/X                    10     12     -2 (VIOLATED)
clkbuf_7_101_0_clk/X                     10     11        (VIOLATED)
clkbuf_7_107_0_clk/X                     10     11        (VIOLATED)
clkbuf_7_118_0_clk/X                     10     11        (VIOLATED)
clkbuf_7_121_0_clk/X                     10     11        (VIOLATED)
clkbuf_7_124_0_clk/X                     10     11        (VIOLATED)
clkbuf_7_18_0_clk/X                      10     11        (VIOLATED)
clkbuf_7_29_0_clk/X                      10     11        (VIOLATED)
clkbuf_7_51_0_clk/X                      10     11        (VIOLATED)
clkbuf_7_52_0_clk/X                      10     11        (VIOLATED)
clkbuf_7_74_0_clk/X                      10     11        (VIOLATED)
clkbuf_7_76_0_clk/X                      10     11        (VIOLATED)
clkbuf_7_99_0_clk/X                      10     11        (VIOLATED)
clkbuf_leaf_1014_clk/X                   10     11        (VIOLATED)
clkbuf_leaf_1085_clk/X                   10     11        (VIOLATED)
clkbuf_leaf_1089_clk/X                   10     11        (VIOLATED)
clkbuf_leaf_1105_clk/X                   10     11        (VIOLATED)
clkbuf_leaf_1147_clk/X                   10     11        (VIOLATED)
clkbuf_leaf_1148_clk/X                   10     11        (VIOLATED)
clkbuf_leaf_1192_clk/X                   10     11        (VIOLATED)
clkbuf_leaf_1206_clk/X                   10     11        (VIOLATED)
clkbuf_leaf_1211_clk/X                   10     11        (VIOLATED)
clkbuf_leaf_169_clk/X                    10     11        (VIOLATED)
clkbuf_leaf_172_clk/X                    10     11        (VIOLATED)
clkbuf_leaf_183_clk/X                    10     11        (VIOLATED)
clkbuf_leaf_18_clk/X                     10     11        (VIOLATED)
clkbuf_leaf_22_clk/X                     10     11        (VIOLATED)
clkbuf_leaf_260_clk/X                    10     11        (VIOLATED)
clkbuf_leaf_261_clk/X                    10     11        (VIOLATED)
clkbuf_leaf_268_clk/X                    10     11        (VIOLATED)
clkbuf_leaf_535_clk/X                    10     11        (VIOLATED)
clkbuf_leaf_538_clk/X                    10     11        (VIOLATED)
clkbuf_leaf_560_clk/X                    10     11        (VIOLATED)
clkbuf_leaf_618_clk/X                    10     11        (VIOLATED)
clkbuf_leaf_645_clk/X                    10     11        (VIOLATED)
clkbuf_leaf_657_clk/X                    10     11        (VIOLATED)
clkbuf_leaf_667_clk/X                    10     11        (VIOLATED)
clkbuf_leaf_6_clk/X                      10     11        (VIOLATED)
clkbuf_leaf_744_clk/X                    10     11        (VIOLATED)
clkbuf_leaf_762_clk/X                    10     11        (VIOLATED)
clkbuf_leaf_781_clk/X                    10     11        (VIOLATED)
clkbuf_leaf_789_clk/X                    10     11        (VIOLATED)
clkbuf_leaf_818_clk/X                    10     11        (VIOLATED)
clkbuf_leaf_828_clk/X                    10     11        (VIOLATED)
clkbuf_leaf_836_clk/X                    10     11        (VIOLATED)
clkbuf_leaf_839_clk/X                    10     11        (VIOLATED)
clkbuf_leaf_840_clk/X                    10     11        (VIOLATED)
clkbuf_leaf_841_clk/X                    10     11        (VIOLATED)
clkbuf_leaf_861_clk/X                    10     11        (VIOLATED)
clkbuf_leaf_878_clk/X                    10     11        (VIOLATED)
clkbuf_leaf_899_clk/X                    10     11        (VIOLATED)
clkbuf_leaf_903_clk/X                    10     11        (VIOLATED)
clkbuf_leaf_917_clk/X                    10     11        (VIOLATED)
clkbuf_leaf_935_clk/X                    10     11        (VIOLATED)
clkbuf_leaf_936_clk/X                    10     11        (VIOLATED)
clkbuf_leaf_944_clk/X                    10     11        (VIOLATED)
clkbuf_leaf_971_clk/X                    10     11        (VIOLATED)
clkbuf_leaf_990_clk/X                    10     11        (VIOLATED)


===========================================================================
max slew violation count 0
max fanout violation count 323
max cap violation count 0
============================================================================
