
===========================================================================
report_checks -path_delay min (Hold)
============================================================================
Startpoint: _94654_ (rising edge-triggered flip-flop clocked by clk)
Endpoint: _89216_ (rising edge-triggered flip-flop clocked by clk)
Path Group: clk
Path Type: min

Fanout     Cap    Slew   Delay    Time   Description
-----------------------------------------------------------------------------
                          0.00    0.00   clock clk (rise edge)
                          0.00    0.00   clock source latency
                  0.41    0.30    0.30 ^ clk (in)
     1    0.10                           clk (net)
                  0.42    0.00    0.30 ^ clkbuf_0_clk/A (sky130_fd_sc_hd__clkbuf_16)
                  0.05    0.21    0.50 ^ clkbuf_0_clk/X (sky130_fd_sc_hd__clkbuf_16)
     2    0.02                           clknet_0_clk (net)
                  0.05    0.00    0.50 ^ clkbuf_1_1_0_clk/A (sky130_fd_sc_hd__clkbuf_8)
                  0.04    0.12    0.62 ^ clkbuf_1_1_0_clk/X (sky130_fd_sc_hd__clkbuf_8)
     1    0.01                           clknet_1_1_0_clk (net)
                  0.04    0.00    0.62 ^ clkbuf_1_1_1_clk/A (sky130_fd_sc_hd__clkbuf_8)
                  0.04    0.11    0.73 ^ clkbuf_1_1_1_clk/X (sky130_fd_sc_hd__clkbuf_8)
     1    0.01                           clknet_1_1_1_clk (net)
                  0.04    0.00    0.73 ^ clkbuf_1_1_2_clk/A (sky130_fd_sc_hd__clkbuf_8)
                  0.04    0.11    0.84 ^ clkbuf_1_1_2_clk/X (sky130_fd_sc_hd__clkbuf_8)
     1    0.01                           clknet_1_1_2_clk (net)
                  0.04    0.00    0.85 ^ clkbuf_1_1_3_clk/A (sky130_fd_sc_hd__clkbuf_8)
                  0.03    0.11    0.95 ^ clkbuf_1_1_3_clk/X (sky130_fd_sc_hd__clkbuf_8)
     1    0.01                           clknet_1_1_3_clk (net)
                  0.03    0.00    0.95 ^ clkbuf_1_1_4_clk/A (sky130_fd_sc_hd__clkbuf_8)
                  0.08    0.14    1.10 ^ clkbuf_1_1_4_clk/X (sky130_fd_sc_hd__clkbuf_8)
     2    0.04                           clknet_1_1_4_clk (net)
                  0.08    0.00    1.10 ^ clkbuf_2_3_0_clk/A (sky130_fd_sc_hd__clkbuf_8)
                  0.04    0.13    1.22 ^ clkbuf_2_3_0_clk/X (sky130_fd_sc_hd__clkbuf_8)
     1    0.01                           clknet_2_3_0_clk (net)
                  0.04    0.00    1.22 ^ clkbuf_2_3_1_clk/A (sky130_fd_sc_hd__clkbuf_8)
                  0.04    0.11    1.34 ^ clkbuf_2_3_1_clk/X (sky130_fd_sc_hd__clkbuf_8)
     1    0.01                           clknet_2_3_1_clk (net)
                  0.04    0.00    1.34 ^ clkbuf_2_3_2_clk/A (sky130_fd_sc_hd__clkbuf_8)
                  0.04    0.11    1.45 ^ clkbuf_2_3_2_clk/X (sky130_fd_sc_hd__clkbuf_8)
     1    0.01                           clknet_2_3_2_clk (net)
                  0.04    0.00    1.45 ^ clkbuf_2_3_3_clk/A (sky130_fd_sc_hd__clkbuf_8)
                  0.05    0.13    1.58 ^ clkbuf_2_3_3_clk/X (sky130_fd_sc_hd__clkbuf_8)
     2    0.02                           clknet_2_3_3_clk (net)
                  0.05    0.00    1.58 ^ clkbuf_3_6_0_clk/A (sky130_fd_sc_hd__clkbuf_8)
                  0.04    0.12    1.69 ^ clkbuf_3_6_0_clk/X (sky130_fd_sc_hd__clkbuf_8)
     1    0.01                           clknet_3_6_0_clk (net)
                  0.04    0.00    1.69 ^ clkbuf_3_6_1_clk/A (sky130_fd_sc_hd__clkbuf_8)
                  0.07    0.14    1.83 ^ clkbuf_3_6_1_clk/X (sky130_fd_sc_hd__clkbuf_8)
     2    0.03                           clknet_3_6_1_clk (net)
                  0.07    0.00    1.83 ^ clkbuf_4_12_0_clk/A (sky130_fd_sc_hd__clkbuf_8)
                  0.04    0.12    1.95 ^ clkbuf_4_12_0_clk/X (sky130_fd_sc_hd__clkbuf_8)
     1    0.01                           clknet_4_12_0_clk (net)
                  0.04    0.00    1.95 ^ clkbuf_4_12_1_clk/A (sky130_fd_sc_hd__clkbuf_8)
                  0.05    0.13    2.08 ^ clkbuf_4_12_1_clk/X (sky130_fd_sc_hd__clkbuf_8)
     2    0.02                           clknet_4_12_1_clk (net)
                  0.05    0.00    2.08 ^ clkbuf_5_24_0_clk/A (sky130_fd_sc_hd__clkbuf_8)
                  0.06    0.14    2.21 ^ clkbuf_5_24_0_clk/X (sky130_fd_sc_hd__clkbuf_8)
     2    0.03                           clknet_5_24_0_clk (net)
                  0.06    0.00    2.21 ^ clkbuf_6_49_0_clk/A (sky130_fd_sc_hd__clkbuf_8)
                  0.05    0.13    2.34 ^ clkbuf_6_49_0_clk/X (sky130_fd_sc_hd__clkbuf_8)
     2    0.02                           clknet_6_49_0_clk (net)
                  0.05    0.00    2.34 ^ clkbuf_7_99_0_clk/A (sky130_fd_sc_hd__clkbuf_8)
                  0.19    0.23    2.57 ^ clkbuf_7_99_0_clk/X (sky130_fd_sc_hd__clkbuf_8)
    11    0.12                           clknet_7_99_0_clk (net)
                  0.19    0.00    2.57 ^ clkbuf_leaf_795_clk/A (sky130_fd_sc_hd__clkbuf_16)
                  0.05    0.17    2.74 ^ clkbuf_leaf_795_clk/X (sky130_fd_sc_hd__clkbuf_16)
     9    0.02                           clknet_leaf_795_clk (net)
                  0.05    0.00    2.74 ^ _94654_/CLK (sky130_fd_sc_hd__dfxtp_1)
                  0.16    0.37    3.11 ^ _94654_/Q (sky130_fd_sc_hd__dfxtp_1)
     5    0.02                           core_u.front2back_csr_address[11] (net)
                  0.16    0.00    3.11 ^ _56372_/A1 (sky130_fd_sc_hd__a22o_1)
                  0.04    0.15    3.26 ^ _56372_/X (sky130_fd_sc_hd__a22o_1)
     1    0.00                           _02483_ (net)
                  0.04    0.00    3.26 ^ _89216_/D (sky130_fd_sc_hd__dfxtp_1)
                                  3.26   data arrival time

                          0.00    0.00   clock clk (rise edge)
                          0.00    0.00   clock source latency
                  0.41    0.33    0.33 ^ clk (in)
     1    0.10                           clk (net)
                  0.42    0.00    0.33 ^ clkbuf_0_clk/A (sky130_fd_sc_hd__clkbuf_16)
                  0.05    0.23    0.56 ^ clkbuf_0_clk/X (sky130_fd_sc_hd__clkbuf_16)
     2    0.02                           clknet_0_clk (net)
                  0.05    0.00    0.56 ^ clkbuf_1_1_0_clk/A (sky130_fd_sc_hd__clkbuf_8)
                  0.04    0.13    0.69 ^ clkbuf_1_1_0_clk/X (sky130_fd_sc_hd__clkbuf_8)
     1    0.01                           clknet_1_1_0_clk (net)
                  0.04    0.00    0.69 ^ clkbuf_1_1_1_clk/A (sky130_fd_sc_hd__clkbuf_8)
                  0.04    0.12    0.81 ^ clkbuf_1_1_1_clk/X (sky130_fd_sc_hd__clkbuf_8)
     1    0.01                           clknet_1_1_1_clk (net)
                  0.04    0.00    0.81 ^ clkbuf_1_1_2_clk/A (sky130_fd_sc_hd__clkbuf_8)
                  0.04    0.12    0.93 ^ clkbuf_1_1_2_clk/X (sky130_fd_sc_hd__clkbuf_8)
     1    0.01                           clknet_1_1_2_clk (net)
                  0.04    0.00    0.93 ^ clkbuf_1_1_3_clk/A (sky130_fd_sc_hd__clkbuf_8)
                  0.03    0.12    1.05 ^ clkbuf_1_1_3_clk/X (sky130_fd_sc_hd__clkbuf_8)
     1    0.01                           clknet_1_1_3_clk (net)
                  0.03    0.00    1.05 ^ clkbuf_1_1_4_clk/A (sky130_fd_sc_hd__clkbuf_8)
                  0.08    0.16    1.21 ^ clkbuf_1_1_4_clk/X (sky130_fd_sc_hd__clkbuf_8)
     2    0.04                           clknet_1_1_4_clk (net)
                  0.08    0.00    1.21 ^ clkbuf_2_3_0_clk/A (sky130_fd_sc_hd__clkbuf_8)
                  0.04    0.14    1.35 ^ clkbuf_2_3_0_clk/X (sky130_fd_sc_hd__clkbuf_8)
     1    0.01                           clknet_2_3_0_clk (net)
                  0.04    0.00    1.35 ^ clkbuf_2_3_1_clk/A (sky130_fd_sc_hd__clkbuf_8)
                  0.04    0.12    1.48 ^ clkbuf_2_3_1_clk/X (sky130_fd_sc_hd__clkbuf_8)
     1    0.01                           clknet_2_3_1_clk (net)
                  0.04    0.00    1.48 ^ clkbuf_2_3_2_clk/A (sky130_fd_sc_hd__clkbuf_8)
                  0.04    0.12    1.60 ^ clkbuf_2_3_2_clk/X (sky130_fd_sc_hd__clkbuf_8)
     1    0.01                           clknet_2_3_2_clk (net)
                  0.04    0.00    1.60 ^ clkbuf_2_3_3_clk/A (sky130_fd_sc_hd__clkbuf_8)
                  0.05    0.14    1.74 ^ clkbuf_2_3_3_clk/X (sky130_fd_sc_hd__clkbuf_8)
     2    0.02                           clknet_2_3_3_clk (net)
                  0.05    0.00    1.74 ^ clkbuf_3_6_0_clk/A (sky130_fd_sc_hd__clkbuf_8)
                  0.04    0.13    1.87 ^ clkbuf_3_6_0_clk/X (sky130_fd_sc_hd__clkbuf_8)
     1    0.01                           clknet_3_6_0_clk (net)
                  0.04    0.00    1.87 ^ clkbuf_3_6_1_clk/A (sky130_fd_sc_hd__clkbuf_8)
                  0.07    0.15    2.02 ^ clkbuf_3_6_1_clk/X (sky130_fd_sc_hd__clkbuf_8)
     2    0.03                           clknet_3_6_1_clk (net)
                  0.07    0.00    2.02 ^ clkbuf_4_12_0_clk/A (sky130_fd_sc_hd__clkbuf_8)
                  0.04    0.13    2.16 ^ clkbuf_4_12_0_clk/X (sky130_fd_sc_hd__clkbuf_8)
     1    0.01                           clknet_4_12_0_clk (net)
                  0.04    0.00    2.16 ^ clkbuf_4_12_1_clk/A (sky130_fd_sc_hd__clkbuf_8)
                  0.05    0.14    2.30 ^ clkbuf_4_12_1_clk/X (sky130_fd_sc_hd__clkbuf_8)
     2    0.02                           clknet_4_12_1_clk (net)
                  0.05    0.00    2.30 ^ clkbuf_5_25_0_clk/A (sky130_fd_sc_hd__clkbuf_8)
                  0.06    0.15    2.45 ^ clkbuf_5_25_0_clk/X (sky130_fd_sc_hd__clkbuf_8)
     2    0.03                           clknet_5_25_0_clk (net)
                  0.06    0.00    2.45 ^ clkbuf_6_51_0_clk/A (sky130_fd_sc_hd__clkbuf_8)
                  0.05    0.14    2.59 ^ clkbuf_6_51_0_clk/X (sky130_fd_sc_hd__clkbuf_8)
     2    0.02                           clknet_6_51_0_clk (net)
                  0.05    0.00    2.59 ^ clkbuf_7_102_0_clk/A (sky130_fd_sc_hd__clkbuf_8)
                  0.32    0.35    2.94 ^ clkbuf_7_102_0_clk/X (sky130_fd_sc_hd__clkbuf_8)
    18    0.20                           clknet_7_102_0_clk (net)
                  0.32    0.00    2.94 ^ clkbuf_leaf_809_clk/A (sky130_fd_sc_hd__clkbuf_16)
                  0.06    0.23    3.17 ^ clkbuf_leaf_809_clk/X (sky130_fd_sc_hd__clkbuf_16)
    13    0.03                           clknet_leaf_809_clk (net)
                  0.06    0.00    3.17 ^ _89216_/CLK (sky130_fd_sc_hd__dfxtp_1)
                          0.25    3.42   clock uncertainty
                         -0.22    3.20   clock reconvergence pessimism
                         -0.03    3.17   library hold time
                                  3.17   data required time
-----------------------------------------------------------------------------
                                  3.17   data required time
                                 -3.26   data arrival time
-----------------------------------------------------------------------------
                                  0.09   slack (MET)


Startpoint: _94197_ (rising edge-triggered flip-flop clocked by clk)
Endpoint: _93512_ (rising edge-triggered flip-flop clocked by clk)
Path Group: clk
Path Type: min

Fanout     Cap    Slew   Delay    Time   Description
-----------------------------------------------------------------------------
                          0.00    0.00   clock clk (rise edge)
                          0.00    0.00   clock source latency
                  0.41    0.30    0.30 ^ clk (in)
     1    0.10                           clk (net)
                  0.42    0.00    0.30 ^ clkbuf_0_clk/A (sky130_fd_sc_hd__clkbuf_16)
                  0.05    0.21    0.50 ^ clkbuf_0_clk/X (sky130_fd_sc_hd__clkbuf_16)
     2    0.02                           clknet_0_clk (net)
                  0.05    0.00    0.50 ^ clkbuf_1_1_0_clk/A (sky130_fd_sc_hd__clkbuf_8)
                  0.04    0.12    0.62 ^ clkbuf_1_1_0_clk/X (sky130_fd_sc_hd__clkbuf_8)
     1    0.01                           clknet_1_1_0_clk (net)
                  0.04    0.00    0.62 ^ clkbuf_1_1_1_clk/A (sky130_fd_sc_hd__clkbuf_8)
                  0.04    0.11    0.73 ^ clkbuf_1_1_1_clk/X (sky130_fd_sc_hd__clkbuf_8)
     1    0.01                           clknet_1_1_1_clk (net)
                  0.04    0.00    0.73 ^ clkbuf_1_1_2_clk/A (sky130_fd_sc_hd__clkbuf_8)
                  0.04    0.11    0.84 ^ clkbuf_1_1_2_clk/X (sky130_fd_sc_hd__clkbuf_8)
     1    0.01                           clknet_1_1_2_clk (net)
                  0.04    0.00    0.85 ^ clkbuf_1_1_3_clk/A (sky130_fd_sc_hd__clkbuf_8)
                  0.03    0.11    0.95 ^ clkbuf_1_1_3_clk/X (sky130_fd_sc_hd__clkbuf_8)
     1    0.01                           clknet_1_1_3_clk (net)
                  0.03    0.00    0.95 ^ clkbuf_1_1_4_clk/A (sky130_fd_sc_hd__clkbuf_8)
                  0.08    0.14    1.10 ^ clkbuf_1_1_4_clk/X (sky130_fd_sc_hd__clkbuf_8)
     2    0.04                           clknet_1_1_4_clk (net)
                  0.08    0.00    1.10 ^ clkbuf_2_2_0_clk/A (sky130_fd_sc_hd__clkbuf_8)
                  0.04    0.13    1.22 ^ clkbuf_2_2_0_clk/X (sky130_fd_sc_hd__clkbuf_8)
     1    0.01                           clknet_2_2_0_clk (net)
                  0.04    0.00    1.22 ^ clkbuf_2_2_1_clk/A (sky130_fd_sc_hd__clkbuf_8)
                  0.04    0.11    1.33 ^ clkbuf_2_2_1_clk/X (sky130_fd_sc_hd__clkbuf_8)
     1    0.01                           clknet_2_2_1_clk (net)
                  0.04    0.00    1.34 ^ clkbuf_2_2_2_clk/A (sky130_fd_sc_hd__clkbuf_8)
                  0.04    0.11    1.45 ^ clkbuf_2_2_2_clk/X (sky130_fd_sc_hd__clkbuf_8)
     1    0.01                           clknet_2_2_2_clk (net)
                  0.04    0.00    1.45 ^ clkbuf_2_2_3_clk/A (sky130_fd_sc_hd__clkbuf_8)
                  0.08    0.15    1.59 ^ clkbuf_2_2_3_clk/X (sky130_fd_sc_hd__clkbuf_8)
     2    0.04                           clknet_2_2_3_clk (net)
                  0.08    0.00    1.60 ^ clkbuf_3_4_0_clk/A (sky130_fd_sc_hd__clkbuf_8)
                  0.04    0.12    1.72 ^ clkbuf_3_4_0_clk/X (sky130_fd_sc_hd__clkbuf_8)
     1    0.01                           clknet_3_4_0_clk (net)
                  0.04    0.00    1.72 ^ clkbuf_3_4_1_clk/A (sky130_fd_sc_hd__clkbuf_8)
                  0.07    0.14    1.86 ^ clkbuf_3_4_1_clk/X (sky130_fd_sc_hd__clkbuf_8)
     2    0.03                           clknet_3_4_1_clk (net)
                  0.07    0.00    1.86 ^ clkbuf_4_9_0_clk/A (sky130_fd_sc_hd__clkbuf_8)
                  0.04    0.12    1.98 ^ clkbuf_4_9_0_clk/X (sky130_fd_sc_hd__clkbuf_8)
     1    0.01                           clknet_4_9_0_clk (net)
                  0.04    0.00    1.98 ^ clkbuf_4_9_1_clk/A (sky130_fd_sc_hd__clkbuf_8)
                  0.05    0.13    2.11 ^ clkbuf_4_9_1_clk/X (sky130_fd_sc_hd__clkbuf_8)
     2    0.02                           clknet_4_9_1_clk (net)
                  0.05    0.00    2.11 ^ clkbuf_5_19_0_clk/A (sky130_fd_sc_hd__clkbuf_8)
                  0.06    0.14    2.24 ^ clkbuf_5_19_0_clk/X (sky130_fd_sc_hd__clkbuf_8)
     2    0.03                           clknet_5_19_0_clk (net)
                  0.06    0.00    2.24 ^ clkbuf_6_39_0_clk/A (sky130_fd_sc_hd__clkbuf_8)
                  0.05    0.13    2.37 ^ clkbuf_6_39_0_clk/X (sky130_fd_sc_hd__clkbuf_8)
     2    0.02                           clknet_6_39_0_clk (net)
                  0.05    0.00    2.37 ^ clkbuf_7_79_0_clk/A (sky130_fd_sc_hd__clkbuf_8)
                  0.21    0.24    2.62 ^ clkbuf_7_79_0_clk/X (sky130_fd_sc_hd__clkbuf_8)
    12    0.13                           clknet_7_79_0_clk (net)
                  0.21    0.00    2.62 ^ clkbuf_leaf_739_clk/A (sky130_fd_sc_hd__clkbuf_16)
                  0.06    0.18    2.80 ^ clkbuf_leaf_739_clk/X (sky130_fd_sc_hd__clkbuf_16)
    14    0.04                           clknet_leaf_739_clk (net)
                  0.06    0.00    2.80 ^ _94197_/CLK (sky130_fd_sc_hd__dfxtp_4)
                  0.14    0.41    3.21 ^ _94197_/Q (sky130_fd_sc_hd__dfxtp_4)
     6    0.05                           core_u.back2csr_wb_data[59] (net)
                  0.14    0.00    3.21 ^ _74891_/A1 (sky130_fd_sc_hd__o211a_1)
                  0.04    0.16    3.38 ^ _74891_/X (sky130_fd_sc_hd__o211a_1)
     1    0.00                           _06741_ (net)
                  0.04    0.00    3.38 ^ _93512_/D (sky130_fd_sc_hd__dfxtp_1)
                                  3.38   data arrival time

                          0.00    0.00   clock clk (rise edge)
                          0.00    0.00   clock source latency
                  0.41    0.33    0.33 ^ clk (in)
     1    0.10                           clk (net)
                  0.42    0.00    0.33 ^ clkbuf_0_clk/A (sky130_fd_sc_hd__clkbuf_16)
                  0.05    0.23    0.56 ^ clkbuf_0_clk/X (sky130_fd_sc_hd__clkbuf_16)
     2    0.02                           clknet_0_clk (net)
                  0.05    0.00    0.56 ^ clkbuf_1_1_0_clk/A (sky130_fd_sc_hd__clkbuf_8)
                  0.04    0.13    0.69 ^ clkbuf_1_1_0_clk/X (sky130_fd_sc_hd__clkbuf_8)
     1    0.01                           clknet_1_1_0_clk (net)
                  0.04    0.00    0.69 ^ clkbuf_1_1_1_clk/A (sky130_fd_sc_hd__clkbuf_8)
                  0.04    0.12    0.81 ^ clkbuf_1_1_1_clk/X (sky130_fd_sc_hd__clkbuf_8)
     1    0.01                           clknet_1_1_1_clk (net)
                  0.04    0.00    0.81 ^ clkbuf_1_1_2_clk/A (sky130_fd_sc_hd__clkbuf_8)
                  0.04    0.12    0.93 ^ clkbuf_1_1_2_clk/X (sky130_fd_sc_hd__clkbuf_8)
     1    0.01                           clknet_1_1_2_clk (net)
                  0.04    0.00    0.93 ^ clkbuf_1_1_3_clk/A (sky130_fd_sc_hd__clkbuf_8)
                  0.03    0.12    1.05 ^ clkbuf_1_1_3_clk/X (sky130_fd_sc_hd__clkbuf_8)
     1    0.01                           clknet_1_1_3_clk (net)
                  0.03    0.00    1.05 ^ clkbuf_1_1_4_clk/A (sky130_fd_sc_hd__clkbuf_8)
                  0.08    0.16    1.21 ^ clkbuf_1_1_4_clk/X (sky130_fd_sc_hd__clkbuf_8)
     2    0.04                           clknet_1_1_4_clk (net)
                  0.08    0.00    1.21 ^ clkbuf_2_3_0_clk/A (sky130_fd_sc_hd__clkbuf_8)
                  0.04    0.14    1.35 ^ clkbuf_2_3_0_clk/X (sky130_fd_sc_hd__clkbuf_8)
     1    0.01                           clknet_2_3_0_clk (net)
                  0.04    0.00    1.35 ^ clkbuf_2_3_1_clk/A (sky130_fd_sc_hd__clkbuf_8)
                  0.04    0.12    1.48 ^ clkbuf_2_3_1_clk/X (sky130_fd_sc_hd__clkbuf_8)
     1    0.01                           clknet_2_3_1_clk (net)
                  0.04    0.00    1.48 ^ clkbuf_2_3_2_clk/A (sky130_fd_sc_hd__clkbuf_8)
                  0.04    0.12    1.60 ^ clkbuf_2_3_2_clk/X (sky130_fd_sc_hd__clkbuf_8)
     1    0.01                           clknet_2_3_2_clk (net)
                  0.04    0.00    1.60 ^ clkbuf_2_3_3_clk/A (sky130_fd_sc_hd__clkbuf_8)
                  0.05    0.14    1.74 ^ clkbuf_2_3_3_clk/X (sky130_fd_sc_hd__clkbuf_8)
     2    0.02                           clknet_2_3_3_clk (net)
                  0.05    0.00    1.74 ^ clkbuf_3_6_0_clk/A (sky130_fd_sc_hd__clkbuf_8)
                  0.04    0.13    1.87 ^ clkbuf_3_6_0_clk/X (sky130_fd_sc_hd__clkbuf_8)
     1    0.01                           clknet_3_6_0_clk (net)
                  0.04    0.00    1.87 ^ clkbuf_3_6_1_clk/A (sky130_fd_sc_hd__clkbuf_8)
                  0.07    0.15    2.02 ^ clkbuf_3_6_1_clk/X (sky130_fd_sc_hd__clkbuf_8)
     2    0.03                           clknet_3_6_1_clk (net)
                  0.07    0.00    2.02 ^ clkbuf_4_12_0_clk/A (sky130_fd_sc_hd__clkbuf_8)
                  0.04    0.13    2.16 ^ clkbuf_4_12_0_clk/X (sky130_fd_sc_hd__clkbuf_8)
     1    0.01                           clknet_4_12_0_clk (net)
                  0.04    0.00    2.16 ^ clkbuf_4_12_1_clk/A (sky130_fd_sc_hd__clkbuf_8)
                  0.05    0.14    2.30 ^ clkbuf_4_12_1_clk/X (sky130_fd_sc_hd__clkbuf_8)
     2    0.02                           clknet_4_12_1_clk (net)
                  0.05    0.00    2.30 ^ clkbuf_5_25_0_clk/A (sky130_fd_sc_hd__clkbuf_8)
                  0.06    0.15    2.45 ^ clkbuf_5_25_0_clk/X (sky130_fd_sc_hd__clkbuf_8)
     2    0.03                           clknet_5_25_0_clk (net)
                  0.06    0.00    2.45 ^ clkbuf_6_51_0_clk/A (sky130_fd_sc_hd__clkbuf_8)
                  0.05    0.14    2.59 ^ clkbuf_6_51_0_clk/X (sky130_fd_sc_hd__clkbuf_8)
     2    0.02                           clknet_6_51_0_clk (net)
                  0.05    0.00    2.59 ^ clkbuf_7_102_0_clk/A (sky130_fd_sc_hd__clkbuf_8)
                  0.32    0.35    2.94 ^ clkbuf_7_102_0_clk/X (sky130_fd_sc_hd__clkbuf_8)
    18    0.20                           clknet_7_102_0_clk (net)
                  0.32    0.00    2.94 ^ clkbuf_leaf_807_clk/A (sky130_fd_sc_hd__clkbuf_16)
                  0.06    0.23    3.17 ^ clkbuf_leaf_807_clk/X (sky130_fd_sc_hd__clkbuf_16)
    13    0.04                           clknet_leaf_807_clk (net)
                  0.06    0.00    3.17 ^ _93512_/CLK (sky130_fd_sc_hd__dfxtp_1)
                          0.25    3.42   clock uncertainty
                         -0.12    3.30   clock reconvergence pessimism
                         -0.03    3.27   library hold time
                                  3.27   data required time
-----------------------------------------------------------------------------
                                  3.27   data required time
                                 -3.38   data arrival time
-----------------------------------------------------------------------------
                                  0.10   slack (MET)


Startpoint: _94167_ (rising edge-triggered flip-flop clocked by clk)
Endpoint: _93482_ (rising edge-triggered flip-flop clocked by clk)
Path Group: clk
Path Type: min

Fanout     Cap    Slew   Delay    Time   Description
-----------------------------------------------------------------------------
                          0.00    0.00   clock clk (rise edge)
                          0.00    0.00   clock source latency
                  0.41    0.30    0.30 ^ clk (in)
     1    0.10                           clk (net)
                  0.42    0.00    0.30 ^ clkbuf_0_clk/A (sky130_fd_sc_hd__clkbuf_16)
                  0.05    0.21    0.50 ^ clkbuf_0_clk/X (sky130_fd_sc_hd__clkbuf_16)
     2    0.02                           clknet_0_clk (net)
                  0.05    0.00    0.50 ^ clkbuf_1_1_0_clk/A (sky130_fd_sc_hd__clkbuf_8)
                  0.04    0.12    0.62 ^ clkbuf_1_1_0_clk/X (sky130_fd_sc_hd__clkbuf_8)
     1    0.01                           clknet_1_1_0_clk (net)
                  0.04    0.00    0.62 ^ clkbuf_1_1_1_clk/A (sky130_fd_sc_hd__clkbuf_8)
                  0.04    0.11    0.73 ^ clkbuf_1_1_1_clk/X (sky130_fd_sc_hd__clkbuf_8)
     1    0.01                           clknet_1_1_1_clk (net)
                  0.04    0.00    0.73 ^ clkbuf_1_1_2_clk/A (sky130_fd_sc_hd__clkbuf_8)
                  0.04    0.11    0.84 ^ clkbuf_1_1_2_clk/X (sky130_fd_sc_hd__clkbuf_8)
     1    0.01                           clknet_1_1_2_clk (net)
                  0.04    0.00    0.85 ^ clkbuf_1_1_3_clk/A (sky130_fd_sc_hd__clkbuf_8)
                  0.03    0.11    0.95 ^ clkbuf_1_1_3_clk/X (sky130_fd_sc_hd__clkbuf_8)
     1    0.01                           clknet_1_1_3_clk (net)
                  0.03    0.00    0.95 ^ clkbuf_1_1_4_clk/A (sky130_fd_sc_hd__clkbuf_8)
                  0.08    0.14    1.10 ^ clkbuf_1_1_4_clk/X (sky130_fd_sc_hd__clkbuf_8)
     2    0.04                           clknet_1_1_4_clk (net)
                  0.08    0.00    1.10 ^ clkbuf_2_3_0_clk/A (sky130_fd_sc_hd__clkbuf_8)
                  0.04    0.13    1.22 ^ clkbuf_2_3_0_clk/X (sky130_fd_sc_hd__clkbuf_8)
     1    0.01                           clknet_2_3_0_clk (net)
                  0.04    0.00    1.22 ^ clkbuf_2_3_1_clk/A (sky130_fd_sc_hd__clkbuf_8)
                  0.04    0.11    1.34 ^ clkbuf_2_3_1_clk/X (sky130_fd_sc_hd__clkbuf_8)
     1    0.01                           clknet_2_3_1_clk (net)
                  0.04    0.00    1.34 ^ clkbuf_2_3_2_clk/A (sky130_fd_sc_hd__clkbuf_8)
                  0.04    0.11    1.45 ^ clkbuf_2_3_2_clk/X (sky130_fd_sc_hd__clkbuf_8)
     1    0.01                           clknet_2_3_2_clk (net)
                  0.04    0.00    1.45 ^ clkbuf_2_3_3_clk/A (sky130_fd_sc_hd__clkbuf_8)
                  0.05    0.13    1.58 ^ clkbuf_2_3_3_clk/X (sky130_fd_sc_hd__clkbuf_8)
     2    0.02                           clknet_2_3_3_clk (net)
                  0.05    0.00    1.58 ^ clkbuf_3_7_0_clk/A (sky130_fd_sc_hd__clkbuf_8)
                  0.04    0.12    1.69 ^ clkbuf_3_7_0_clk/X (sky130_fd_sc_hd__clkbuf_8)
     1    0.01                           clknet_3_7_0_clk (net)
                  0.04    0.00    1.69 ^ clkbuf_3_7_1_clk/A (sky130_fd_sc_hd__clkbuf_8)
                  0.07    0.14    1.83 ^ clkbuf_3_7_1_clk/X (sky130_fd_sc_hd__clkbuf_8)
     2    0.03                           clknet_3_7_1_clk (net)
                  0.07    0.00    1.83 ^ clkbuf_4_14_0_clk/A (sky130_fd_sc_hd__clkbuf_8)
                  0.04    0.12    1.95 ^ clkbuf_4_14_0_clk/X (sky130_fd_sc_hd__clkbuf_8)
     1    0.01                           clknet_4_14_0_clk (net)
                  0.04    0.00    1.95 ^ clkbuf_4_14_1_clk/A (sky130_fd_sc_hd__clkbuf_8)
                  0.05    0.13    2.08 ^ clkbuf_4_14_1_clk/X (sky130_fd_sc_hd__clkbuf_8)
     2    0.02                           clknet_4_14_1_clk (net)
                  0.05    0.00    2.08 ^ clkbuf_5_28_0_clk/A (sky130_fd_sc_hd__clkbuf_8)
                  0.06    0.14    2.22 ^ clkbuf_5_28_0_clk/X (sky130_fd_sc_hd__clkbuf_8)
     2    0.03                           clknet_5_28_0_clk (net)
                  0.06    0.00    2.22 ^ clkbuf_6_56_0_clk/A (sky130_fd_sc_hd__clkbuf_8)
                  0.05    0.13    2.34 ^ clkbuf_6_56_0_clk/X (sky130_fd_sc_hd__clkbuf_8)
     2    0.02                           clknet_6_56_0_clk (net)
                  0.05    0.00    2.34 ^ clkbuf_7_112_0_clk/A (sky130_fd_sc_hd__clkbuf_8)
                  0.12    0.18    2.53 ^ clkbuf_7_112_0_clk/X (sky130_fd_sc_hd__clkbuf_8)
     6    0.07                           clknet_7_112_0_clk (net)
                  0.12    0.00    2.53 ^ clkbuf_leaf_912_clk/A (sky130_fd_sc_hd__clkbuf_16)
                  0.04    0.14    2.67 ^ clkbuf_leaf_912_clk/X (sky130_fd_sc_hd__clkbuf_16)
     5    0.01                           clknet_leaf_912_clk (net)
                  0.04    0.00    2.67 ^ _94167_/CLK (sky130_fd_sc_hd__dfxtp_4)
                  0.19    0.43    3.10 ^ _94167_/Q (sky130_fd_sc_hd__dfxtp_4)
     9    0.07                           core_u.back2csr_wb_data[29] (net)
                  0.19    0.00    3.10 ^ _74762_/A1 (sky130_fd_sc_hd__o211a_1)
                  0.04    0.17    3.28 ^ _74762_/X (sky130_fd_sc_hd__o211a_1)
     1    0.00                           _06711_ (net)
                  0.04    0.00    3.28 ^ _93482_/D (sky130_fd_sc_hd__dfxtp_1)
                                  3.28   data arrival time

                          0.00    0.00   clock clk (rise edge)
                          0.00    0.00   clock source latency
                  0.41    0.33    0.33 ^ clk (in)
     1    0.10                           clk (net)
                  0.42    0.00    0.33 ^ clkbuf_0_clk/A (sky130_fd_sc_hd__clkbuf_16)
                  0.05    0.23    0.56 ^ clkbuf_0_clk/X (sky130_fd_sc_hd__clkbuf_16)
     2    0.02                           clknet_0_clk (net)
                  0.05    0.00    0.56 ^ clkbuf_1_1_0_clk/A (sky130_fd_sc_hd__clkbuf_8)
                  0.04    0.13    0.69 ^ clkbuf_1_1_0_clk/X (sky130_fd_sc_hd__clkbuf_8)
     1    0.01                           clknet_1_1_0_clk (net)
                  0.04    0.00    0.69 ^ clkbuf_1_1_1_clk/A (sky130_fd_sc_hd__clkbuf_8)
                  0.04    0.12    0.81 ^ clkbuf_1_1_1_clk/X (sky130_fd_sc_hd__clkbuf_8)
     1    0.01                           clknet_1_1_1_clk (net)
                  0.04    0.00    0.81 ^ clkbuf_1_1_2_clk/A (sky130_fd_sc_hd__clkbuf_8)
                  0.04    0.12    0.93 ^ clkbuf_1_1_2_clk/X (sky130_fd_sc_hd__clkbuf_8)
     1    0.01                           clknet_1_1_2_clk (net)
                  0.04    0.00    0.93 ^ clkbuf_1_1_3_clk/A (sky130_fd_sc_hd__clkbuf_8)
                  0.03    0.12    1.05 ^ clkbuf_1_1_3_clk/X (sky130_fd_sc_hd__clkbuf_8)
     1    0.01                           clknet_1_1_3_clk (net)
                  0.03    0.00    1.05 ^ clkbuf_1_1_4_clk/A (sky130_fd_sc_hd__clkbuf_8)
                  0.08    0.16    1.21 ^ clkbuf_1_1_4_clk/X (sky130_fd_sc_hd__clkbuf_8)
     2    0.04                           clknet_1_1_4_clk (net)
                  0.08    0.00    1.21 ^ clkbuf_2_3_0_clk/A (sky130_fd_sc_hd__clkbuf_8)
                  0.04    0.14    1.35 ^ clkbuf_2_3_0_clk/X (sky130_fd_sc_hd__clkbuf_8)
     1    0.01                           clknet_2_3_0_clk (net)
                  0.04    0.00    1.35 ^ clkbuf_2_3_1_clk/A (sky130_fd_sc_hd__clkbuf_8)
                  0.04    0.12    1.48 ^ clkbuf_2_3_1_clk/X (sky130_fd_sc_hd__clkbuf_8)
     1    0.01                           clknet_2_3_1_clk (net)
                  0.04    0.00    1.48 ^ clkbuf_2_3_2_clk/A (sky130_fd_sc_hd__clkbuf_8)
                  0.04    0.12    1.60 ^ clkbuf_2_3_2_clk/X (sky130_fd_sc_hd__clkbuf_8)
     1    0.01                           clknet_2_3_2_clk (net)
                  0.04    0.00    1.60 ^ clkbuf_2_3_3_clk/A (sky130_fd_sc_hd__clkbuf_8)
                  0.05    0.14    1.74 ^ clkbuf_2_3_3_clk/X (sky130_fd_sc_hd__clkbuf_8)
     2    0.02                           clknet_2_3_3_clk (net)
                  0.05    0.00    1.74 ^ clkbuf_3_6_0_clk/A (sky130_fd_sc_hd__clkbuf_8)
                  0.04    0.13    1.87 ^ clkbuf_3_6_0_clk/X (sky130_fd_sc_hd__clkbuf_8)
     1    0.01                           clknet_3_6_0_clk (net)
                  0.04    0.00    1.87 ^ clkbuf_3_6_1_clk/A (sky130_fd_sc_hd__clkbuf_8)
                  0.07    0.15    2.02 ^ clkbuf_3_6_1_clk/X (sky130_fd_sc_hd__clkbuf_8)
     2    0.03                           clknet_3_6_1_clk (net)
                  0.07    0.00    2.02 ^ clkbuf_4_12_0_clk/A (sky130_fd_sc_hd__clkbuf_8)
                  0.04    0.13    2.16 ^ clkbuf_4_12_0_clk/X (sky130_fd_sc_hd__clkbuf_8)
     1    0.01                           clknet_4_12_0_clk (net)
                  0.04    0.00    2.16 ^ clkbuf_4_12_1_clk/A (sky130_fd_sc_hd__clkbuf_8)
                  0.05    0.14    2.30 ^ clkbuf_4_12_1_clk/X (sky130_fd_sc_hd__clkbuf_8)
     2    0.02                           clknet_4_12_1_clk (net)
                  0.05    0.00    2.30 ^ clkbuf_5_25_0_clk/A (sky130_fd_sc_hd__clkbuf_8)
                  0.06    0.15    2.45 ^ clkbuf_5_25_0_clk/X (sky130_fd_sc_hd__clkbuf_8)
     2    0.03                           clknet_5_25_0_clk (net)
                  0.06    0.00    2.45 ^ clkbuf_6_51_0_clk/A (sky130_fd_sc_hd__clkbuf_8)
                  0.05    0.14    2.59 ^ clkbuf_6_51_0_clk/X (sky130_fd_sc_hd__clkbuf_8)
     2    0.02                           clknet_6_51_0_clk (net)
                  0.05    0.00    2.59 ^ clkbuf_7_103_0_clk/A (sky130_fd_sc_hd__clkbuf_8)
                  0.28    0.32    2.91 ^ clkbuf_7_103_0_clk/X (sky130_fd_sc_hd__clkbuf_8)
    16    0.17                           clknet_7_103_0_clk (net)
                  0.28    0.00    2.91 ^ clkbuf_leaf_828_clk/A (sky130_fd_sc_hd__clkbuf_16)
                  0.05    0.22    3.12 ^ clkbuf_leaf_828_clk/X (sky130_fd_sc_hd__clkbuf_16)
    11    0.03                           clknet_leaf_828_clk (net)
                  0.05    0.00    3.12 ^ _93482_/CLK (sky130_fd_sc_hd__dfxtp_1)
                          0.25    3.37   clock uncertainty
                         -0.17    3.21   clock reconvergence pessimism
                         -0.03    3.18   library hold time
                                  3.18   data required time
-----------------------------------------------------------------------------
                                  3.18   data required time
                                 -3.28   data arrival time
-----------------------------------------------------------------------------
                                  0.10   slack (MET)


Startpoint: _96168_ (rising edge-triggered flip-flop clocked by clk)
Endpoint: _94260_ (rising edge-triggered flip-flop clocked by clk)
Path Group: clk
Path Type: min

Fanout     Cap    Slew   Delay    Time   Description
-----------------------------------------------------------------------------
                          0.00    0.00   clock clk (rise edge)
                          0.00    0.00   clock source latency
                  0.41    0.30    0.30 ^ clk (in)
     1    0.10                           clk (net)
                  0.42    0.00    0.30 ^ clkbuf_0_clk/A (sky130_fd_sc_hd__clkbuf_16)
                  0.05    0.21    0.50 ^ clkbuf_0_clk/X (sky130_fd_sc_hd__clkbuf_16)
     2    0.02                           clknet_0_clk (net)
                  0.05    0.00    0.50 ^ clkbuf_1_0_0_clk/A (sky130_fd_sc_hd__clkbuf_8)
                  0.04    0.11    0.62 ^ clkbuf_1_0_0_clk/X (sky130_fd_sc_hd__clkbuf_8)
     1    0.01                           clknet_1_0_0_clk (net)
                  0.04    0.00    0.62 ^ clkbuf_1_0_1_clk/A (sky130_fd_sc_hd__clkbuf_8)
                  0.04    0.11    0.73 ^ clkbuf_1_0_1_clk/X (sky130_fd_sc_hd__clkbuf_8)
     1    0.01                           clknet_1_0_1_clk (net)
                  0.04    0.00    0.73 ^ clkbuf_1_0_2_clk/A (sky130_fd_sc_hd__clkbuf_8)
                  0.04    0.11    0.84 ^ clkbuf_1_0_2_clk/X (sky130_fd_sc_hd__clkbuf_8)
     1    0.01                           clknet_1_0_2_clk (net)
                  0.04    0.00    0.85 ^ clkbuf_1_0_3_clk/A (sky130_fd_sc_hd__clkbuf_8)
                  0.03    0.11    0.95 ^ clkbuf_1_0_3_clk/X (sky130_fd_sc_hd__clkbuf_8)
     1    0.01                           clknet_1_0_3_clk (net)
                  0.03    0.00    0.95 ^ clkbuf_1_0_4_clk/A (sky130_fd_sc_hd__clkbuf_8)
                  0.08    0.14    1.10 ^ clkbuf_1_0_4_clk/X (sky130_fd_sc_hd__clkbuf_8)
     2    0.04                           clknet_1_0_4_clk (net)
                  0.08    0.00    1.10 ^ clkbuf_2_1_0_clk/A (sky130_fd_sc_hd__clkbuf_8)
                  0.04    0.13    1.22 ^ clkbuf_2_1_0_clk/X (sky130_fd_sc_hd__clkbuf_8)
     1    0.01                           clknet_2_1_0_clk (net)
                  0.04    0.00    1.22 ^ clkbuf_2_1_1_clk/A (sky130_fd_sc_hd__clkbuf_8)
                  0.04    0.11    1.34 ^ clkbuf_2_1_1_clk/X (sky130_fd_sc_hd__clkbuf_8)
     1    0.01                           clknet_2_1_1_clk (net)
                  0.04    0.00    1.34 ^ clkbuf_2_1_2_clk/A (sky130_fd_sc_hd__clkbuf_8)
                  0.04    0.11    1.45 ^ clkbuf_2_1_2_clk/X (sky130_fd_sc_hd__clkbuf_8)
     1    0.01                           clknet_2_1_2_clk (net)
                  0.04    0.00    1.45 ^ clkbuf_2_1_3_clk/A (sky130_fd_sc_hd__clkbuf_8)
                  0.06    0.13    1.58 ^ clkbuf_2_1_3_clk/X (sky130_fd_sc_hd__clkbuf_8)
     2    0.03                           clknet_2_1_3_clk (net)
                  0.06    0.00    1.58 ^ clkbuf_3_3_0_clk/A (sky130_fd_sc_hd__clkbuf_8)
                  0.04    0.12    1.70 ^ clkbuf_3_3_0_clk/X (sky130_fd_sc_hd__clkbuf_8)
     1    0.01                           clknet_3_3_0_clk (net)
                  0.04    0.00    1.70 ^ clkbuf_3_3_1_clk/A (sky130_fd_sc_hd__clkbuf_8)
                  0.06    0.13    1.83 ^ clkbuf_3_3_1_clk/X (sky130_fd_sc_hd__clkbuf_8)
     2    0.02                           clknet_3_3_1_clk (net)
                  0.06    0.00    1.83 ^ clkbuf_4_7_0_clk/A (sky130_fd_sc_hd__clkbuf_8)
                  0.04    0.11    1.95 ^ clkbuf_4_7_0_clk/X (sky130_fd_sc_hd__clkbuf_8)
     1    0.01                           clknet_4_7_0_clk (net)
                  0.04    0.00    1.95 ^ clkbuf_4_7_1_clk/A (sky130_fd_sc_hd__clkbuf_8)
                  0.07    0.14    2.09 ^ clkbuf_4_7_1_clk/X (sky130_fd_sc_hd__clkbuf_8)
     2    0.04                           clknet_4_7_1_clk (net)
                  0.08    0.01    2.09 ^ clkbuf_5_15_0_clk/A (sky130_fd_sc_hd__clkbuf_8)
                  0.05    0.13    2.23 ^ clkbuf_5_15_0_clk/X (sky130_fd_sc_hd__clkbuf_8)
     2    0.02                           clknet_5_15_0_clk (net)
                  0.05    0.00    2.23 ^ clkbuf_6_30_0_clk/A (sky130_fd_sc_hd__clkbuf_8)
                  0.05    0.13    2.35 ^ clkbuf_6_30_0_clk/X (sky130_fd_sc_hd__clkbuf_8)
     2    0.02                           clknet_6_30_0_clk (net)
                  0.05    0.00    2.35 ^ clkbuf_7_60_0_clk/A (sky130_fd_sc_hd__clkbuf_8)
                  0.09    0.16    2.51 ^ clkbuf_7_60_0_clk/X (sky130_fd_sc_hd__clkbuf_8)
     4    0.05                           clknet_7_60_0_clk (net)
                  0.09    0.00    2.51 ^ clkbuf_leaf_1058_clk/A (sky130_fd_sc_hd__clkbuf_16)
                  0.04    0.13    2.65 ^ clkbuf_leaf_1058_clk/X (sky130_fd_sc_hd__clkbuf_16)
     6    0.02                           clknet_leaf_1058_clk (net)
                  0.04    0.00    2.65 ^ _96168_/CLK (sky130_fd_sc_hd__dfxtp_1)
                  0.09    0.32    2.97 ^ _96168_/Q (sky130_fd_sc_hd__dfxtp_1)
     3    0.01                           l1dcache_u.tag_out_save[8] (net)
                  0.09    0.00    2.97 ^ _46697_/A1 (sky130_fd_sc_hd__mux2_1)
                  0.07    0.16    3.13 ^ _46697_/X (sky130_fd_sc_hd__mux2_1)
     2    0.01                           _12097_ (net)
                  0.07    0.00    3.13 ^ _82171_/B (sky130_fd_sc_hd__and2_1)
                  0.05    0.12    3.25 ^ _82171_/X (sky130_fd_sc_hd__and2_1)
     1    0.00                           _40162_ (net)
                  0.05    0.00    3.25 ^ _82172_/A (sky130_fd_sc_hd__clkbuf_1)
                  0.05    0.08    3.33 ^ _82172_/X (sky130_fd_sc_hd__clkbuf_1)
     1    0.00                           _07446_ (net)
                  0.05    0.00    3.33 ^ _94260_/D (sky130_fd_sc_hd__dfxtp_1)
                                  3.33   data arrival time

                          0.00    0.00   clock clk (rise edge)
                          0.00    0.00   clock source latency
                  0.41    0.33    0.33 ^ clk (in)
     1    0.10                           clk (net)
                  0.42    0.00    0.33 ^ clkbuf_0_clk/A (sky130_fd_sc_hd__clkbuf_16)
                  0.05    0.23    0.56 ^ clkbuf_0_clk/X (sky130_fd_sc_hd__clkbuf_16)
     2    0.02                           clknet_0_clk (net)
                  0.05    0.00    0.56 ^ clkbuf_1_1_0_clk/A (sky130_fd_sc_hd__clkbuf_8)
                  0.04    0.13    0.69 ^ clkbuf_1_1_0_clk/X (sky130_fd_sc_hd__clkbuf_8)
     1    0.01                           clknet_1_1_0_clk (net)
                  0.04    0.00    0.69 ^ clkbuf_1_1_1_clk/A (sky130_fd_sc_hd__clkbuf_8)
                  0.04    0.12    0.81 ^ clkbuf_1_1_1_clk/X (sky130_fd_sc_hd__clkbuf_8)
     1    0.01                           clknet_1_1_1_clk (net)
                  0.04    0.00    0.81 ^ clkbuf_1_1_2_clk/A (sky130_fd_sc_hd__clkbuf_8)
                  0.04    0.12    0.93 ^ clkbuf_1_1_2_clk/X (sky130_fd_sc_hd__clkbuf_8)
     1    0.01                           clknet_1_1_2_clk (net)
                  0.04    0.00    0.93 ^ clkbuf_1_1_3_clk/A (sky130_fd_sc_hd__clkbuf_8)
                  0.03    0.12    1.05 ^ clkbuf_1_1_3_clk/X (sky130_fd_sc_hd__clkbuf_8)
     1    0.01                           clknet_1_1_3_clk (net)
                  0.03    0.00    1.05 ^ clkbuf_1_1_4_clk/A (sky130_fd_sc_hd__clkbuf_8)
                  0.08    0.16    1.21 ^ clkbuf_1_1_4_clk/X (sky130_fd_sc_hd__clkbuf_8)
     2    0.04                           clknet_1_1_4_clk (net)
                  0.08    0.00    1.21 ^ clkbuf_2_3_0_clk/A (sky130_fd_sc_hd__clkbuf_8)
                  0.04    0.14    1.35 ^ clkbuf_2_3_0_clk/X (sky130_fd_sc_hd__clkbuf_8)
     1    0.01                           clknet_2_3_0_clk (net)
                  0.04    0.00    1.35 ^ clkbuf_2_3_1_clk/A (sky130_fd_sc_hd__clkbuf_8)
                  0.04    0.12    1.48 ^ clkbuf_2_3_1_clk/X (sky130_fd_sc_hd__clkbuf_8)
     1    0.01                           clknet_2_3_1_clk (net)
                  0.04    0.00    1.48 ^ clkbuf_2_3_2_clk/A (sky130_fd_sc_hd__clkbuf_8)
                  0.04    0.12    1.60 ^ clkbuf_2_3_2_clk/X (sky130_fd_sc_hd__clkbuf_8)
     1    0.01                           clknet_2_3_2_clk (net)
                  0.04    0.00    1.60 ^ clkbuf_2_3_3_clk/A (sky130_fd_sc_hd__clkbuf_8)
                  0.05    0.14    1.74 ^ clkbuf_2_3_3_clk/X (sky130_fd_sc_hd__clkbuf_8)
     2    0.02                           clknet_2_3_3_clk (net)
                  0.05    0.00    1.74 ^ clkbuf_3_6_0_clk/A (sky130_fd_sc_hd__clkbuf_8)
                  0.04    0.13    1.87 ^ clkbuf_3_6_0_clk/X (sky130_fd_sc_hd__clkbuf_8)
     1    0.01                           clknet_3_6_0_clk (net)
                  0.04    0.00    1.87 ^ clkbuf_3_6_1_clk/A (sky130_fd_sc_hd__clkbuf_8)
                  0.07    0.15    2.02 ^ clkbuf_3_6_1_clk/X (sky130_fd_sc_hd__clkbuf_8)
     2    0.03                           clknet_3_6_1_clk (net)
                  0.07    0.00    2.02 ^ clkbuf_4_12_0_clk/A (sky130_fd_sc_hd__clkbuf_8)
                  0.04    0.13    2.16 ^ clkbuf_4_12_0_clk/X (sky130_fd_sc_hd__clkbuf_8)
     1    0.01                           clknet_4_12_0_clk (net)
                  0.04    0.00    2.16 ^ clkbuf_4_12_1_clk/A (sky130_fd_sc_hd__clkbuf_8)
                  0.05    0.14    2.30 ^ clkbuf_4_12_1_clk/X (sky130_fd_sc_hd__clkbuf_8)
     2    0.02                           clknet_4_12_1_clk (net)
                  0.05    0.00    2.30 ^ clkbuf_5_24_0_clk/A (sky130_fd_sc_hd__clkbuf_8)
                  0.06    0.15    2.45 ^ clkbuf_5_24_0_clk/X (sky130_fd_sc_hd__clkbuf_8)
     2    0.03                           clknet_5_24_0_clk (net)
                  0.06    0.00    2.45 ^ clkbuf_6_49_0_clk/A (sky130_fd_sc_hd__clkbuf_8)
                  0.05    0.14    2.59 ^ clkbuf_6_49_0_clk/X (sky130_fd_sc_hd__clkbuf_8)
     2    0.02                           clknet_6_49_0_clk (net)
                  0.05    0.00    2.59 ^ clkbuf_7_98_0_clk/A (sky130_fd_sc_hd__clkbuf_8)
                  0.21    0.27    2.86 ^ clkbuf_7_98_0_clk/X (sky130_fd_sc_hd__clkbuf_8)
    12    0.13                           clknet_7_98_0_clk (net)
                  0.21    0.00    2.86 ^ clkbuf_leaf_1056_clk/A (sky130_fd_sc_hd__clkbuf_16)
                  0.06    0.21    3.07 ^ clkbuf_leaf_1056_clk/X (sky130_fd_sc_hd__clkbuf_16)
    16    0.04                           clknet_leaf_1056_clk (net)
                  0.06    0.00    3.07 ^ _94260_/CLK (sky130_fd_sc_hd__dfxtp_1)
                          0.25    3.32   clock uncertainty
                         -0.05    3.26   clock reconvergence pessimism
                         -0.03    3.23   library hold time
                                  3.23   data required time
-----------------------------------------------------------------------------
                                  3.23   data required time
                                 -3.33   data arrival time
-----------------------------------------------------------------------------
                                  0.10   slack (MET)


Startpoint: _94194_ (rising edge-triggered flip-flop clocked by clk)
Endpoint: _93509_ (rising edge-triggered flip-flop clocked by clk)
Path Group: clk
Path Type: min

Fanout     Cap    Slew   Delay    Time   Description
-----------------------------------------------------------------------------
                          0.00    0.00   clock clk (rise edge)
                          0.00    0.00   clock source latency
                  0.41    0.30    0.30 ^ clk (in)
     1    0.10                           clk (net)
                  0.42    0.00    0.30 ^ clkbuf_0_clk/A (sky130_fd_sc_hd__clkbuf_16)
                  0.05    0.21    0.50 ^ clkbuf_0_clk/X (sky130_fd_sc_hd__clkbuf_16)
     2    0.02                           clknet_0_clk (net)
                  0.05    0.00    0.50 ^ clkbuf_1_1_0_clk/A (sky130_fd_sc_hd__clkbuf_8)
                  0.04    0.12    0.62 ^ clkbuf_1_1_0_clk/X (sky130_fd_sc_hd__clkbuf_8)
     1    0.01                           clknet_1_1_0_clk (net)
                  0.04    0.00    0.62 ^ clkbuf_1_1_1_clk/A (sky130_fd_sc_hd__clkbuf_8)
                  0.04    0.11    0.73 ^ clkbuf_1_1_1_clk/X (sky130_fd_sc_hd__clkbuf_8)
     1    0.01                           clknet_1_1_1_clk (net)
                  0.04    0.00    0.73 ^ clkbuf_1_1_2_clk/A (sky130_fd_sc_hd__clkbuf_8)
                  0.04    0.11    0.84 ^ clkbuf_1_1_2_clk/X (sky130_fd_sc_hd__clkbuf_8)
     1    0.01                           clknet_1_1_2_clk (net)
                  0.04    0.00    0.85 ^ clkbuf_1_1_3_clk/A (sky130_fd_sc_hd__clkbuf_8)
                  0.03    0.11    0.95 ^ clkbuf_1_1_3_clk/X (sky130_fd_sc_hd__clkbuf_8)
     1    0.01                           clknet_1_1_3_clk (net)
                  0.03    0.00    0.95 ^ clkbuf_1_1_4_clk/A (sky130_fd_sc_hd__clkbuf_8)
                  0.08    0.14    1.10 ^ clkbuf_1_1_4_clk/X (sky130_fd_sc_hd__clkbuf_8)
     2    0.04                           clknet_1_1_4_clk (net)
                  0.08    0.00    1.10 ^ clkbuf_2_2_0_clk/A (sky130_fd_sc_hd__clkbuf_8)
                  0.04    0.13    1.22 ^ clkbuf_2_2_0_clk/X (sky130_fd_sc_hd__clkbuf_8)
     1    0.01                           clknet_2_2_0_clk (net)
                  0.04    0.00    1.22 ^ clkbuf_2_2_1_clk/A (sky130_fd_sc_hd__clkbuf_8)
                  0.04    0.11    1.33 ^ clkbuf_2_2_1_clk/X (sky130_fd_sc_hd__clkbuf_8)
     1    0.01                           clknet_2_2_1_clk (net)
                  0.04    0.00    1.34 ^ clkbuf_2_2_2_clk/A (sky130_fd_sc_hd__clkbuf_8)
                  0.04    0.11    1.45 ^ clkbuf_2_2_2_clk/X (sky130_fd_sc_hd__clkbuf_8)
     1    0.01                           clknet_2_2_2_clk (net)
                  0.04    0.00    1.45 ^ clkbuf_2_2_3_clk/A (sky130_fd_sc_hd__clkbuf_8)
                  0.08    0.15    1.59 ^ clkbuf_2_2_3_clk/X (sky130_fd_sc_hd__clkbuf_8)
     2    0.04                           clknet_2_2_3_clk (net)
                  0.08    0.00    1.60 ^ clkbuf_3_4_0_clk/A (sky130_fd_sc_hd__clkbuf_8)
                  0.04    0.12    1.72 ^ clkbuf_3_4_0_clk/X (sky130_fd_sc_hd__clkbuf_8)
     1    0.01                           clknet_3_4_0_clk (net)
                  0.04    0.00    1.72 ^ clkbuf_3_4_1_clk/A (sky130_fd_sc_hd__clkbuf_8)
                  0.07    0.14    1.86 ^ clkbuf_3_4_1_clk/X (sky130_fd_sc_hd__clkbuf_8)
     2    0.03                           clknet_3_4_1_clk (net)
                  0.07    0.00    1.86 ^ clkbuf_4_9_0_clk/A (sky130_fd_sc_hd__clkbuf_8)
                  0.04    0.12    1.98 ^ clkbuf_4_9_0_clk/X (sky130_fd_sc_hd__clkbuf_8)
     1    0.01                           clknet_4_9_0_clk (net)
                  0.04    0.00    1.98 ^ clkbuf_4_9_1_clk/A (sky130_fd_sc_hd__clkbuf_8)
                  0.05    0.13    2.11 ^ clkbuf_4_9_1_clk/X (sky130_fd_sc_hd__clkbuf_8)
     2    0.02                           clknet_4_9_1_clk (net)
                  0.05    0.00    2.11 ^ clkbuf_5_19_0_clk/A (sky130_fd_sc_hd__clkbuf_8)
                  0.06    0.14    2.24 ^ clkbuf_5_19_0_clk/X (sky130_fd_sc_hd__clkbuf_8)
     2    0.03                           clknet_5_19_0_clk (net)
                  0.06    0.00    2.24 ^ clkbuf_6_39_0_clk/A (sky130_fd_sc_hd__clkbuf_8)
                  0.05    0.13    2.37 ^ clkbuf_6_39_0_clk/X (sky130_fd_sc_hd__clkbuf_8)
     2    0.02                           clknet_6_39_0_clk (net)
                  0.05    0.00    2.37 ^ clkbuf_7_79_0_clk/A (sky130_fd_sc_hd__clkbuf_8)
                  0.21    0.24    2.62 ^ clkbuf_7_79_0_clk/X (sky130_fd_sc_hd__clkbuf_8)
    12    0.13                           clknet_7_79_0_clk (net)
                  0.21    0.00    2.62 ^ clkbuf_leaf_739_clk/A (sky130_fd_sc_hd__clkbuf_16)
                  0.06    0.18    2.80 ^ clkbuf_leaf_739_clk/X (sky130_fd_sc_hd__clkbuf_16)
    14    0.04                           clknet_leaf_739_clk (net)
                  0.06    0.00    2.80 ^ _94194_/CLK (sky130_fd_sc_hd__dfxtp_4)
                  0.14    0.41    3.21 ^ _94194_/Q (sky130_fd_sc_hd__dfxtp_4)
     6    0.05                           core_u.back2csr_wb_data[56] (net)
                  0.14    0.00    3.21 ^ _74880_/A1 (sky130_fd_sc_hd__o211a_1)
                  0.04    0.16    3.38 ^ _74880_/X (sky130_fd_sc_hd__o211a_1)
     1    0.00                           _06738_ (net)
                  0.04    0.00    3.38 ^ _93509_/D (sky130_fd_sc_hd__dfxtp_1)
                                  3.38   data arrival time

                          0.00    0.00   clock clk (rise edge)
                          0.00    0.00   clock source latency
                  0.41    0.33    0.33 ^ clk (in)
     1    0.10                           clk (net)
                  0.42    0.00    0.33 ^ clkbuf_0_clk/A (sky130_fd_sc_hd__clkbuf_16)
                  0.05    0.23    0.56 ^ clkbuf_0_clk/X (sky130_fd_sc_hd__clkbuf_16)
     2    0.02                           clknet_0_clk (net)
                  0.05    0.00    0.56 ^ clkbuf_1_1_0_clk/A (sky130_fd_sc_hd__clkbuf_8)
                  0.04    0.13    0.69 ^ clkbuf_1_1_0_clk/X (sky130_fd_sc_hd__clkbuf_8)
     1    0.01                           clknet_1_1_0_clk (net)
                  0.04    0.00    0.69 ^ clkbuf_1_1_1_clk/A (sky130_fd_sc_hd__clkbuf_8)
                  0.04    0.12    0.81 ^ clkbuf_1_1_1_clk/X (sky130_fd_sc_hd__clkbuf_8)
     1    0.01                           clknet_1_1_1_clk (net)
                  0.04    0.00    0.81 ^ clkbuf_1_1_2_clk/A (sky130_fd_sc_hd__clkbuf_8)
                  0.04    0.12    0.93 ^ clkbuf_1_1_2_clk/X (sky130_fd_sc_hd__clkbuf_8)
     1    0.01                           clknet_1_1_2_clk (net)
                  0.04    0.00    0.93 ^ clkbuf_1_1_3_clk/A (sky130_fd_sc_hd__clkbuf_8)
                  0.03    0.12    1.05 ^ clkbuf_1_1_3_clk/X (sky130_fd_sc_hd__clkbuf_8)
     1    0.01                           clknet_1_1_3_clk (net)
                  0.03    0.00    1.05 ^ clkbuf_1_1_4_clk/A (sky130_fd_sc_hd__clkbuf_8)
                  0.08    0.16    1.21 ^ clkbuf_1_1_4_clk/X (sky130_fd_sc_hd__clkbuf_8)
     2    0.04                           clknet_1_1_4_clk (net)
                  0.08    0.00    1.21 ^ clkbuf_2_3_0_clk/A (sky130_fd_sc_hd__clkbuf_8)
                  0.04    0.14    1.35 ^ clkbuf_2_3_0_clk/X (sky130_fd_sc_hd__clkbuf_8)
     1    0.01                           clknet_2_3_0_clk (net)
                  0.04    0.00    1.35 ^ clkbuf_2_3_1_clk/A (sky130_fd_sc_hd__clkbuf_8)
                  0.04    0.12    1.48 ^ clkbuf_2_3_1_clk/X (sky130_fd_sc_hd__clkbuf_8)
     1    0.01                           clknet_2_3_1_clk (net)
                  0.04    0.00    1.48 ^ clkbuf_2_3_2_clk/A (sky130_fd_sc_hd__clkbuf_8)
                  0.04    0.12    1.60 ^ clkbuf_2_3_2_clk/X (sky130_fd_sc_hd__clkbuf_8)
     1    0.01                           clknet_2_3_2_clk (net)
                  0.04    0.00    1.60 ^ clkbuf_2_3_3_clk/A (sky130_fd_sc_hd__clkbuf_8)
                  0.05    0.14    1.74 ^ clkbuf_2_3_3_clk/X (sky130_fd_sc_hd__clkbuf_8)
     2    0.02                           clknet_2_3_3_clk (net)
                  0.05    0.00    1.74 ^ clkbuf_3_6_0_clk/A (sky130_fd_sc_hd__clkbuf_8)
                  0.04    0.13    1.87 ^ clkbuf_3_6_0_clk/X (sky130_fd_sc_hd__clkbuf_8)
     1    0.01                           clknet_3_6_0_clk (net)
                  0.04    0.00    1.87 ^ clkbuf_3_6_1_clk/A (sky130_fd_sc_hd__clkbuf_8)
                  0.07    0.15    2.02 ^ clkbuf_3_6_1_clk/X (sky130_fd_sc_hd__clkbuf_8)
     2    0.03                           clknet_3_6_1_clk (net)
                  0.07    0.00    2.02 ^ clkbuf_4_12_0_clk/A (sky130_fd_sc_hd__clkbuf_8)
                  0.04    0.13    2.16 ^ clkbuf_4_12_0_clk/X (sky130_fd_sc_hd__clkbuf_8)
     1    0.01                           clknet_4_12_0_clk (net)
                  0.04    0.00    2.16 ^ clkbuf_4_12_1_clk/A (sky130_fd_sc_hd__clkbuf_8)
                  0.05    0.14    2.30 ^ clkbuf_4_12_1_clk/X (sky130_fd_sc_hd__clkbuf_8)
     2    0.02                           clknet_4_12_1_clk (net)
                  0.05    0.00    2.30 ^ clkbuf_5_25_0_clk/A (sky130_fd_sc_hd__clkbuf_8)
                  0.06    0.15    2.45 ^ clkbuf_5_25_0_clk/X (sky130_fd_sc_hd__clkbuf_8)
     2    0.03                           clknet_5_25_0_clk (net)
                  0.06    0.00    2.45 ^ clkbuf_6_51_0_clk/A (sky130_fd_sc_hd__clkbuf_8)
                  0.05    0.14    2.59 ^ clkbuf_6_51_0_clk/X (sky130_fd_sc_hd__clkbuf_8)
     2    0.02                           clknet_6_51_0_clk (net)
                  0.05    0.00    2.59 ^ clkbuf_7_102_0_clk/A (sky130_fd_sc_hd__clkbuf_8)
                  0.32    0.35    2.94 ^ clkbuf_7_102_0_clk/X (sky130_fd_sc_hd__clkbuf_8)
    18    0.20                           clknet_7_102_0_clk (net)
                  0.32    0.00    2.94 ^ clkbuf_leaf_816_clk/A (sky130_fd_sc_hd__clkbuf_16)
                  0.06    0.23    3.17 ^ clkbuf_leaf_816_clk/X (sky130_fd_sc_hd__clkbuf_16)
    13    0.03                           clknet_leaf_816_clk (net)
                  0.06    0.00    3.17 ^ _93509_/CLK (sky130_fd_sc_hd__dfxtp_1)
                          0.25    3.42   clock uncertainty
                         -0.12    3.30   clock reconvergence pessimism
                         -0.03    3.27   library hold time
                                  3.27   data required time
-----------------------------------------------------------------------------
                                  3.27   data required time
                                 -3.38   data arrival time
-----------------------------------------------------------------------------
                                  0.10   slack (MET)


