
56. Executing CHECK pass (checking for obvious problems).
Checking module lab1...
Warning: multiple conflicting drivers for lab1.\data_dout1[31]:
    port dout1[31] of cell dcache_data_ram_1 (sky130_sram_1kbyte_1rw1r_32x256_8)
    port dout1[31] of cell dcache_data_ram_2 (sky130_sram_1kbyte_1rw1r_32x256_8)
    port dout1[31] of cell dcache_tag_ram (sky130_sram_1kbyte_1rw1r_32x256_8)
    port dout1[31] of cell icache_data_ram (sky130_sram_1kbyte_1rw1r_32x256_8)
    port dout1[31] of cell icache_tag_ram (sky130_sram_1kbyte_1rw1r_32x256_8)
Warning: multiple conflicting drivers for lab1.\data_dout1[30]:
    port dout1[30] of cell dcache_data_ram_1 (sky130_sram_1kbyte_1rw1r_32x256_8)
    port dout1[30] of cell dcache_data_ram_2 (sky130_sram_1kbyte_1rw1r_32x256_8)
    port dout1[30] of cell dcache_tag_ram (sky130_sram_1kbyte_1rw1r_32x256_8)
    port dout1[30] of cell icache_data_ram (sky130_sram_1kbyte_1rw1r_32x256_8)
    port dout1[30] of cell icache_tag_ram (sky130_sram_1kbyte_1rw1r_32x256_8)
Warning: multiple conflicting drivers for lab1.\data_dout1[29]:
    port dout1[29] of cell dcache_data_ram_1 (sky130_sram_1kbyte_1rw1r_32x256_8)
    port dout1[29] of cell dcache_data_ram_2 (sky130_sram_1kbyte_1rw1r_32x256_8)
    port dout1[29] of cell dcache_tag_ram (sky130_sram_1kbyte_1rw1r_32x256_8)
    port dout1[29] of cell icache_data_ram (sky130_sram_1kbyte_1rw1r_32x256_8)
    port dout1[29] of cell icache_tag_ram (sky130_sram_1kbyte_1rw1r_32x256_8)
Warning: multiple conflicting drivers for lab1.\data_dout1[28]:
    port dout1[28] of cell dcache_data_ram_1 (sky130_sram_1kbyte_1rw1r_32x256_8)
    port dout1[28] of cell dcache_data_ram_2 (sky130_sram_1kbyte_1rw1r_32x256_8)
    port dout1[28] of cell dcache_tag_ram (sky130_sram_1kbyte_1rw1r_32x256_8)
    port dout1[28] of cell icache_data_ram (sky130_sram_1kbyte_1rw1r_32x256_8)
    port dout1[28] of cell icache_tag_ram (sky130_sram_1kbyte_1rw1r_32x256_8)
Warning: multiple conflicting drivers for lab1.\data_dout1[27]:
    port dout1[27] of cell dcache_data_ram_1 (sky130_sram_1kbyte_1rw1r_32x256_8)
    port dout1[27] of cell dcache_data_ram_2 (sky130_sram_1kbyte_1rw1r_32x256_8)
    port dout1[27] of cell dcache_tag_ram (sky130_sram_1kbyte_1rw1r_32x256_8)
    port dout1[27] of cell icache_data_ram (sky130_sram_1kbyte_1rw1r_32x256_8)
    port dout1[27] of cell icache_tag_ram (sky130_sram_1kbyte_1rw1r_32x256_8)
Warning: multiple conflicting drivers for lab1.\data_dout1[26]:
    port dout1[26] of cell dcache_data_ram_1 (sky130_sram_1kbyte_1rw1r_32x256_8)
    port dout1[26] of cell dcache_data_ram_2 (sky130_sram_1kbyte_1rw1r_32x256_8)
    port dout1[26] of cell dcache_tag_ram (sky130_sram_1kbyte_1rw1r_32x256_8)
    port dout1[26] of cell icache_data_ram (sky130_sram_1kbyte_1rw1r_32x256_8)
    port dout1[26] of cell icache_tag_ram (sky130_sram_1kbyte_1rw1r_32x256_8)
Warning: multiple conflicting drivers for lab1.\data_dout1[25]:
    port dout1[25] of cell dcache_data_ram_1 (sky130_sram_1kbyte_1rw1r_32x256_8)
    port dout1[25] of cell dcache_data_ram_2 (sky130_sram_1kbyte_1rw1r_32x256_8)
    port dout1[25] of cell dcache_tag_ram (sky130_sram_1kbyte_1rw1r_32x256_8)
    port dout1[25] of cell icache_data_ram (sky130_sram_1kbyte_1rw1r_32x256_8)
    port dout1[25] of cell icache_tag_ram (sky130_sram_1kbyte_1rw1r_32x256_8)
Warning: multiple conflicting drivers for lab1.\data_dout1[24]:
    port dout1[24] of cell dcache_data_ram_1 (sky130_sram_1kbyte_1rw1r_32x256_8)
    port dout1[24] of cell dcache_data_ram_2 (sky130_sram_1kbyte_1rw1r_32x256_8)
    port dout1[24] of cell dcache_tag_ram (sky130_sram_1kbyte_1rw1r_32x256_8)
    port dout1[24] of cell icache_data_ram (sky130_sram_1kbyte_1rw1r_32x256_8)
    port dout1[24] of cell icache_tag_ram (sky130_sram_1kbyte_1rw1r_32x256_8)
Warning: multiple conflicting drivers for lab1.\data_dout1[23]:
    port dout1[23] of cell dcache_data_ram_1 (sky130_sram_1kbyte_1rw1r_32x256_8)
    port dout1[23] of cell dcache_data_ram_2 (sky130_sram_1kbyte_1rw1r_32x256_8)
    port dout1[23] of cell dcache_tag_ram (sky130_sram_1kbyte_1rw1r_32x256_8)
    port dout1[23] of cell icache_data_ram (sky130_sram_1kbyte_1rw1r_32x256_8)
    port dout1[23] of cell icache_tag_ram (sky130_sram_1kbyte_1rw1r_32x256_8)
Warning: multiple conflicting drivers for lab1.\data_dout1[22]:
    port dout1[22] of cell dcache_data_ram_1 (sky130_sram_1kbyte_1rw1r_32x256_8)
    port dout1[22] of cell dcache_data_ram_2 (sky130_sram_1kbyte_1rw1r_32x256_8)
    port dout1[22] of cell dcache_tag_ram (sky130_sram_1kbyte_1rw1r_32x256_8)
    port dout1[22] of cell icache_data_ram (sky130_sram_1kbyte_1rw1r_32x256_8)
    port dout1[22] of cell icache_tag_ram (sky130_sram_1kbyte_1rw1r_32x256_8)
Warning: multiple conflicting drivers for lab1.\data_dout1[21]:
    port dout1[21] of cell dcache_data_ram_1 (sky130_sram_1kbyte_1rw1r_32x256_8)
    port dout1[21] of cell dcache_data_ram_2 (sky130_sram_1kbyte_1rw1r_32x256_8)
    port dout1[21] of cell dcache_tag_ram (sky130_sram_1kbyte_1rw1r_32x256_8)
    port dout1[21] of cell icache_data_ram (sky130_sram_1kbyte_1rw1r_32x256_8)
    port dout1[21] of cell icache_tag_ram (sky130_sram_1kbyte_1rw1r_32x256_8)
Warning: multiple conflicting drivers for lab1.\data_dout1[20]:
    port dout1[20] of cell dcache_data_ram_1 (sky130_sram_1kbyte_1rw1r_32x256_8)
    port dout1[20] of cell dcache_data_ram_2 (sky130_sram_1kbyte_1rw1r_32x256_8)
    port dout1[20] of cell dcache_tag_ram (sky130_sram_1kbyte_1rw1r_32x256_8)
    port dout1[20] of cell icache_data_ram (sky130_sram_1kbyte_1rw1r_32x256_8)
    port dout1[20] of cell icache_tag_ram (sky130_sram_1kbyte_1rw1r_32x256_8)
Warning: multiple conflicting drivers for lab1.\data_dout1[19]:
    port dout1[19] of cell dcache_data_ram_1 (sky130_sram_1kbyte_1rw1r_32x256_8)
    port dout1[19] of cell dcache_data_ram_2 (sky130_sram_1kbyte_1rw1r_32x256_8)
    port dout1[19] of cell dcache_tag_ram (sky130_sram_1kbyte_1rw1r_32x256_8)
    port dout1[19] of cell icache_data_ram (sky130_sram_1kbyte_1rw1r_32x256_8)
    port dout1[19] of cell icache_tag_ram (sky130_sram_1kbyte_1rw1r_32x256_8)
Warning: multiple conflicting drivers for lab1.\data_dout1[18]:
    port dout1[18] of cell dcache_data_ram_1 (sky130_sram_1kbyte_1rw1r_32x256_8)
    port dout1[18] of cell dcache_data_ram_2 (sky130_sram_1kbyte_1rw1r_32x256_8)
    port dout1[18] of cell dcache_tag_ram (sky130_sram_1kbyte_1rw1r_32x256_8)
    port dout1[18] of cell icache_data_ram (sky130_sram_1kbyte_1rw1r_32x256_8)
    port dout1[18] of cell icache_tag_ram (sky130_sram_1kbyte_1rw1r_32x256_8)
Warning: multiple conflicting drivers for lab1.\data_dout1[17]:
    port dout1[17] of cell dcache_data_ram_1 (sky130_sram_1kbyte_1rw1r_32x256_8)
    port dout1[17] of cell dcache_data_ram_2 (sky130_sram_1kbyte_1rw1r_32x256_8)
    port dout1[17] of cell dcache_tag_ram (sky130_sram_1kbyte_1rw1r_32x256_8)
    port dout1[17] of cell icache_data_ram (sky130_sram_1kbyte_1rw1r_32x256_8)
    port dout1[17] of cell icache_tag_ram (sky130_sram_1kbyte_1rw1r_32x256_8)
Warning: multiple conflicting drivers for lab1.\data_dout1[16]:
    port dout1[16] of cell dcache_data_ram_1 (sky130_sram_1kbyte_1rw1r_32x256_8)
    port dout1[16] of cell dcache_data_ram_2 (sky130_sram_1kbyte_1rw1r_32x256_8)
    port dout1[16] of cell dcache_tag_ram (sky130_sram_1kbyte_1rw1r_32x256_8)
    port dout1[16] of cell icache_data_ram (sky130_sram_1kbyte_1rw1r_32x256_8)
    port dout1[16] of cell icache_tag_ram (sky130_sram_1kbyte_1rw1r_32x256_8)
Warning: multiple conflicting drivers for lab1.\data_dout1[15]:
    port dout1[15] of cell dcache_data_ram_1 (sky130_sram_1kbyte_1rw1r_32x256_8)
    port dout1[15] of cell dcache_data_ram_2 (sky130_sram_1kbyte_1rw1r_32x256_8)
    port dout1[15] of cell dcache_tag_ram (sky130_sram_1kbyte_1rw1r_32x256_8)
    port dout1[15] of cell icache_data_ram (sky130_sram_1kbyte_1rw1r_32x256_8)
    port dout1[15] of cell icache_tag_ram (sky130_sram_1kbyte_1rw1r_32x256_8)
Warning: multiple conflicting drivers for lab1.\data_dout1[14]:
    port dout1[14] of cell dcache_data_ram_1 (sky130_sram_1kbyte_1rw1r_32x256_8)
    port dout1[14] of cell dcache_data_ram_2 (sky130_sram_1kbyte_1rw1r_32x256_8)
    port dout1[14] of cell dcache_tag_ram (sky130_sram_1kbyte_1rw1r_32x256_8)
    port dout1[14] of cell icache_data_ram (sky130_sram_1kbyte_1rw1r_32x256_8)
    port dout1[14] of cell icache_tag_ram (sky130_sram_1kbyte_1rw1r_32x256_8)
Warning: multiple conflicting drivers for lab1.\data_dout1[13]:
    port dout1[13] of cell dcache_data_ram_1 (sky130_sram_1kbyte_1rw1r_32x256_8)
    port dout1[13] of cell dcache_data_ram_2 (sky130_sram_1kbyte_1rw1r_32x256_8)
    port dout1[13] of cell dcache_tag_ram (sky130_sram_1kbyte_1rw1r_32x256_8)
    port dout1[13] of cell icache_data_ram (sky130_sram_1kbyte_1rw1r_32x256_8)
    port dout1[13] of cell icache_tag_ram (sky130_sram_1kbyte_1rw1r_32x256_8)
Warning: multiple conflicting drivers for lab1.\data_dout1[12]:
    port dout1[12] of cell dcache_data_ram_1 (sky130_sram_1kbyte_1rw1r_32x256_8)
    port dout1[12] of cell dcache_data_ram_2 (sky130_sram_1kbyte_1rw1r_32x256_8)
    port dout1[12] of cell dcache_tag_ram (sky130_sram_1kbyte_1rw1r_32x256_8)
    port dout1[12] of cell icache_data_ram (sky130_sram_1kbyte_1rw1r_32x256_8)
    port dout1[12] of cell icache_tag_ram (sky130_sram_1kbyte_1rw1r_32x256_8)
Warning: multiple conflicting drivers for lab1.\data_dout1[11]:
    port dout1[11] of cell dcache_data_ram_1 (sky130_sram_1kbyte_1rw1r_32x256_8)
    port dout1[11] of cell dcache_data_ram_2 (sky130_sram_1kbyte_1rw1r_32x256_8)
    port dout1[11] of cell dcache_tag_ram (sky130_sram_1kbyte_1rw1r_32x256_8)
    port dout1[11] of cell icache_data_ram (sky130_sram_1kbyte_1rw1r_32x256_8)
    port dout1[11] of cell icache_tag_ram (sky130_sram_1kbyte_1rw1r_32x256_8)
Warning: multiple conflicting drivers for lab1.\data_dout1[10]:
    port dout1[10] of cell dcache_data_ram_1 (sky130_sram_1kbyte_1rw1r_32x256_8)
    port dout1[10] of cell dcache_data_ram_2 (sky130_sram_1kbyte_1rw1r_32x256_8)
    port dout1[10] of cell dcache_tag_ram (sky130_sram_1kbyte_1rw1r_32x256_8)
    port dout1[10] of cell icache_data_ram (sky130_sram_1kbyte_1rw1r_32x256_8)
    port dout1[10] of cell icache_tag_ram (sky130_sram_1kbyte_1rw1r_32x256_8)
Warning: multiple conflicting drivers for lab1.\data_dout1[9]:
    port dout1[9] of cell dcache_data_ram_1 (sky130_sram_1kbyte_1rw1r_32x256_8)
    port dout1[9] of cell dcache_data_ram_2 (sky130_sram_1kbyte_1rw1r_32x256_8)
    port dout1[9] of cell dcache_tag_ram (sky130_sram_1kbyte_1rw1r_32x256_8)
    port dout1[9] of cell icache_data_ram (sky130_sram_1kbyte_1rw1r_32x256_8)
    port dout1[9] of cell icache_tag_ram (sky130_sram_1kbyte_1rw1r_32x256_8)
Warning: multiple conflicting drivers for lab1.\data_dout1[8]:
    port dout1[8] of cell dcache_data_ram_1 (sky130_sram_1kbyte_1rw1r_32x256_8)
    port dout1[8] of cell dcache_data_ram_2 (sky130_sram_1kbyte_1rw1r_32x256_8)
    port dout1[8] of cell dcache_tag_ram (sky130_sram_1kbyte_1rw1r_32x256_8)
    port dout1[8] of cell icache_data_ram (sky130_sram_1kbyte_1rw1r_32x256_8)
    port dout1[8] of cell icache_tag_ram (sky130_sram_1kbyte_1rw1r_32x256_8)
Warning: multiple conflicting drivers for lab1.\data_dout1[7]:
    port dout1[7] of cell dcache_data_ram_1 (sky130_sram_1kbyte_1rw1r_32x256_8)
    port dout1[7] of cell dcache_data_ram_2 (sky130_sram_1kbyte_1rw1r_32x256_8)
    port dout1[7] of cell dcache_tag_ram (sky130_sram_1kbyte_1rw1r_32x256_8)
    port dout1[7] of cell icache_data_ram (sky130_sram_1kbyte_1rw1r_32x256_8)
    port dout1[7] of cell icache_tag_ram (sky130_sram_1kbyte_1rw1r_32x256_8)
Warning: multiple conflicting drivers for lab1.\data_dout1[6]:
    port dout1[6] of cell dcache_data_ram_1 (sky130_sram_1kbyte_1rw1r_32x256_8)
    port dout1[6] of cell dcache_data_ram_2 (sky130_sram_1kbyte_1rw1r_32x256_8)
    port dout1[6] of cell dcache_tag_ram (sky130_sram_1kbyte_1rw1r_32x256_8)
    port dout1[6] of cell icache_data_ram (sky130_sram_1kbyte_1rw1r_32x256_8)
    port dout1[6] of cell icache_tag_ram (sky130_sram_1kbyte_1rw1r_32x256_8)
Warning: multiple conflicting drivers for lab1.\data_dout1[5]:
    port dout1[5] of cell dcache_data_ram_1 (sky130_sram_1kbyte_1rw1r_32x256_8)
    port dout1[5] of cell dcache_data_ram_2 (sky130_sram_1kbyte_1rw1r_32x256_8)
    port dout1[5] of cell dcache_tag_ram (sky130_sram_1kbyte_1rw1r_32x256_8)
    port dout1[5] of cell icache_data_ram (sky130_sram_1kbyte_1rw1r_32x256_8)
    port dout1[5] of cell icache_tag_ram (sky130_sram_1kbyte_1rw1r_32x256_8)
Warning: multiple conflicting drivers for lab1.\data_dout1[4]:
    port dout1[4] of cell dcache_data_ram_1 (sky130_sram_1kbyte_1rw1r_32x256_8)
    port dout1[4] of cell dcache_data_ram_2 (sky130_sram_1kbyte_1rw1r_32x256_8)
    port dout1[4] of cell dcache_tag_ram (sky130_sram_1kbyte_1rw1r_32x256_8)
    port dout1[4] of cell icache_data_ram (sky130_sram_1kbyte_1rw1r_32x256_8)
    port dout1[4] of cell icache_tag_ram (sky130_sram_1kbyte_1rw1r_32x256_8)
Warning: multiple conflicting drivers for lab1.\data_dout1[3]:
    port dout1[3] of cell dcache_data_ram_1 (sky130_sram_1kbyte_1rw1r_32x256_8)
    port dout1[3] of cell dcache_data_ram_2 (sky130_sram_1kbyte_1rw1r_32x256_8)
    port dout1[3] of cell dcache_tag_ram (sky130_sram_1kbyte_1rw1r_32x256_8)
    port dout1[3] of cell icache_data_ram (sky130_sram_1kbyte_1rw1r_32x256_8)
    port dout1[3] of cell icache_tag_ram (sky130_sram_1kbyte_1rw1r_32x256_8)
Warning: multiple conflicting drivers for lab1.\data_dout1[2]:
    port dout1[2] of cell dcache_data_ram_1 (sky130_sram_1kbyte_1rw1r_32x256_8)
    port dout1[2] of cell dcache_data_ram_2 (sky130_sram_1kbyte_1rw1r_32x256_8)
    port dout1[2] of cell dcache_tag_ram (sky130_sram_1kbyte_1rw1r_32x256_8)
    port dout1[2] of cell icache_data_ram (sky130_sram_1kbyte_1rw1r_32x256_8)
    port dout1[2] of cell icache_tag_ram (sky130_sram_1kbyte_1rw1r_32x256_8)
Warning: multiple conflicting drivers for lab1.\data_dout1[1]:
    port dout1[1] of cell dcache_data_ram_1 (sky130_sram_1kbyte_1rw1r_32x256_8)
    port dout1[1] of cell dcache_data_ram_2 (sky130_sram_1kbyte_1rw1r_32x256_8)
    port dout1[1] of cell dcache_tag_ram (sky130_sram_1kbyte_1rw1r_32x256_8)
    port dout1[1] of cell icache_data_ram (sky130_sram_1kbyte_1rw1r_32x256_8)
    port dout1[1] of cell icache_tag_ram (sky130_sram_1kbyte_1rw1r_32x256_8)
Warning: multiple conflicting drivers for lab1.\data_dout1[0]:
    port dout1[0] of cell dcache_data_ram_1 (sky130_sram_1kbyte_1rw1r_32x256_8)
    port dout1[0] of cell dcache_data_ram_2 (sky130_sram_1kbyte_1rw1r_32x256_8)
    port dout1[0] of cell dcache_tag_ram (sky130_sram_1kbyte_1rw1r_32x256_8)
    port dout1[0] of cell icache_data_ram (sky130_sram_1kbyte_1rw1r_32x256_8)
    port dout1[0] of cell icache_tag_ram (sky130_sram_1kbyte_1rw1r_32x256_8)
Warning: Wire lab1.\m3_wbd_we_o is used but has no driver.
Warning: Wire lab1.\m3_wbd_stb_o is used but has no driver.
Warning: Wire lab1.\m3_wbd_sel_o [3] is used but has no driver.
Warning: Wire lab1.\m3_wbd_sel_o [2] is used but has no driver.
Warning: Wire lab1.\m3_wbd_sel_o [1] is used but has no driver.
Warning: Wire lab1.\m3_wbd_sel_o [0] is used but has no driver.
Warning: Wire lab1.\m3_wbd_cyc_o is used but has no driver.
Warning: Wire lab1.\m3_wbd_bry_o is used but has no driver.
Warning: Wire lab1.\m3_wbd_bl_o [9] is used but has no driver.
Warning: Wire lab1.\m3_wbd_bl_o [8] is used but has no driver.
Warning: Wire lab1.\m3_wbd_bl_o [7] is used but has no driver.
Warning: Wire lab1.\m3_wbd_bl_o [6] is used but has no driver.
Warning: Wire lab1.\m3_wbd_bl_o [5] is used but has no driver.
Warning: Wire lab1.\m3_wbd_bl_o [4] is used but has no driver.
Warning: Wire lab1.\m3_wbd_bl_o [3] is used but has no driver.
Warning: Wire lab1.\m3_wbd_bl_o [2] is used but has no driver.
Warning: Wire lab1.\m3_wbd_bl_o [1] is used but has no driver.
Warning: Wire lab1.\m3_wbd_bl_o [0] is used but has no driver.
Warning: Wire lab1.\m3_wbd_adr_o [31] is used but has no driver.
Warning: Wire lab1.\m3_wbd_adr_o [30] is used but has no driver.
Warning: Wire lab1.\m3_wbd_adr_o [29] is used but has no driver.
Warning: Wire lab1.\m3_wbd_adr_o [28] is used but has no driver.
Warning: Wire lab1.\m3_wbd_adr_o [27] is used but has no driver.
Warning: Wire lab1.\m3_wbd_adr_o [26] is used but has no driver.
Warning: Wire lab1.\m3_wbd_adr_o [25] is used but has no driver.
Warning: Wire lab1.\m3_wbd_adr_o [24] is used but has no driver.
Warning: Wire lab1.\m3_wbd_adr_o [23] is used but has no driver.
Warning: Wire lab1.\m3_wbd_adr_o [22] is used but has no driver.
Warning: Wire lab1.\m3_wbd_adr_o [21] is used but has no driver.
Warning: Wire lab1.\m3_wbd_adr_o [20] is used but has no driver.
Warning: Wire lab1.\m3_wbd_adr_o [19] is used but has no driver.
Warning: Wire lab1.\m3_wbd_adr_o [18] is used but has no driver.
Warning: Wire lab1.\m3_wbd_adr_o [17] is used but has no driver.
Warning: Wire lab1.\m3_wbd_adr_o [16] is used but has no driver.
Warning: Wire lab1.\m3_wbd_adr_o [15] is used but has no driver.
Warning: Wire lab1.\m3_wbd_adr_o [14] is used but has no driver.
Warning: Wire lab1.\m3_wbd_adr_o [13] is used but has no driver.
Warning: Wire lab1.\m3_wbd_adr_o [12] is used but has no driver.
Warning: Wire lab1.\m3_wbd_adr_o [11] is used but has no driver.
Warning: Wire lab1.\m3_wbd_adr_o [10] is used but has no driver.
Warning: Wire lab1.\m3_wbd_adr_o [9] is used but has no driver.
Warning: Wire lab1.\m3_wbd_adr_o [8] is used but has no driver.
Warning: Wire lab1.\m3_wbd_adr_o [7] is used but has no driver.
Warning: Wire lab1.\m3_wbd_adr_o [6] is used but has no driver.
Warning: Wire lab1.\m3_wbd_adr_o [5] is used but has no driver.
Warning: Wire lab1.\m3_wbd_adr_o [4] is used but has no driver.
Warning: Wire lab1.\m3_wbd_adr_o [3] is used but has no driver.
Warning: Wire lab1.\m3_wbd_adr_o [2] is used but has no driver.
Warning: Wire lab1.\m3_wbd_adr_o [1] is used but has no driver.
Warning: Wire lab1.\m3_wbd_adr_o [0] is used but has no driver.
Warning: Wire lab1.\m2_wbd_we_o is used but has no driver.
Warning: Wire lab1.\m2_wbd_stb_o is used but has no driver.
Warning: Wire lab1.\m2_wbd_sel_o [3] is used but has no driver.
Warning: Wire lab1.\m2_wbd_sel_o [2] is used but has no driver.
Warning: Wire lab1.\m2_wbd_sel_o [1] is used but has no driver.
Warning: Wire lab1.\m2_wbd_sel_o [0] is used but has no driver.
Warning: Wire lab1.\m2_wbd_dat_o [31] is used but has no driver.
Warning: Wire lab1.\m2_wbd_dat_o [30] is used but has no driver.
Warning: Wire lab1.\m2_wbd_dat_o [29] is used but has no driver.
Warning: Wire lab1.\m2_wbd_dat_o [28] is used but has no driver.
Warning: Wire lab1.\m2_wbd_dat_o [27] is used but has no driver.
Warning: Wire lab1.\m2_wbd_dat_o [26] is used but has no driver.
Warning: Wire lab1.\m2_wbd_dat_o [25] is used but has no driver.
Warning: Wire lab1.\m2_wbd_dat_o [24] is used but has no driver.
Warning: Wire lab1.\m2_wbd_dat_o [23] is used but has no driver.
Warning: Wire lab1.\m2_wbd_dat_o [22] is used but has no driver.
Warning: Wire lab1.\m2_wbd_dat_o [21] is used but has no driver.
Warning: Wire lab1.\m2_wbd_dat_o [20] is used but has no driver.
Warning: Wire lab1.\m2_wbd_dat_o [19] is used but has no driver.
Warning: Wire lab1.\m2_wbd_dat_o [18] is used but has no driver.
Warning: Wire lab1.\m2_wbd_dat_o [17] is used but has no driver.
Warning: Wire lab1.\m2_wbd_dat_o [16] is used but has no driver.
Warning: Wire lab1.\m2_wbd_dat_o [15] is used but has no driver.
Warning: Wire lab1.\m2_wbd_dat_o [14] is used but has no driver.
Warning: Wire lab1.\m2_wbd_dat_o [13] is used but has no driver.
Warning: Wire lab1.\m2_wbd_dat_o [12] is used but has no driver.
Warning: Wire lab1.\m2_wbd_dat_o [11] is used but has no driver.
Warning: Wire lab1.\m2_wbd_dat_o [10] is used but has no driver.
Warning: Wire lab1.\m2_wbd_dat_o [9] is used but has no driver.
Warning: Wire lab1.\m2_wbd_dat_o [8] is used but has no driver.
Warning: Wire lab1.\m2_wbd_dat_o [7] is used but has no driver.
Warning: Wire lab1.\m2_wbd_dat_o [6] is used but has no driver.
Warning: Wire lab1.\m2_wbd_dat_o [5] is used but has no driver.
Warning: Wire lab1.\m2_wbd_dat_o [4] is used but has no driver.
Warning: Wire lab1.\m2_wbd_dat_o [3] is used but has no driver.
Warning: Wire lab1.\m2_wbd_dat_o [2] is used but has no driver.
Warning: Wire lab1.\m2_wbd_dat_o [1] is used but has no driver.
Warning: Wire lab1.\m2_wbd_dat_o [0] is used but has no driver.
Warning: Wire lab1.\m2_wbd_cyc_o is used but has no driver.
Warning: Wire lab1.\m2_wbd_bry_o is used but has no driver.
Warning: Wire lab1.\m2_wbd_bl_o [9] is used but has no driver.
Warning: Wire lab1.\m2_wbd_bl_o [8] is used but has no driver.
Warning: Wire lab1.\m2_wbd_bl_o [7] is used but has no driver.
Warning: Wire lab1.\m2_wbd_bl_o [6] is used but has no driver.
Warning: Wire lab1.\m2_wbd_bl_o [5] is used but has no driver.
Warning: Wire lab1.\m2_wbd_bl_o [4] is used but has no driver.
Warning: Wire lab1.\m2_wbd_bl_o [3] is used but has no driver.
Warning: Wire lab1.\m2_wbd_bl_o [2] is used but has no driver.
Warning: Wire lab1.\m2_wbd_bl_o [1] is used but has no driver.
Warning: Wire lab1.\m2_wbd_bl_o [0] is used but has no driver.
Warning: Wire lab1.\m2_wbd_adr_o [31] is used but has no driver.
Warning: Wire lab1.\m2_wbd_adr_o [30] is used but has no driver.
Warning: Wire lab1.\m2_wbd_adr_o [29] is used but has no driver.
Warning: Wire lab1.\m2_wbd_adr_o [28] is used but has no driver.
Warning: Wire lab1.\m2_wbd_adr_o [27] is used but has no driver.
Warning: Wire lab1.\m2_wbd_adr_o [26] is used but has no driver.
Warning: Wire lab1.\m2_wbd_adr_o [25] is used but has no driver.
Warning: Wire lab1.\m2_wbd_adr_o [24] is used but has no driver.
Warning: Wire lab1.\m2_wbd_adr_o [23] is used but has no driver.
Warning: Wire lab1.\m2_wbd_adr_o [22] is used but has no driver.
Warning: Wire lab1.\m2_wbd_adr_o [21] is used but has no driver.
Warning: Wire lab1.\m2_wbd_adr_o [20] is used but has no driver.
Warning: Wire lab1.\m2_wbd_adr_o [19] is used but has no driver.
Warning: Wire lab1.\m2_wbd_adr_o [18] is used but has no driver.
Warning: Wire lab1.\m2_wbd_adr_o [17] is used but has no driver.
Warning: Wire lab1.\m2_wbd_adr_o [16] is used but has no driver.
Warning: Wire lab1.\m2_wbd_adr_o [15] is used but has no driver.
Warning: Wire lab1.\m2_wbd_adr_o [14] is used but has no driver.
Warning: Wire lab1.\m2_wbd_adr_o [13] is used but has no driver.
Warning: Wire lab1.\m2_wbd_adr_o [12] is used but has no driver.
Warning: Wire lab1.\m2_wbd_adr_o [11] is used but has no driver.
Warning: Wire lab1.\m2_wbd_adr_o [10] is used but has no driver.
Warning: Wire lab1.\m2_wbd_adr_o [9] is used but has no driver.
Warning: Wire lab1.\m2_wbd_adr_o [8] is used but has no driver.
Warning: Wire lab1.\m2_wbd_adr_o [7] is used but has no driver.
Warning: Wire lab1.\m2_wbd_adr_o [6] is used but has no driver.
Warning: Wire lab1.\m2_wbd_adr_o [5] is used but has no driver.
Warning: Wire lab1.\m2_wbd_adr_o [4] is used but has no driver.
Warning: Wire lab1.\m2_wbd_adr_o [3] is used but has no driver.
Warning: Wire lab1.\m2_wbd_adr_o [2] is used but has no driver.
Warning: Wire lab1.\m2_wbd_adr_o [1] is used but has no driver.
Warning: Wire lab1.\m2_wbd_adr_o [0] is used but has no driver.
Warning: Wire lab1.\l1icache_u.tag_data_in[21] is used but has no driver.
Warning: Wire lab1.\l1icache_u.tag_data_in[20] is used but has no driver.
Warning: Wire lab1.\l1icache_u.tag_data_in[19] is used but has no driver.
Warning: Wire lab1.\l1icache_u.tag_data_in[18] is used but has no driver.
Warning: Wire lab1.\l1icache_u.tag_data_in[17] is used but has no driver.
Warning: Wire lab1.\l1icache_u.tag_data_in[16] is used but has no driver.
Warning: Wire lab1.\l1icache_u.tag_data_in[15] is used but has no driver.
Warning: Wire lab1.\l1icache_u.tag_data_in[14] is used but has no driver.
Warning: Wire lab1.\l1icache_u.tag_data_in[13] is used but has no driver.
Warning: Wire lab1.\l1icache_u.tag_data_in[12] is used but has no driver.
Warning: Wire lab1.\l1icache_u.tag_data_in[11] is used but has no driver.
Warning: Wire lab1.\l1icache_u.tag_data_in[10] is used but has no driver.
Warning: Wire lab1.\l1icache_u.tag_data_in[9] is used but has no driver.
Warning: Wire lab1.\l1icache_u.tag_data_in[8] is used but has no driver.
Warning: Wire lab1.\l1icache_u.tag_data_in[7] is used but has no driver.
Warning: Wire lab1.\l1icache_u.tag_data_in[6] is used but has no driver.
Warning: Wire lab1.\l1icache_u.tag_data_in[5] is used but has no driver.
Warning: Wire lab1.\l1icache_u.tag_data_in[4] is used but has no driver.
Warning: Wire lab1.\l1icache_u.tag_data_in[3] is used but has no driver.
Warning: Wire lab1.\l1icache_u.tag_data_in[2] is used but has no driver.
Warning: Wire lab1.\l1icache_u.tag_data_in[1] is used but has no driver.
Warning: Wire lab1.\l1icache_u.tag_data_in[0] is used but has no driver.
Warning: Wire lab1.$auto$hilomap.cc:39:hilomap_worker$198580 is used but has no driver.
Warning: Wire lab1.$auto$hilomap.cc:47:hilomap_worker$198578 is used but has no driver.
Warning: Wire lab1.$auto$hilomap.cc:47:hilomap_worker$198576 is used but has no driver.
Warning: Wire lab1.$auto$hilomap.cc:47:hilomap_worker$198574 is used but has no driver.
Warning: Wire lab1.$auto$hilomap.cc:47:hilomap_worker$198572 is used but has no driver.
Warning: Wire lab1.$auto$hilomap.cc:47:hilomap_worker$198570 is used but has no driver.
Warning: Wire lab1.$auto$hilomap.cc:47:hilomap_worker$198568 is used but has no driver.
Warning: Wire lab1.$auto$hilomap.cc:47:hilomap_worker$198566 is used but has no driver.
Warning: Wire lab1.$auto$hilomap.cc:47:hilomap_worker$198564 is used but has no driver.
Warning: Wire lab1.\l1icache_u.write_data_mask[0] is used but has no driver.
Warning: Wire lab1.\l1icache_u.data_write_en is used but has no driver.
Warning: Wire lab1.\l1icache_u.data_in[31] is used but has no driver.
Warning: Wire lab1.\l1icache_u.data_in[30] is used but has no driver.
Warning: Wire lab1.\l1icache_u.data_in[29] is used but has no driver.
Warning: Wire lab1.\l1icache_u.data_in[28] is used but has no driver.
Warning: Wire lab1.\l1icache_u.data_in[27] is used but has no driver.
Warning: Wire lab1.\l1icache_u.data_in[26] is used but has no driver.
Warning: Wire lab1.\l1icache_u.data_in[25] is used but has no driver.
Warning: Wire lab1.\l1icache_u.data_in[24] is used but has no driver.
Warning: Wire lab1.\l1icache_u.data_in[23] is used but has no driver.
Warning: Wire lab1.\l1icache_u.data_in[22] is used but has no driver.
Warning: Wire lab1.\l1icache_u.data_in[21] is used but has no driver.
Warning: Wire lab1.\l1icache_u.data_in[20] is used but has no driver.
Warning: Wire lab1.\l1icache_u.data_in[19] is used but has no driver.
Warning: Wire lab1.\l1icache_u.data_in[18] is used but has no driver.
Warning: Wire lab1.\l1icache_u.data_in[17] is used but has no driver.
Warning: Wire lab1.\l1icache_u.data_in[16] is used but has no driver.
Warning: Wire lab1.\l1icache_u.data_in[15] is used but has no driver.
Warning: Wire lab1.\l1icache_u.data_in[14] is used but has no driver.
Warning: Wire lab1.\l1icache_u.data_in[13] is used but has no driver.
Warning: Wire lab1.\l1icache_u.data_in[12] is used but has no driver.
Warning: Wire lab1.\l1icache_u.data_in[11] is used but has no driver.
Warning: Wire lab1.\l1icache_u.data_in[10] is used but has no driver.
Warning: Wire lab1.\l1icache_u.data_in[9] is used but has no driver.
Warning: Wire lab1.\l1icache_u.data_in[8] is used but has no driver.
Warning: Wire lab1.\l1icache_u.data_in[7] is used but has no driver.
Warning: Wire lab1.\l1icache_u.data_in[6] is used but has no driver.
Warning: Wire lab1.\l1icache_u.data_in[5] is used but has no driver.
Warning: Wire lab1.\l1icache_u.data_in[4] is used but has no driver.
Warning: Wire lab1.\l1icache_u.data_in[3] is used but has no driver.
Warning: Wire lab1.\l1icache_u.data_in[2] is used but has no driver.
Warning: Wire lab1.\l1icache_u.data_in[1] is used but has no driver.
Warning: Wire lab1.\l1icache_u.data_in[0] is used but has no driver.
Warning: Wire lab1.$auto$hilomap.cc:39:hilomap_worker$198562 is used but has no driver.
Warning: Wire lab1.\l1icache_u.data_chip_en is used but has no driver.
Warning: Wire lab1.$auto$hilomap.cc:47:hilomap_worker$198560 is used but has no driver.
Warning: Wire lab1.$auto$hilomap.cc:47:hilomap_worker$198558 is used but has no driver.
Warning: Wire lab1.$auto$hilomap.cc:47:hilomap_worker$198556 is used but has no driver.
Warning: Wire lab1.$auto$hilomap.cc:47:hilomap_worker$198554 is used but has no driver.
Warning: Wire lab1.$auto$hilomap.cc:47:hilomap_worker$198552 is used but has no driver.
Warning: Wire lab1.$auto$hilomap.cc:47:hilomap_worker$198550 is used but has no driver.
Warning: Wire lab1.$auto$hilomap.cc:47:hilomap_worker$198548 is used but has no driver.
Warning: Wire lab1.$auto$hilomap.cc:47:hilomap_worker$198546 is used but has no driver.
Warning: Wire lab1.\l1icache_u.data_index[7] is used but has no driver.
Warning: Wire lab1.\l1icache_u.data_index[6] is used but has no driver.
Warning: Wire lab1.\l1icache_u.data_index[5] is used but has no driver.
Warning: Wire lab1.\l1icache_u.data_index[4] is used but has no driver.
Warning: Wire lab1.\l1icache_u.data_index[3] is used but has no driver.
Warning: Wire lab1.\l1icache_u.data_index[2] is used but has no driver.
Warning: Wire lab1.\l1icache_u.data_index[1] is used but has no driver.
Warning: Wire lab1.\l1icache_u.data_index[0] is used but has no driver.
Warning: Wire lab1.\l1dcache_u.write_tag_mask[3] is used but has no driver.
Warning: Wire lab1.\l1dcache_u.write_tag_mask[0] is used but has no driver.
Warning: Wire lab1.\l1dcache_u.tag_data_in[31] is used but has no driver.
Warning: Wire lab1.\l1dcache_u.reset is used but has no driver.
Warning: Wire lab1.\l1dcache_u.tag_data_in[20] is used but has no driver.
Warning: Wire lab1.\l1dcache_u.tag_data_in[19] is used but has no driver.
Warning: Wire lab1.\l1dcache_u.tag_data_in[18] is used but has no driver.
Warning: Wire lab1.\l1dcache_u.tag_data_in[17] is used but has no driver.
Warning: Wire lab1.\l1dcache_u.tag_data_in[16] is used but has no driver.
Warning: Wire lab1.\l1dcache_u.tag_data_in[15] is used but has no driver.
Warning: Wire lab1.\l1dcache_u.tag_data_in[14] is used but has no driver.
Warning: Wire lab1.\l1dcache_u.tag_data_in[13] is used but has no driver.
Warning: Wire lab1.\l1dcache_u.tag_data_in[12] is used but has no driver.
Warning: Wire lab1.\l1dcache_u.tag_data_in[11] is used but has no driver.
Warning: Wire lab1.\l1dcache_u.tag_data_in[10] is used but has no driver.
Warning: Wire lab1.\l1dcache_u.tag_data_in[9] is used but has no driver.
Warning: Wire lab1.\l1dcache_u.tag_data_in[8] is used but has no driver.
Warning: Wire lab1.\l1dcache_u.tag_data_in[7] is used but has no driver.
Warning: Wire lab1.\l1dcache_u.tag_data_in[6] is used but has no driver.
Warning: Wire lab1.\l1dcache_u.tag_data_in[5] is used but has no driver.
Warning: Wire lab1.\l1dcache_u.tag_data_in[4] is used but has no driver.
Warning: Wire lab1.\l1dcache_u.tag_data_in[3] is used but has no driver.
Warning: Wire lab1.\l1dcache_u.tag_data_in[2] is used but has no driver.
Warning: Wire lab1.\l1dcache_u.tag_data_in[1] is used but has no driver.
Warning: Wire lab1.\l1dcache_u.tag_data_in[0] is used but has no driver.
Warning: Wire lab1.$auto$hilomap.cc:39:hilomap_worker$198544 is used but has no driver.
Warning: Wire lab1.$auto$hilomap.cc:47:hilomap_worker$198542 is used but has no driver.
Warning: Wire lab1.$auto$hilomap.cc:47:hilomap_worker$198540 is used but has no driver.
Warning: Wire lab1.$auto$hilomap.cc:47:hilomap_worker$198538 is used but has no driver.
Warning: Wire lab1.$auto$hilomap.cc:47:hilomap_worker$198536 is used but has no driver.
Warning: Wire lab1.$auto$hilomap.cc:47:hilomap_worker$198534 is used but has no driver.
Warning: Wire lab1.$auto$hilomap.cc:47:hilomap_worker$198532 is used but has no driver.
Warning: Wire lab1.$auto$hilomap.cc:47:hilomap_worker$198530 is used but has no driver.
Warning: Wire lab1.$auto$hilomap.cc:47:hilomap_worker$198528 is used but has no driver.
Warning: Wire lab1.\l1dcache_u.DATA_MASK.d[7] is used but has no driver.
Warning: Wire lab1.\l1dcache_u.DATA_MASK.d[6] is used but has no driver.
Warning: Wire lab1.\l1dcache_u.DATA_MASK.d[5] is used but has no driver.
Warning: Wire lab1.\l1dcache_u.DATA_MASK.d[4] is used but has no driver.
Warning: Wire lab1.\l1dcache_u.DATA_IN.d[63] is used but has no driver.
Warning: Wire lab1.\l1dcache_u.DATA_IN.d[62] is used but has no driver.
Warning: Wire lab1.\l1dcache_u.DATA_IN.d[61] is used but has no driver.
Warning: Wire lab1.\l1dcache_u.DATA_IN.d[60] is used but has no driver.
Warning: Wire lab1.\l1dcache_u.DATA_IN.d[59] is used but has no driver.
Warning: Wire lab1.\l1dcache_u.DATA_IN.d[58] is used but has no driver.
Warning: Wire lab1.\l1dcache_u.DATA_IN.d[57] is used but has no driver.
Warning: Wire lab1.\l1dcache_u.DATA_IN.d[56] is used but has no driver.
Warning: Wire lab1.\l1dcache_u.DATA_IN.d[55] is used but has no driver.
Warning: Wire lab1.\l1dcache_u.DATA_IN.d[54] is used but has no driver.
Warning: Wire lab1.\l1dcache_u.DATA_IN.d[53] is used but has no driver.
Warning: Wire lab1.\l1dcache_u.DATA_IN.d[52] is used but has no driver.
Warning: Wire lab1.\l1dcache_u.DATA_IN.d[51] is used but has no driver.
Warning: Wire lab1.\l1dcache_u.DATA_IN.d[50] is used but has no driver.
Warning: Wire lab1.\l1dcache_u.DATA_IN.d[49] is used but has no driver.
Warning: Wire lab1.\l1dcache_u.DATA_IN.d[48] is used but has no driver.
Warning: Wire lab1.\l1dcache_u.DATA_IN.d[47] is used but has no driver.
Warning: Wire lab1.\l1dcache_u.DATA_IN.d[46] is used but has no driver.
Warning: Wire lab1.\l1dcache_u.DATA_IN.d[45] is used but has no driver.
Warning: Wire lab1.\l1dcache_u.DATA_IN.d[44] is used but has no driver.
Warning: Wire lab1.\l1dcache_u.DATA_IN.d[43] is used but has no driver.
Warning: Wire lab1.\l1dcache_u.DATA_IN.d[42] is used but has no driver.
Warning: Wire lab1.\l1dcache_u.DATA_IN.d[41] is used but has no driver.
Warning: Wire lab1.\l1dcache_u.DATA_IN.d[40] is used but has no driver.
Warning: Wire lab1.\l1dcache_u.DATA_IN.d[39] is used but has no driver.
Warning: Wire lab1.\l1dcache_u.DATA_IN.d[38] is used but has no driver.
Warning: Wire lab1.\l1dcache_u.DATA_IN.d[37] is used but has no driver.
Warning: Wire lab1.\l1dcache_u.DATA_IN.d[36] is used but has no driver.
Warning: Wire lab1.\l1dcache_u.DATA_IN.d[35] is used but has no driver.
Warning: Wire lab1.\l1dcache_u.DATA_IN.d[34] is used but has no driver.
Warning: Wire lab1.\l1dcache_u.DATA_IN.d[33] is used but has no driver.
Warning: Wire lab1.\l1dcache_u.DATA_IN.d[32] is used but has no driver.
Warning: Wire lab1.$auto$hilomap.cc:39:hilomap_worker$198526 is used but has no driver.
Warning: Wire lab1.$auto$hilomap.cc:47:hilomap_worker$198524 is used but has no driver.
Warning: Wire lab1.$auto$hilomap.cc:47:hilomap_worker$198522 is used but has no driver.
Warning: Wire lab1.$auto$hilomap.cc:47:hilomap_worker$198520 is used but has no driver.
Warning: Wire lab1.$auto$hilomap.cc:47:hilomap_worker$198518 is used but has no driver.
Warning: Wire lab1.$auto$hilomap.cc:47:hilomap_worker$198516 is used but has no driver.
Warning: Wire lab1.$auto$hilomap.cc:47:hilomap_worker$198514 is used but has no driver.
Warning: Wire lab1.$auto$hilomap.cc:47:hilomap_worker$198512 is used but has no driver.
Warning: Wire lab1.$auto$hilomap.cc:47:hilomap_worker$198510 is used but has no driver.
Warning: Wire lab1.\l1dcache_u.DATA_MASK.d[3] is used but has no driver.
Warning: Wire lab1.\l1dcache_u.DATA_MASK.d[2] is used but has no driver.
Warning: Wire lab1.\l1dcache_u.DATA_MASK.d[1] is used but has no driver.
Warning: Wire lab1.\l1dcache_u.DATA_MASK.d[0] is used but has no driver.
Warning: Wire lab1.\l1dcache_u.DATA_WRITE_EN.d is used but has no driver.
Warning: Wire lab1.\l1dcache_u.DATA_IN.d[31] is used but has no driver.
Warning: Wire lab1.\l1dcache_u.DATA_IN.d[30] is used but has no driver.
Warning: Wire lab1.\l1dcache_u.DATA_IN.d[29] is used but has no driver.
Warning: Wire lab1.\l1dcache_u.DATA_IN.d[28] is used but has no driver.
Warning: Wire lab1.\l1dcache_u.DATA_IN.d[27] is used but has no driver.
Warning: Wire lab1.\l1dcache_u.DATA_IN.d[26] is used but has no driver.
Warning: Wire lab1.\l1dcache_u.DATA_IN.d[25] is used but has no driver.
Warning: Wire lab1.\l1dcache_u.DATA_IN.d[24] is used but has no driver.
Warning: Wire lab1.\l1dcache_u.DATA_IN.d[23] is used but has no driver.
Warning: Wire lab1.\l1dcache_u.DATA_IN.d[22] is used but has no driver.
Warning: Wire lab1.\l1dcache_u.DATA_IN.d[21] is used but has no driver.
Warning: Wire lab1.\l1dcache_u.DATA_IN.d[20] is used but has no driver.
Warning: Wire lab1.\l1dcache_u.DATA_IN.d[19] is used but has no driver.
Warning: Wire lab1.\l1dcache_u.DATA_IN.d[18] is used but has no driver.
Warning: Wire lab1.\l1dcache_u.DATA_IN.d[17] is used but has no driver.
Warning: Wire lab1.\l1dcache_u.DATA_IN.d[16] is used but has no driver.
Warning: Wire lab1.\l1dcache_u.DATA_IN.d[15] is used but has no driver.
Warning: Wire lab1.\l1dcache_u.DATA_IN.d[14] is used but has no driver.
Warning: Wire lab1.\l1dcache_u.DATA_IN.d[13] is used but has no driver.
Warning: Wire lab1.\l1dcache_u.DATA_IN.d[12] is used but has no driver.
Warning: Wire lab1.\l1dcache_u.DATA_IN.d[11] is used but has no driver.
Warning: Wire lab1.\l1dcache_u.DATA_IN.d[10] is used but has no driver.
Warning: Wire lab1.\l1dcache_u.DATA_IN.d[9] is used but has no driver.
Warning: Wire lab1.\l1dcache_u.DATA_IN.d[8] is used but has no driver.
Warning: Wire lab1.\l1dcache_u.DATA_IN.d[7] is used but has no driver.
Warning: Wire lab1.\l1dcache_u.DATA_IN.d[6] is used but has no driver.
Warning: Wire lab1.\l1dcache_u.DATA_IN.d[5] is used but has no driver.
Warning: Wire lab1.\l1dcache_u.DATA_IN.d[4] is used but has no driver.
Warning: Wire lab1.\l1dcache_u.DATA_IN.d[3] is used but has no driver.
Warning: Wire lab1.\l1dcache_u.DATA_IN.d[2] is used but has no driver.
Warning: Wire lab1.\l1dcache_u.DATA_IN.d[1] is used but has no driver.
Warning: Wire lab1.\l1dcache_u.DATA_IN.d[0] is used but has no driver.
Warning: Wire lab1.$auto$hilomap.cc:39:hilomap_worker$198508 is used but has no driver.
Warning: Wire lab1.\l1dcache_u.DATA_CHIP_EN.d is used but has no driver.
Warning: Wire lab1.$auto$hilomap.cc:47:hilomap_worker$198506 is used but has no driver.
Warning: Wire lab1.$auto$hilomap.cc:47:hilomap_worker$198504 is used but has no driver.
Warning: Wire lab1.$auto$hilomap.cc:47:hilomap_worker$198502 is used but has no driver.
Warning: Wire lab1.$auto$hilomap.cc:47:hilomap_worker$198500 is used but has no driver.
Warning: Wire lab1.$auto$hilomap.cc:47:hilomap_worker$198498 is used but has no driver.
Warning: Wire lab1.$auto$hilomap.cc:47:hilomap_worker$198496 is used but has no driver.
Warning: Wire lab1.$auto$hilomap.cc:47:hilomap_worker$198494 is used but has no driver.
Warning: Wire lab1.$auto$hilomap.cc:47:hilomap_worker$198492 is used but has no driver.
Warning: Wire lab1.\l1dcache_u.INDEX.d[7] is used but has no driver.
Warning: Wire lab1.\l1dcache_u.INDEX.d[6] is used but has no driver.
Warning: Wire lab1.\l1dcache_u.INDEX.d[5] is used but has no driver.
Warning: Wire lab1.\l1dcache_u.INDEX.d[4] is used but has no driver.
Warning: Wire lab1.\l1dcache_u.INDEX.d[3] is used but has no driver.
Warning: Wire lab1.\l1dcache_u.INDEX.d[2] is used but has no driver.
Warning: Wire lab1.\l1dcache_u.INDEX.d[1] is used but has no driver.
Warning: Wire lab1.\l1dcache_u.INDEX.d[0] is used but has no driver.
Found and reported 381 problems.
